e: file:///workspace/android/app/src/main/java/com/hydra/panel/ui/screens/ClientsScreen.kt:69:23 Type mismatch: inferred type is List<ClientPerson> but Int was expected
e: file:///workspace/android/app/src/main/java/com/hydra/panel/ui/screens/ClientsScreen.kt:70:53 Unresolved reference: id
e: file:///workspace/android/app/src/main/java/com/hydra/panel/ui/screens/ClientsScreen.kt:72:45 Unresolved reference: status
e: file:///workspace/android/app/src/main/java/com/hydra/panel/ui/screens/ClientsScreen.kt:75:40 Unresolved reference: displayName
e: file:///workspace/android/app/src/main/java/com/hydra/panel/ui/screens/ClientsScreen.kt:78:47 Unresolved reference: tgUsername
e: file:///workspace/android/app/src/main/java/com/hydra/panel/ui/screens/ClientsScreen.kt:78:80 Unresolved reference: tgUsername
e: file:///workspace/android/app/src/main/java/com/hydra/panel/ui/screens/ClientsScreen.kt:79:47 Unresolved reference: telegramId
e: file:///workspace/android/app/src/main/java/com/hydra/panel/ui/screens/ClientsScreen.kt:79:79 Unresolved reference: telegramId
e: file:///workspace/android/app/src/main/java/com/hydra/panel/ui/screens/ClientsScreen.kt:80:59 Unresolved reference: keysActive
e: file:///workspace/android/app/src/main/java/com/hydra/panel/ui/screens/ClientsScreen.kt:80:80 Unresolved reference: keysTotal
e: file:///workspace/android/app/src/main/java/com/hydra/panel/ui/screens/ClientsScreen.kt:85:35 Unresolved reference: status
e: file:///workspace/android/app/src/main/java/com/hydra/panel/ui/screens/ClientsScreen.kt:194:23 Type mismatch: inferred type is List<AccessKey> but Int was expected
e: file:///workspace/android/app/src/main/java/com/hydra/panel/ui/screens/ClientsScreen.kt:195:29 Type mismatch: inferred type is Int but AccessKey was expected
e: file:///workspace/android/app/src/main/java/com/hydra/panel/ui/screens/ClientsScreen.kt:196:76 Unresolved reference: keyId
e: file:///workspace/android/app/src/main/java/com/hydra/panel/ui/screens/ClientsScreen.kt:197:68 Unresolved reference: keyId
e: file:///workspace/android/app/src/main/java/com/hydra/panel/ui/screens/ClientsScreen.kt:198:70 Unresolved reference: keyId
e: file:///workspace/android/app/src/main/java/com/hydra/panel/ui/screens/ClientsScreen.kt:199:68 Unresolved reference: keyId
e: file:///workspace/android/app/src/main/java/com/hydra/panel/ui/screens/ClientsScreen.kt:202:81 Unresolved reference: keyId
e: file:///workspace/android/app/src/main/java/com/hydra/panel/ui/screens/ClientsScreen.kt:202:104 Unresolved reference: keyId
e: file:///workspace/android/app/src/main/java/com/hydra/panel/ui/screens/ClientsScreen.kt:209:23 Type mismatch: inferred type is List<DeviceRegistration> but Int was expected
e: file:///workspace/android/app/src/main/java/com/hydra/panel/ui/screens/ClientsScreen.kt:214:37 None of the following functions can be called with the arguments supplied: 
public fun Text(text: AnnotatedString, modifier: Modifier = ..., color: Color = ..., fontSize: TextUnit = ..., fontStyle: FontStyle? = ..., fontWeight: FontWeight? = ..., fontFamily: FontFamily? = ..., letterSpacing: TextUnit = ..., textDecoration: TextDecoration? = ..., textAlign: TextAlign? = ..., lineHeight: TextUnit = ..., overflow: TextOverflow = ..., softWrap: Boolean = ..., maxLines: Int = ..., minLines: Int = ..., inlineContent: Map<String, InlineTextContent> = ..., onTextLayout: (TextLayoutResult) -> Unit = ..., style: TextStyle = ...): Unit defined in androidx.compose.material3
public fun Text(text: String, modifier: Modifier = ..., color: Color = ..., fontSize: TextUnit = ..., fontStyle: FontStyle? = ..., fontWeight: FontWeight? = ..., fontFamily: FontFamily? = ..., letterSpacing: TextUnit = ..., textDecoration: TextDecoration? = ..., textAlign: TextAlign? = ..., lineHeight: TextUnit = ..., overflow: TextOverflow = ..., softWrap: Boolean = ..., maxLines: Int = ..., minLines: Int = ..., onTextLayout: ((TextLayoutResult) -> Unit)? = ..., style: TextStyle = ...): Unit defined in androidx.compose.material3
e: file:///workspace/android/app/src/main/java/com/hydra/panel/ui/screens/ClientsScreen.kt:214:44 Unresolved reference: deviceName
e: file:///workspace/android/app/src/main/java/com/hydra/panel/ui/screens/ClientsScreen.kt:214:60 Unresolved reference: deviceId
e: file:///workspace/android/app/src/main/java/com/hydra/panel/ui/screens/ClientsScreen.kt:215:51 Unresolved reference: keyId
e: file:///workspace/android/app/src/main/java/com/hydra/panel/ui/screens/ClientsScreen.kt:215:76 Unresolved reference: lastIp
e: file:///workspace/android/app/src/main/java/com/hydra/panel/ui/screens/ClientsScreen.kt:215:118 Unresolved reference: lastSeenAt
e: file:///workspace/android/app/src/main/java/com/hydra/panel/ui/screens/ClientsScreen.kt:219:70 Unresolved reference: keyId
e: file:///workspace/android/app/src/main/java/com/hydra/panel/ui/screens/ClientsScreen.kt:219:79 Unresolved reference: deviceId
e: file:///workspace/android/app/src/main/java/com/hydra/panel/ui/screens/ClientsScreen.kt:330:17 None of the following functions can be called with the arguments supplied: 
public fun OutlinedTextField(value: TextFieldValue, onValueChange: (TextFieldValue) -> Unit, modifier: Modifier = ..., enabled: Boolean = ..., readOnly: Boolean = ..., textStyle: TextStyle = ..., label: (() -> Unit)? = ..., placeholder: (() -> Unit)? = ..., leadingIcon: (() -> Unit)? = ..., trailingIcon: (() -> Unit)? = ..., prefix: (() -> Unit)? = ..., suffix: (() -> Unit)? = ..., supportingText: (() -> Unit)? = ..., isError: Boolean = ..., visualTransformation: VisualTransformation = ..., keyboardOptions: KeyboardOptions = ..., keyboardActions: KeyboardActions = ..., singleLine: Boolean = ..., maxLines: Int = ..., minLines: Int = ..., interactionSource: MutableInteractionSource = ..., shape: Shape = ..., colors: TextFieldColors = ...): Unit defined in androidx.compose.material3
public fun OutlinedTextField(value: String, onValueChange: (String) -> Unit, modifier: Modifier = ..., enabled: Boolean = ..., readOnly: Boolean = ..., textStyle: TextStyle = ..., label: (() -> Unit)? = ..., placeholder: (() -> Unit)? = ..., leadingIcon: (() -> Unit)? = ..., trailingIcon: (() -> Unit)? = ..., prefix: (() -> Unit)? = ..., suffix: (() -> Unit)? = ..., supportingText: (() -> Unit)? = ..., isError: Boolean = ..., visualTransformation: VisualTransformation = ..., keyboardOptions: KeyboardOptions = ..., keyboardActions: KeyboardActions = ..., singleLine: Boolean = ..., maxLines: Int = ..., minLines: Int = ..., interactionSource: MutableInteractionSource = ..., shape: Shape = ..., colors: TextFieldColors = ...): Unit defined in androidx.compose.material3
e: file:///workspace/android/app/src/main/java/com/hydra/panel/ui/screens/ClientsScreen.kt:330:46 Unresolved reference: it
e: file:///workspace/android/app/src/main/java/com/hydra/panel/ui/screens/ClientsScreen.kt:330:84 @Composable invocations can only happen from the context of a @Composable function
e: file:///workspace/android/app/src/main/java/com/hydra/panel/ui/screens/ClientsScreen.kt:333:17 None of the following functions can be called with the arguments supplied: 
public fun OutlinedTextField(value: TextFieldValue, onValueChange: (TextFieldValue) -> Unit, modifier: Modifier = ..., enabled: Boolean = ..., readOnly: Boolean = ..., textStyle: TextStyle = ..., label: (() -> Unit)? = ..., placeholder: (() -> Unit)? = ..., leadingIcon: (() -> Unit)? = ..., trailingIcon: (() -> Unit)? = ..., prefix: (() -> Unit)? = ..., suffix: (() -> Unit)? = ..., supportingText: (() -> Unit)? = ..., isError: Boolean = ..., visualTransformation: VisualTransformation = ..., keyboardOptions: KeyboardOptions = ..., keyboardActions: KeyboardActions = ..., singleLine: Boolean = ..., maxLines: Int = ..., minLines: Int = ..., interactionSource: MutableInteractionSource = ..., shape: Shape = ..., colors: TextFieldColors = ...): Unit defined in androidx.compose.material3
public fun OutlinedTextField(value: String, onValueChange: (String) -> Unit, modifier: Modifier = ..., enabled: Boolean = ..., readOnly: Boolean = ..., textStyle: TextStyle = ..., label: (() -> Unit)? = ..., placeholder: (() -> Unit)? = ..., leadingIcon: (() -> Unit)? = ..., trailingIcon: (() -> Unit)? = ..., prefix: (() -> Unit)? = ..., suffix: (() -> Unit)? = ..., supportingText: (() -> Unit)? = ..., isError: Boolean = ..., visualTransformation: VisualTransformation = ..., keyboardOptions: KeyboardOptions = ..., keyboardActions: KeyboardActions = ..., singleLine: Boolean = ..., maxLines: Int = ..., minLines: Int = ..., interactionSource: MutableInteractionSource = ..., shape: Shape = ..., colors: TextFieldColors = ...): Unit defined in androidx.compose.material3
e: file:///workspace/android/app/src/main/java/com/hydra/panel/ui/screens/ClientsScreen.kt:333:52 Unresolved reference: it
e: file:///workspace/android/app/src/main/java/com/hydra/panel/ui/screens/ClientsScreen.kt:333:68 @Composable invocations can only happen from the context of a @Composable function
e: file:///workspace/android/app/src/main/java/com/hydra/panel/ui/screens/ClientsScreen.kt:350:17 None of the following functions can be called with the arguments supplied: 
public fun OutlinedTextField(value: TextFieldValue, onValueChange: (TextFieldValue) -> Unit, modifier: Modifier = ..., enabled: Boolean = ..., readOnly: Boolean = ..., textStyle: TextStyle = ..., label: (() -> Unit)? = ..., placeholder: (() -> Unit)? = ..., leadingIcon: (() -> Unit)? = ..., trailingIcon: (() -> Unit)? = ..., prefix: (() -> Unit)? = ..., suffix: (() -> Unit)? = ..., supportingText: (() -> Unit)? = ..., isError: Boolean = ..., visualTransformation: VisualTransformation = ..., keyboardOptions: KeyboardOptions = ..., keyboardActions: KeyboardActions = ..., singleLine: Boolean = ..., maxLines: Int = ..., minLines: Int = ..., interactionSource: MutableInteractionSource = ..., shape: Shape = ..., colors: TextFieldColors = ...): Unit defined in androidx.compose.material3
public fun OutlinedTextField(value: String, onValueChange: (String) -> Unit, modifier: Modifier = ..., enabled: Boolean = ..., readOnly: Boolean = ..., textStyle: TextStyle = ..., label: (() -> Unit)? = ..., placeholder: (() -> Unit)? = ..., leadingIcon: (() -> Unit)? = ..., trailingIcon: (() -> Unit)? = ..., prefix: (() -> Unit)? = ..., suffix: (() -> Unit)? = ..., supportingText: (() -> Unit)? = ..., isError: Boolean = ..., visualTransformation: VisualTransformation = ..., keyboardOptions: KeyboardOptions = ..., keyboardActions: KeyboardActions = ..., singleLine: Boolean = ..., maxLines: Int = ..., minLines: Int = ..., interactionSource: MutableInteractionSource = ..., shape: Shape = ..., colors: TextFieldColors = ...): Unit defined in androidx.compose.material3
e: file:///workspace/android/app/src/main/java/com/hydra/panel/ui/screens/ClientsScreen.kt:350:50 Unresolved reference: it
e: file:///workspace/android/app/src/main/java/com/hydra/panel/ui/screens/ClientsScreen.kt:350:88 @Composable invocations can only happen from the context of a @Composable function
e: file:///workspace/android/app/src/main/java/com/hydra/panel/ui/screens/ClientsScreen.kt:352:17 None of the following functions can be called with the arguments supplied: 
public fun OutlinedTextField(value: TextFieldValue, onValueChange: (TextFieldValue) -> Unit, modifier: Modifier = ..., enabled: Boolean = ..., readOnly: Boolean = ..., textStyle: TextStyle = ..., label: (() -> Unit)? = ..., placeholder: (() -> Unit)? = ..., leadingIcon: (() -> Unit)? = ..., trailingIcon: (() -> Unit)? = ..., prefix: (() -> Unit)? = ..., suffix: (() -> Unit)? = ..., supportingText: (() -> Unit)? = ..., isError: Boolean = ..., visualTransformation: VisualTransformation = ..., keyboardOptions: KeyboardOptions = ..., keyboardActions: KeyboardActions = ..., singleLine: Boolean = ..., maxLines: Int = ..., minLines: Int = ..., interactionSource: MutableInteractionSource = ..., shape: Shape = ..., colors: TextFieldColors = ...): Unit defined in androidx.compose.material3
public fun OutlinedTextField(value: String, onValueChange: (String) -> Unit, modifier: Modifier = ..., enabled: Boolean = ..., readOnly: Boolean = ..., textStyle: TextStyle = ..., label: (() -> Unit)? = ..., placeholder: (() -> Unit)? = ..., leadingIcon: (() -> Unit)? = ..., trailingIcon: (() -> Unit)? = ..., prefix: (() -> Unit)? = ..., suffix: (() -> Unit)? = ..., supportingText: (() -> Unit)? = ..., isError: Boolean = ..., visualTransformation: VisualTransformation = ..., keyboardOptions: KeyboardOptions = ..., keyboardActions: KeyboardActions = ..., singleLine: Boolean = ..., maxLines: Int = ..., minLines: Int = ..., interactionSource: MutableInteractionSource = ..., shape: Shape = ..., colors: TextFieldColors = ...): Unit defined in androidx.compose.material3
e: file:///workspace/android/app/src/main/java/com/hydra/panel/ui/screens/ClientsScreen.kt:352:56 Unresolved reference: it
e: file:///workspace/android/app/src/main/java/com/hydra/panel/ui/screens/ClientsScreen.kt:352:94 @Composable invocations can only happen from the context of a @Composable function
e: file:///workspace/android/app/src/main/java/com/hydra/panel/ui/screens/DashboardScreen.kt:90:27 Type mismatch: inferred type is List<Server> but Int was expected
e: file:///workspace/android/app/src/main/java/com/hydra/panel/ui/screens/DashboardScreen.kt:91:57 Unresolved reference: id
e: file:///workspace/android/app/src/main/java/com/hydra/panel/ui/screens/DashboardScreen.kt:93:45 Unresolved reference: status
e: file:///workspace/android/app/src/main/java/com/hydra/panel/ui/screens/DashboardScreen.kt:96:44 Unresolved reference: id
e: file:///workspace/android/app/src/main/java/com/hydra/panel/ui/screens/DashboardScreen.kt:97:47 Unresolved reference: ip
e: file:///workspace/android/app/src/main/java/com/hydra/panel/ui/screens/DashboardScreen.kt:97:57 Unresolved reference: location
e: file:///workspace/android/app/src/main/java/com/hydra/panel/ui/screens/DashboardScreen.kt:97:81 Unresolved reference: city
e: file:///workspace/android/app/src/main/java/com/hydra/panel/ui/screens/DashboardScreen.kt:97:102 Unresolved reference: city
e: file:///workspace/android/app/src/main/java/com/hydra/panel/ui/screens/DashboardScreen.kt:100:44 Unresolved reference: agentInstalled
e: file:///workspace/android/app/src/main/java/com/hydra/panel/ui/screens/DevicesScreen.kt:98:23 Type mismatch: inferred type is List<DeviceRow> but Int was expected
e: file:///workspace/android/app/src/main/java/com/hydra/panel/ui/screens/DevicesScreen.kt:101:58 Unresolved reference: device
e: file:///workspace/android/app/src/main/java/com/hydra/panel/ui/screens/DevicesScreen.kt:104:37 None of the following functions can be called with the arguments supplied: 
public fun Text(text: AnnotatedString, modifier: Modifier = ..., color: Color = ..., fontSize: TextUnit = ..., fontStyle: FontStyle? = ..., fontWeight: FontWeight? = ..., fontFamily: FontFamily? = ..., letterSpacing: TextUnit = ..., textDecoration: TextDecoration? = ..., textAlign: TextAlign? = ..., lineHeight: TextUnit = ..., overflow: TextOverflow = ..., softWrap: Boolean = ..., maxLines: Int = ..., minLines: Int = ..., inlineContent: Map<String, InlineTextContent> = ..., onTextLayout: (TextLayoutResult) -> Unit = ..., style: TextStyle = ...): Unit defined in androidx.compose.material3
public fun Text(text: String, modifier: Modifier = ..., color: Color = ..., fontSize: TextUnit = ..., fontStyle: FontStyle? = ..., fontWeight: FontWeight? = ..., fontFamily: FontFamily? = ..., letterSpacing: TextUnit = ..., textDecoration: TextDecoration? = ..., textAlign: TextAlign? = ..., lineHeight: TextUnit = ..., overflow: TextOverflow = ..., softWrap: Boolean = ..., maxLines: Int = ..., minLines: Int = ..., onTextLayout: ((TextLayoutResult) -> Unit)? = ..., style: TextStyle = ...): Unit defined in androidx.compose.material3
e: file:///workspace/android/app/src/main/java/com/hydra/panel/ui/screens/DevicesScreen.kt:104:44 Unresolved reference: device
e: file:///workspace/android/app/src/main/java/com/hydra/panel/ui/screens/DevicesScreen.kt:104:67 Unresolved reference: device
e: file:///workspace/android/app/src/main/java/com/hydra/panel/ui/screens/DevicesScreen.kt:106:46 Unresolved reference: clientName
e: file:///workspace/android/app/src/main/java/com/hydra/panel/ui/screens/DevicesScreen.kt:106:75 Unresolved reference: keyId
e: file:///workspace/android/app/src/main/java/com/hydra/panel/ui/screens/DevicesScreen.kt:106:100 Unresolved reference: device
e: file:///workspace/android/app/src/main/java/com/hydra/panel/ui/screens/DevicesScreen.kt:106:149 Unresolved reference: device
e: file:///workspace/android/app/src/main/java/com/hydra/panel/ui/screens/DevicesScreen.kt:111:70 Unresolved reference: keyId
e: file:///workspace/android/app/src/main/java/com/hydra/panel/ui/screens/DevicesScreen.kt:111:79 Unresolved reference: device
e: file:///workspace/android/app/src/main/java/com/hydra/panel/ui/screens/KeysScreen.kt:62:17 Unresolved reference: items
e: file:///workspace/android/app/src/main/java/com/hydra/panel/ui/screens/KeysScreen.kt:62:44 Cannot infer a type for this parameter. Please specify it explicitly.
e: file:///workspace/android/app/src/main/java/com/hydra/panel/ui/screens/KeysScreen.kt:63:21 @Composable invocations can only happen from the context of a @Composable function
e: file:///workspace/android/app/src/main/java/com/hydra/panel/ui/screens/KeysScreen.kt:83:21 'fun items(count: Int, key: ((index: Int) -> Any)? = ..., contentType: (index: Int) -> Any? = ..., itemContent: LazyItemScope.(index: Int) -> Unit): Unit' can't be called in this context by implicit receiver. Use the explicit one if necessary
e: file:///workspace/android/app/src/main/java/com/hydra/panel/ui/screens/KeysScreen.kt:83:27 Type mismatch: inferred type is List<AccessKey> but Int was expected
e: file:///workspace/android/app/src/main/java/com/hydra/panel/ui/screens/KeysScreen.kt:84:49 Type mismatch: inferred type is Int but AccessKey was expected
e: file:///workspace/android/app/src/main/java/com/hydra/panel/ui/screens/KeysScreen.kt:88:53 Unresolved reference: revokedAt
e: file:///workspace/android/app/src/main/java/com/hydra/panel/ui/screens/KeysScreen.kt:91:48 Unresolved reference: clientName
e: file:///workspace/android/app/src/main/java/com/hydra/panel/ui/screens/KeysScreen.kt:91:81 Unresolved reference: keyId
e: file:///workspace/android/app/src/main/java/com/hydra/panel/ui/screens/KeysScreen.kt:93:55 Unresolved reference: keyId
e: file:///workspace/android/app/src/main/java/com/hydra/panel/ui/screens/KeysScreen.kt:93:98 Unresolved reference: expiresAt
e: file:///workspace/android/app/src/main/java/com/hydra/panel/ui/screens/KeysScreen.kt:93:122 Unresolved reference: deviceCount
e: file:///workspace/android/app/src/main/java/com/hydra/panel/ui/screens/KeysScreen.kt:93:144 Unresolved reference: maxDevices
e: file:///workspace/android/app/src/main/java/com/hydra/panel/ui/screens/KeysScreen.kt:99:94 Unresolved reference: keyId
e: file:///workspace/android/app/src/main/java/com/hydra/panel/ui/screens/KeysScreen.kt:100:43 Unresolved reference: revokedAt
e: file:///workspace/android/app/src/main/java/com/hydra/panel/ui/screens/KeysScreen.kt:101:102 Unresolved reference: keyId
e: file:///workspace/android/app/src/main/java/com/hydra/panel/ui/screens/KeysScreen.kt:103:110 Unresolved reference: keyId
e: file:///workspace/android/app/src/main/java/com/hydra/panel/ui/screens/KeysScreen.kt:107:93 Unresolved reference: keyId
e: file:///workspace/android/app/src/main/java/com/hydra/panel/ui/screens/KeysScreen.kt:107:113 Unresolved reference: keyId
e: file:///workspace/android/app/src/main/java/com/hydra/panel/ui/screens/LoginScreen.kt:96:74 @Composable invocations can only happen from the context of a @Composable function
e: file:///workspace/android/app/src/main/java/com/hydra/panel/ui/screens/LogsConfigsScreens.kt:192:21 Unresolved reference: items
e: file:///workspace/android/app/src/main/java/com/hydra/panel/ui/screens/LogsConfigsScreens.kt:192:51 Cannot infer a type for this parameter. Please specify it explicitly.
e: file:///workspace/android/app/src/main/java/com/hydra/panel/ui/screens/LogsConfigsScreens.kt:193:25 @Composable invocations can only happen from the context of a @Composable function
e: file:///workspace/android/app/src/main/java/com/hydra/panel/ui/screens/LogsConfigsScreens.kt:194:29 Overload resolution ambiguity: 
public fun Text(text: AnnotatedString, modifier: Modifier = ..., color: Color = ..., fontSize: TextUnit = ..., fontStyle: FontStyle? = ..., fontWeight: FontWeight? = ..., fontFamily: FontFamily? = ..., letterSpacing: TextUnit = ..., textDecoration: TextDecoration? = ..., textAlign: TextAlign? = ..., lineHeight: TextUnit = ..., overflow: TextOverflow = ..., softWrap: Boolean = ..., maxLines: Int = ..., minLines: Int = ..., inlineContent: Map<String, InlineTextContent> = ..., onTextLayout: (TextLayoutResult) -> Unit = ..., style: TextStyle = ...): Unit defined in androidx.compose.material3
public fun Text(text: String, modifier: Modifier = ..., color: Color = ..., fontSize: TextUnit = ..., fontStyle: FontStyle? = ..., fontWeight: FontWeight? = ..., fontFamily: FontFamily? = ..., letterSpacing: TextUnit = ..., textDecoration: TextDecoration? = ..., textAlign: TextAlign? = ..., lineHeight: TextUnit = ..., overflow: TextOverflow = ..., softWrap: Boolean = ..., maxLines: Int = ..., minLines: Int = ..., onTextLayout: ((TextLayoutResult) -> Unit)? = ..., style: TextStyle = ...): Unit defined in androidx.compose.material3
e: file:///workspace/android/app/src/main/java/com/hydra/panel/ui/screens/ReportsScreen.kt:93:2 Expecting '}'
e: file:///workspace/android/app/src/main/java/com/hydra/panel/ui/screens/ReportsScreen.kt:60:23 Type mismatch: inferred type is List<WeeklyReport> but Int was expected
e: file:///workspace/android/app/src/main/java/com/hydra/panel/ui/screens/ReportsScreen.kt:67:1 Modifier 'private' is not applicable to 'local function'
e: file:///workspace/android/app/src/main/java/com/hydra/panel/ui/screens/ServerDetailScreen.kt:103:27 Type mismatch: inferred type is List<ProtocolInstance> but Int was expected
e: file:///workspace/android/app/src/main/java/com/hydra/panel/ui/screens/ServerDetailScreen.kt:106:46 Unresolved reference: status
e: file:///workspace/android/app/src/main/java/com/hydra/panel/ui/screens/ServerDetailScreen.kt:109:45 Unresolved reference: protocol
e: file:///workspace/android/app/src/main/java/com/hydra/panel/ui/screens/ServerDetailScreen.kt:110:53 Unresolved reference: port
e: file:///workspace/android/app/src/main/java/com/hydra/panel/ui/screens/ServerDetailScreen.kt:110:79 Unresolved reference: maxConnections
e: file:///workspace/android/app/src/main/java/com/hydra/panel/ui/screens/ServerDetailScreen.kt:113:106 Unresolved reference: protocol
e: file:///workspace/android/app/src/main/java/com/hydra/panel/ui/screens/ServerDetailScreen.kt:122:27 Type mismatch: inferred type is List<AgentTokenInfo> but Int was expected
e: file:///workspace/android/app/src/main/java/com/hydra/panel/ui/screens/ServerDetailScreen.kt:125:55 Unresolved reference: tokenHashPrefix
e: file:///workspace/android/app/src/main/java/com/hydra/panel/ui/screens/ServerDetailScreen.kt:126:45 Unresolved reference: active
e: file:///workspace/android/app/src/main/java/com/hydra/panel/ui/screens/ServerDetailScreen.kt:126:92 Unresolved reference: expiresAt
e: file:///workspace/android/app/src/main/java/com/hydra/panel/ui/screens/ServerDetailScreen.kt:126:133 Unresolved reference: createdAt
e: file:///workspace/android/app/src/main/java/com/hydra/panel/ui/screens/ServerDetailScreen.kt:127:81 Unresolved reference: active
e: file:///workspace/android/app/src/main/java/com/hydra/panel/ui/screens/ServersScreen.kt:60:27 Type mismatch: inferred type is List<Alert> but Int was expected
e: file:///workspace/android/app/src/main/java/com/hydra/panel/ui/screens/ServersScreen.kt:63:44 Unresolved reference: serverId
e: file:///workspace/android/app/src/main/java/com/hydra/panel/ui/screens/ServersScreen.kt:63:60 Unresolved reference: level
e: file:///workspace/android/app/src/main/java/com/hydra/panel/ui/screens/ServersScreen.kt:64:41 Unresolved reference: message
e: file:///workspace/android/app/src/main/java/com/hydra/panel/ui/screens/ServersScreen.kt:73:23 Type mismatch: inferred type is List<Server> but Int was expected
e: file:///workspace/android/app/src/main/java/com/hydra/panel/ui/screens/ServersScreen.kt:74:57 Unresolved reference: id
e: file:///workspace/android/app/src/main/java/com/hydra/panel/ui/screens/ServersScreen.kt:77:49 Unresolved reference: status
e: file:///workspace/android/app/src/main/java/com/hydra/panel/ui/screens/ServersScreen.kt:80:48 Unresolved reference: id
e: file:///workspace/android/app/src/main/java/com/hydra/panel/ui/screens/ServersScreen.kt:81:51 Unresolved reference: ip
e: file:///workspace/android/app/src/main/java/com/hydra/panel/ui/screens/ServersScreen.kt:81:59 Unresolved reference: sshPort
e: file:///workspace/android/app/src/main/java/com/hydra/panel/ui/screens/ServersScreen.kt:81:80 Unresolved reference: location
e: file:///workspace/android/app/src/main/java/com/hydra/panel/ui/screens/ServersScreen.kt:84:82 Unresolved reference: id
e: file:///workspace/android/app/src/main/java/com/hydra/panel/ui/screens/ServersScreen.kt:86:45 Unresolved reference: id
e: file:///workspace/android/app/src/main/java/com/hydra/panel/ui/screens/ServersScreen.kt:133:17 None of the following functions can be called with the arguments supplied: 
public fun OutlinedTextField(value: TextFieldValue, onValueChange: (TextFieldValue) -> Unit, modifier: Modifier = ..., enabled: Boolean = ..., readOnly: Boolean = ..., textStyle: TextStyle = ..., label: (() -> Unit)? = ..., placeholder: (() -> Unit)? = ..., leadingIcon: (() -> Unit)? = ..., trailingIcon: (() -> Unit)? = ..., prefix: (() -> Unit)? = ..., suffix: (() -> Unit)? = ..., supportingText: (() -> Unit)? = ..., isError: Boolean = ..., visualTransformation: VisualTransformation = ..., keyboardOptions: KeyboardOptions = ..., keyboardActions: KeyboardActions = ..., singleLine: Boolean = ..., maxLines: Int = ..., minLines: Int = ..., interactionSource: MutableInteractionSource = ..., shape: Shape = ..., colors: TextFieldColors = ...): Unit defined in androidx.compose.material3
public fun OutlinedTextField(value: String, onValueChange: (String) -> Unit, modifier: Modifier = ..., enabled: Boolean = ..., readOnly: Boolean = ..., textStyle: TextStyle = ..., label: (() -> Unit)? = ..., placeholder: (() -> Unit)? = ..., leadingIcon: (() -> Unit)? = ..., trailingIcon: (() -> Unit)? = ..., prefix: (() -> Unit)? = ..., suffix: (() -> Unit)? = ..., supportingText: (() -> Unit)? = ..., isError: Boolean = ..., visualTransformation: VisualTransformation = ..., keyboardOptions: KeyboardOptions = ..., keyboardActions: KeyboardActions = ..., singleLine: Boolean = ..., maxLines: Int = ..., minLines: Int = ..., interactionSource: MutableInteractionSource = ..., shape: Shape = ..., colors: TextFieldColors = ...): Unit defined in androidx.compose.material3
e: file:///workspace/android/app/src/main/java/com/hydra/panel/ui/screens/ServersScreen.kt:133:46 Unresolved reference: it
e: file:///workspace/android/app/src/main/java/com/hydra/panel/ui/screens/ServersScreen.kt:133:62 @Composable invocations can only happen from the context of a @Composable function
e: file:///workspace/android/app/src/main/java/com/hydra/panel/ui/screens/ServersScreen.kt:139:48 None of the following functions can be called with the arguments supplied: 
public fun OutlinedTextField(value: TextFieldValue, onValueChange: (TextFieldValue) -> Unit, modifier: Modifier = ..., enabled: Boolean = ..., readOnly: Boolean = ..., textStyle: TextStyle = ..., label: (() -> Unit)? = ..., placeholder: (() -> Unit)? = ..., leadingIcon: (() -> Unit)? = ..., trailingIcon: (() -> Unit)? = ..., prefix: (() -> Unit)? = ..., suffix: (() -> Unit)? = ..., supportingText: (() -> Unit)? = ..., isError: Boolean = ..., visualTransformation: VisualTransformation = ..., keyboardOptions: KeyboardOptions = ..., keyboardActions: KeyboardActions = ..., singleLine: Boolean = ..., maxLines: Int = ..., minLines: Int = ..., interactionSource: MutableInteractionSource = ..., shape: Shape = ..., colors: TextFieldColors = ...): Unit defined in androidx.compose.material3
public fun OutlinedTextField(value: String, onValueChange: (String) -> Unit, modifier: Modifier = ..., enabled: Boolean = ..., readOnly: Boolean = ..., textStyle: TextStyle = ..., label: (() -> Unit)? = ..., placeholder: (() -> Unit)? = ..., leadingIcon: (() -> Unit)? = ..., trailingIcon: (() -> Unit)? = ..., prefix: (() -> Unit)? = ..., suffix: (() -> Unit)? = ..., supportingText: (() -> Unit)? = ..., isError: Boolean = ..., visualTransformation: VisualTransformation = ..., keyboardOptions: KeyboardOptions = ..., keyboardActions: KeyboardActions = ..., singleLine: Boolean = ..., maxLines: Int = ..., minLines: Int = ..., interactionSource: MutableInteractionSource = ..., shape: Shape = ..., colors: TextFieldColors = ...): Unit defined in androidx.compose.material3
e: file:///workspace/android/app/src/main/java/com/hydra/panel/ui/screens/ServersScreen.kt:139:77 Unresolved reference: it
e: file:///workspace/android/app/src/main/java/com/hydra/panel/ui/screens/ServersScreen.kt:139:115 @Composable invocations can only happen from the context of a @Composable function
e: file:///workspace/android/app/src/main/java/com/hydra/panel/ui/screens/ServersScreen.kt:140:48 None of the following functions can be called with the arguments supplied: 
public fun OutlinedTextField(value: TextFieldValue, onValueChange: (TextFieldValue) -> Unit, modifier: Modifier = ..., enabled: Boolean = ..., readOnly: Boolean = ..., textStyle: TextStyle = ..., label: (() -> Unit)? = ..., placeholder: (() -> Unit)? = ..., leadingIcon: (() -> Unit)? = ..., trailingIcon: (() -> Unit)? = ..., prefix: (() -> Unit)? = ..., suffix: (() -> Unit)? = ..., supportingText: (() -> Unit)? = ..., isError: Boolean = ..., visualTransformation: VisualTransformation = ..., keyboardOptions: KeyboardOptions = ..., keyboardActions: KeyboardActions = ..., singleLine: Boolean = ..., maxLines: Int = ..., minLines: Int = ..., interactionSource: MutableInteractionSource = ..., shape: Shape = ..., colors: TextFieldColors = ...): Unit defined in androidx.compose.material3
public fun OutlinedTextField(value: String, onValueChange: (String) -> Unit, modifier: Modifier = ..., enabled: Boolean = ..., readOnly: Boolean = ..., textStyle: TextStyle = ..., label: (() -> Unit)? = ..., placeholder: (() -> Unit)? = ..., leadingIcon: (() -> Unit)? = ..., trailingIcon: (() -> Unit)? = ..., prefix: (() -> Unit)? = ..., suffix: (() -> Unit)? = ..., supportingText: (() -> Unit)? = ..., isError: Boolean = ..., visualTransformation: VisualTransformation = ..., keyboardOptions: KeyboardOptions = ..., keyboardActions: KeyboardActions = ..., singleLine: Boolean = ..., maxLines: Int = ..., minLines: Int = ..., interactionSource: MutableInteractionSource = ..., shape: Shape = ..., colors: TextFieldColors = ...): Unit defined in androidx.compose.material3
e: file:///workspace/android/app/src/main/java/com/hydra/panel/ui/screens/ServersScreen.kt:140:81 Unresolved reference: it
e: file:///workspace/android/app/src/main/java/com/hydra/panel/ui/screens/ServersScreen.kt:140:119 @Composable invocations can only happen from the context of a @Composable function
e: file:///workspace/android/app/src/main/java/com/hydra/panel/ui/screens/ServersScreen.kt:142:17 None of the following functions can be called with the arguments supplied: 
public fun OutlinedTextField(value: TextFieldValue, onValueChange: (TextFieldValue) -> Unit, modifier: Modifier = ..., enabled: Boolean = ..., readOnly: Boolean = ..., textStyle: TextStyle = ..., label: (() -> Unit)? = ..., placeholder: (() -> Unit)? = ..., leadingIcon: (() -> Unit)? = ..., trailingIcon: (() -> Unit)? = ..., prefix: (() -> Unit)? = ..., suffix: (() -> Unit)? = ..., supportingText: (() -> Unit)? = ..., isError: Boolean = ..., visualTransformation: VisualTransformation = ..., keyboardOptions: KeyboardOptions = ..., keyboardActions: KeyboardActions = ..., singleLine: Boolean = ..., maxLines: Int = ..., minLines: Int = ..., interactionSource: MutableInteractionSource = ..., shape: Shape = ..., colors: TextFieldColors = ...): Unit defined in androidx.compose.material3
public fun OutlinedTextField(value: String, onValueChange: (String) -> Unit, modifier: Modifier = ..., enabled: Boolean = ..., readOnly: Boolean = ..., textStyle: TextStyle = ..., label: (() -> Unit)? = ..., placeholder: (() -> Unit)? = ..., leadingIcon: (() -> Unit)? = ..., trailingIcon: (() -> Unit)? = ..., prefix: (() -> Unit)? = ..., suffix: (() -> Unit)? = ..., supportingText: (() -> Unit)? = ..., isError: Boolean = ..., visualTransformation: VisualTransformation = ..., keyboardOptions: KeyboardOptions = ..., keyboardActions: KeyboardActions = ..., singleLine: Boolean = ..., maxLines: Int = ..., minLines: Int = ..., interactionSource: MutableInteractionSource = ..., shape: Shape = ..., colors: TextFieldColors = ...): Unit defined in androidx.compose.material3
e: file:///workspace/android/app/src/main/java/com/hydra/panel/ui/screens/ServersScreen.kt:142:50 Unresolved reference: it
e: file:///workspace/android/app/src/main/java/com/hydra/panel/ui/screens/ServersScreen.kt:142:66 @Composable invocations can only happen from the context of a @Composable function
e: file:///workspace/android/app/src/main/java/com/hydra/panel/ui/screens/SettingsScreen.kt:285:2 Expecting '}'
e: file:///workspace/android/app/src/main/java/com/hydra/panel/ui/screens/SettingsScreen.kt:49:22 Unresolved reference: GithubTab
e: file:///workspace/android/app/src/main/java/com/hydra/panel/ui/screens/SettingsScreen.kt:50:25 Unresolved reference: SessionsTab
e: file:///workspace/android/app/src/main/java/com/hydra/panel/ui/screens/SettingsScreen.kt:74:13 None of the following functions can be called with the arguments supplied: 
public fun Text(text: AnnotatedString, modifier: Modifier = ..., color: Color = ..., fontSize: TextUnit = ..., fontStyle: FontStyle? = ..., fontWeight: FontWeight? = ..., fontFamily: FontFamily? = ..., letterSpacing: TextUnit = ..., textDecoration: TextDecoration? = ..., textAlign: TextAlign? = ..., lineHeight: TextUnit = ..., overflow: TextOverflow = ..., softWrap: Boolean = ..., maxLines: Int = ..., minLines: Int = ..., inlineContent: Map<String, InlineTextContent> = ..., onTextLayout: (TextLayoutResult) -> Unit = ..., style: TextStyle = ...): Unit defined in androidx.compose.material3
public fun Text(text: String, modifier: Modifier = ..., color: Color = ..., fontSize: TextUnit = ..., fontStyle: FontStyle? = ..., fontWeight: FontWeight? = ..., fontFamily: FontFamily? = ..., letterSpacing: TextUnit = ..., textDecoration: TextDecoration? = ..., textAlign: TextAlign? = ..., lineHeight: TextUnit = ..., overflow: TextOverflow = ..., softWrap: Boolean = ..., maxLines: Int = ..., minLines: Int = ..., onTextLayout: ((TextLayoutResult) -> Unit)? = ..., style: TextStyle = ...): Unit defined in androidx.compose.material3
e: file:///workspace/android/app/src/main/java/com/hydra/panel/ui/screens/SettingsScreen.kt:128:19 Type mismatch: inferred type is List<BackupInfo> but Int was expected
e: file:///workspace/android/app/src/main/java/com/hydra/panel/ui/screens/SettingsScreen.kt:132:36 Unresolved reference: name
e: file:///workspace/android/app/src/main/java/com/hydra/panel/ui/screens/SettingsScreen.kt:133:52 Unresolved reference: sizeKb
e: file:///workspace/android/app/src/main/java/com/hydra/panel/ui/screens/SettingsScreen.kt:133:67 Unresolved reference: mtime
e: file:///workspace/android/app/src/main/java/com/hydra/panel/ui/screens/SettingsScreen.kt:133:91 Unresolved reference: auto
e: file:///workspace/android/app/src/main/java/com/hydra/panel/ui/screens/SettingsScreen.kt:139:71 Unresolved reference: name
e: file:///workspace/android/app/src/main/java/com/hydra/panel/ui/screens/SettingsScreen.kt:141:57 Unresolved reference: name
e: file:///workspace/android/app/src/main/java/com/hydra/panel/ui/screens/SettingsScreen.kt:147:68 Unresolved reference: name
e: file:///workspace/android/app/src/main/java/com/hydra/panel/ui/screens/SettingsScreen.kt:165:1 Modifier 'private' is not applicable to 'local function'
e: file:///workspace/android/app/src/main/java/com/hydra/panel/ui/screens/SettingsScreen.kt:234:1 Modifier 'private' is not applicable to 'local function'
e: file:///workspace/android/app/src/main/java/com/hydra/panel/ui/screens/SettingsScreen.kt:249:13 None of the following functions can be called with the arguments supplied: 
public fun Text(text: AnnotatedString, modifier: Modifier = ..., color: Color = ..., fontSize: TextUnit = ..., fontStyle: FontStyle? = ..., fontWeight: FontWeight? = ..., fontFamily: FontFamily? = ..., letterSpacing: TextUnit = ..., textDecoration: TextDecoration? = ..., textAlign: TextAlign? = ..., lineHeight: TextUnit = ..., overflow: TextOverflow = ..., softWrap: Boolean = ..., maxLines: Int = ..., minLines: Int = ..., inlineContent: Map<String, InlineTextContent> = ..., onTextLayout: (TextLayoutResult) -> Unit = ..., style: TextStyle = ...): Unit defined in androidx.compose.material3
public fun Text(text: String, modifier: Modifier = ..., color: Color = ..., fontSize: TextUnit = ..., fontStyle: FontStyle? = ..., fontWeight: FontWeight? = ..., fontFamily: FontFamily? = ..., letterSpacing: TextUnit = ..., textDecoration: TextDecoration? = ..., textAlign: TextAlign? = ..., lineHeight: TextUnit = ..., overflow: TextOverflow = ..., softWrap: Boolean = ..., maxLines: Int = ..., minLines: Int = ..., onTextLayout: ((TextLayoutResult) -> Unit)? = ..., style: TextStyle = ...): Unit defined in androidx.compose.material3
e: file:///workspace/android/app/src/main/java/com/hydra/panel/ui/screens/SettingsScreen.kt:255:19 Type mismatch: inferred type is List<SessionInfo> but Int was expected
e: file:///workspace/android/app/src/main/java/com/hydra/panel/ui/screens/SettingsScreen.kt:259:36 Unresolved reference: userAgent
e: file:///workspace/android/app/src/main/java/com/hydra/panel/ui/screens/SettingsScreen.kt:260:42 Unresolved reference: ip
e: file:///workspace/android/app/src/main/java/com/hydra/panel/ui/screens/SettingsScreen.kt:260:80 Unresolved reference: createdAt
e: file:///workspace/android/app/src/main/java/com/hydra/panel/ui/screens/SettingsScreen.kt:260:119 Unresolved reference: lastSeenAt
e: file:///workspace/android/app/src/main/java/com/hydra/panel/ui/screens/SettingsScreen.kt:260:158 Unresolved reference: expiresAt
e: file:///workspace/android/app/src/main/java/com/hydra/panel/ui/screens/SettingsScreen.kt:260:177 Unresolved reference: remember
e: file:///workspace/android/app/src/main/java/com/hydra/panel/ui/screens/SettingsScreen.kt:262:40 Unresolved reference: tokenHash
e: file:///workspace/android/app/src/main/java/com/hydra/panel/ui/screens/SettingsScreen.kt:266:68 Unresolved reference: tokenHash

FAILURE: Build failed with an exception.

* What went wrong:
Execution failed for task ':app:compileDebugKotlin'.
> A failure occurred while executing org.jetbrains.kotlin.compilerRunner.GradleCompilerRunnerWithWorkers$GradleKotlinCompilerWorkAction
   > Compilation error. See log for more details

* Try:
> Run with --stacktrace option to get the stack trace.
> Run with --info or --debug option to get more log output.
> Run with --scan to get full insights.
> Get more help at https://help.gradle.org.

BUILD FAILED in 19s
e: file:///workspace/android/app/src/main/java/com/hydra/panel/ui/screens/ClientsScreen.kt:69:23 Type mismatch: inferred type is List<ClientPerson> but Int was expected
e: file:///workspace/android/app/src/main/java/com/hydra/panel/ui/screens/ClientsScreen.kt:70:53 Unresolved reference: id
e: file:///workspace/android/app/src/main/java/com/hydra/panel/ui/screens/ClientsScreen.kt:72:45 Unresolved reference: status
e: file:///workspace/android/app/src/main/java/com/hydra/panel/ui/screens/ClientsScreen.kt:75:40 Unresolved reference: displayName
e: file:///workspace/android/app/src/main/java/com/hydra/panel/ui/screens/ClientsScreen.kt:78:47 Unresolved reference: tgUsername
e: file:///workspace/android/app/src/main/java/com/hydra/panel/ui/screens/ClientsScreen.kt:78:80 Unresolved reference: tgUsername
e: file:///workspace/android/app/src/main/java/com/hydra/panel/ui/screens/ClientsScreen.kt:79:47 Unresolved reference: telegramId
e: file:///workspace/android/app/src/main/java/com/hydra/panel/ui/screens/ClientsScreen.kt:79:79 Unresolved reference: telegramId
e: file:///workspace/android/app/src/main/java/com/hydra/panel/ui/screens/ClientsScreen.kt:80:59 Unresolved reference: keysActive
e: file:///workspace/android/app/src/main/java/com/hydra/panel/ui/screens/ClientsScreen.kt:80:80 Unresolved reference: keysTotal
e: file:///workspace/android/app/src/main/java/com/hydra/panel/ui/screens/ClientsScreen.kt:85:35 Unresolved reference: status
e: file:///workspace/android/app/src/main/java/com/hydra/panel/ui/screens/ClientsScreen.kt:194:23 Type mismatch: inferred type is List<AccessKey> but Int was expected
e: file:///workspace/android/app/src/main/java/com/hydra/panel/ui/screens/ClientsScreen.kt:195:29 Type mismatch: inferred type is Int but AccessKey was expected
e: file:///workspace/android/app/src/main/java/com/hydra/panel/ui/screens/ClientsScreen.kt:196:76 Unresolved reference: keyId
e: file:///workspace/android/app/src/main/java/com/hydra/panel/ui/screens/ClientsScreen.kt:197:68 Unresolved reference: keyId
e: file:///workspace/android/app/src/main/java/com/hydra/panel/ui/screens/ClientsScreen.kt:198:70 Unresolved reference: keyId
e: file:///workspace/android/app/src/main/java/com/hydra/panel/ui/screens/ClientsScreen.kt:199:68 Unresolved reference: keyId
e: file:///workspace/android/app/src/main/java/com/hydra/panel/ui/screens/ClientsScreen.kt:202:81 Unresolved reference: keyId
e: file:///workspace/android/app/src/main/java/com/hydra/panel/ui/screens/ClientsScreen.kt:202:104 Unresolved reference: keyId
e: file:///workspace/android/app/src/main/java/com/hydra/panel/ui/screens/ClientsScreen.kt:209:23 Type mismatch: inferred type is List<DeviceRegistration> but Int was expected
e: file:///workspace/android/app/src/main/java/com/hydra/panel/ui/screens/ClientsScreen.kt:214:37 None of the following functions can be called with the arguments supplied: 
public fun Text(text: AnnotatedString, modifier: Modifier = ..., color: Color = ..., fontSize: TextUnit = ..., fontStyle: FontStyle? = ..., fontWeight: FontWeight? = ..., fontFamily: FontFamily? = ..., letterSpacing: TextUnit = ..., textDecoration: TextDecoration? = ..., textAlign: TextAlign? = ..., lineHeight: TextUnit = ..., overflow: TextOverflow = ..., softWrap: Boolean = ..., maxLines: Int = ..., minLines: Int = ..., inlineContent: Map<String, InlineTextContent> = ..., onTextLayout: (TextLayoutResult) -> Unit = ..., style: TextStyle = ...): Unit defined in androidx.compose.material3
public fun Text(text: String, modifier: Modifier = ..., color: Color = ..., fontSize: TextUnit = ..., fontStyle: FontStyle? = ..., fontWeight: FontWeight? = ..., fontFamily: FontFamily? = ..., letterSpacing: TextUnit = ..., textDecoration: TextDecoration? = ..., textAlign: TextAlign? = ..., lineHeight: TextUnit = ..., overflow: TextOverflow = ..., softWrap: Boolean = ..., maxLines: Int = ..., minLines: Int = ..., onTextLayout: ((TextLayoutResult) -> Unit)? = ..., style: TextStyle = ...): Unit defined in androidx.compose.material3
e: file:///workspace/android/app/src/main/java/com/hydra/panel/ui/screens/ClientsScreen.kt:214:44 Unresolved reference: deviceName
e: file:///workspace/android/app/src/main/java/com/hydra/panel/ui/screens/ClientsScreen.kt:214:60 Unresolved reference: deviceId
e: file:///workspace/android/app/src/main/java/com/hydra/panel/ui/screens/ClientsScreen.kt:215:51 Unresolved reference: keyId
e: file:///workspace/android/app/src/main/java/com/hydra/panel/ui/screens/ClientsScreen.kt:215:76 Unresolved reference: lastIp
e: file:///workspace/android/app/src/main/java/com/hydra/panel/ui/screens/ClientsScreen.kt:215:118 Unresolved reference: lastSeenAt
e: file:///workspace/android/app/src/main/java/com/hydra/panel/ui/screens/ClientsScreen.kt:219:70 Unresolved reference: keyId
e: file:///workspace/android/app/src/main/java/com/hydra/panel/ui/screens/ClientsScreen.kt:219:79 Unresolved reference: deviceId
e: file:///workspace/android/app/src/main/java/com/hydra/panel/ui/screens/ClientsScreen.kt:330:17 None of the following functions can be called with the arguments supplied: 
public fun OutlinedTextField(value: TextFieldValue, onValueChange: (TextFieldValue) -> Unit, modifier: Modifier = ..., enabled: Boolean = ..., readOnly: Boolean = ..., textStyle: TextStyle = ..., label: (() -> Unit)? = ..., placeholder: (() -> Unit)? = ..., leadingIcon: (() -> Unit)? = ..., trailingIcon: (() -> Unit)? = ..., prefix: (() -> Unit)? = ..., suffix: (() -> Unit)? = ..., supportingText: (() -> Unit)? = ..., isError: Boolean = ..., visualTransformation: VisualTransformation = ..., keyboardOptions: KeyboardOptions = ..., keyboardActions: KeyboardActions = ..., singleLine: Boolean = ..., maxLines: Int = ..., minLines: Int = ..., interactionSource: MutableInteractionSource = ..., shape: Shape = ..., colors: TextFieldColors = ...): Unit defined in androidx.compose.material3
public fun OutlinedTextField(value: String, onValueChange: (String) -> Unit, modifier: Modifier = ..., enabled: Boolean = ..., readOnly: Boolean = ..., textStyle: TextStyle = ..., label: (() -> Unit)? = ..., placeholder: (() -> Unit)? = ..., leadingIcon: (() -> Unit)? = ..., trailingIcon: (() -> Unit)? = ..., prefix: (() -> Unit)? = ..., suffix: (() -> Unit)? = ..., supportingText: (() -> Unit)? = ..., isError: Boolean = ..., visualTransformation: VisualTransformation = ..., keyboardOptions: KeyboardOptions = ..., keyboardActions: KeyboardActions = ..., singleLine: Boolean = ..., maxLines: Int = ..., minLines: Int = ..., interactionSource: MutableInteractionSource = ..., shape: Shape = ..., colors: TextFieldColors = ...): Unit defined in androidx.compose.material3
e: file:///workspace/android/app/src/main/java/com/hydra/panel/ui/screens/ClientsScreen.kt:330:46 Unresolved reference: it
e: file:///workspace/android/app/src/main/java/com/hydra/panel/ui/screens/ClientsScreen.kt:330:84 @Composable invocations can only happen from the context of a @Composable function
e: file:///workspace/android/app/src/main/java/com/hydra/panel/ui/screens/ClientsScreen.kt:333:17 None of the following functions can be called with the arguments supplied: 
public fun OutlinedTextField(value: TextFieldValue, onValueChange: (TextFieldValue) -> Unit, modifier: Modifier = ..., enabled: Boolean = ..., readOnly: Boolean = ..., textStyle: TextStyle = ..., label: (() -> Unit)? = ..., placeholder: (() -> Unit)? = ..., leadingIcon: (() -> Unit)? = ..., trailingIcon: (() -> Unit)? = ..., prefix: (() -> Unit)? = ..., suffix: (() -> Unit)? = ..., supportingText: (() -> Unit)? = ..., isError: Boolean = ..., visualTransformation: VisualTransformation = ..., keyboardOptions: KeyboardOptions = ..., keyboardActions: KeyboardActions = ..., singleLine: Boolean = ..., maxLines: Int = ..., minLines: Int = ..., interactionSource: MutableInteractionSource = ..., shape: Shape = ..., colors: TextFieldColors = ...): Unit defined in androidx.compose.material3
public fun OutlinedTextField(value: String, onValueChange: (String) -> Unit, modifier: Modifier = ..., enabled: Boolean = ..., readOnly: Boolean = ..., textStyle: TextStyle = ..., label: (() -> Unit)? = ..., placeholder: (() -> Unit)? = ..., leadingIcon: (() -> Unit)? = ..., trailingIcon: (() -> Unit)? = ..., prefix: (() -> Unit)? = ..., suffix: (() -> Unit)? = ..., supportingText: (() -> Unit)? = ..., isError: Boolean = ..., visualTransformation: VisualTransformation = ..., keyboardOptions: KeyboardOptions = ..., keyboardActions: KeyboardActions = ..., singleLine: Boolean = ..., maxLines: Int = ..., minLines: Int = ..., interactionSource: MutableInteractionSource = ..., shape: Shape = ..., colors: TextFieldColors = ...): Unit defined in androidx.compose.material3
e: file:///workspace/android/app/src/main/java/com/hydra/panel/ui/screens/ClientsScreen.kt:333:52 Unresolved reference: it
e: file:///workspace/android/app/src/main/java/com/hydra/panel/ui/screens/ClientsScreen.kt:333:68 @Composable invocations can only happen from the context of a @Composable function
e: file:///workspace/android/app/src/main/java/com/hydra/panel/ui/screens/ClientsScreen.kt:350:17 None of the following functions can be called with the arguments supplied: 
public fun OutlinedTextField(value: TextFieldValue, onValueChange: (TextFieldValue) -> Unit, modifier: Modifier = ..., enabled: Boolean = ..., readOnly: Boolean = ..., textStyle: TextStyle = ..., label: (() -> Unit)? = ..., placeholder: (() -> Unit)? = ..., leadingIcon: (() -> Unit)? = ..., trailingIcon: (() -> Unit)? = ..., prefix: (() -> Unit)? = ..., suffix: (() -> Unit)? = ..., supportingText: (() -> Unit)? = ..., isError: Boolean = ..., visualTransformation: VisualTransformation = ..., keyboardOptions: KeyboardOptions = ..., keyboardActions: KeyboardActions = ..., singleLine: Boolean = ..., maxLines: Int = ..., minLines: Int = ..., interactionSource: MutableInteractionSource = ..., shape: Shape = ..., colors: TextFieldColors = ...): Unit defined in androidx.compose.material3
public fun OutlinedTextField(value: String, onValueChange: (String) -> Unit, modifier: Modifier = ..., enabled: Boolean = ..., readOnly: Boolean = ..., textStyle: TextStyle = ..., label: (() -> Unit)? = ..., placeholder: (() -> Unit)? = ..., leadingIcon: (() -> Unit)? = ..., trailingIcon: (() -> Unit)? = ..., prefix: (() -> Unit)? = ..., suffix: (() -> Unit)? = ..., supportingText: (() -> Unit)? = ..., isError: Boolean = ..., visualTransformation: VisualTransformation = ..., keyboardOptions: KeyboardOptions = ..., keyboardActions: KeyboardActions = ..., singleLine: Boolean = ..., maxLines: Int = ..., minLines: Int = ..., interactionSource: MutableInteractionSource = ..., shape: Shape = ..., colors: TextFieldColors = ...): Unit defined in androidx.compose.material3
e: file:///workspace/android/app/src/main/java/com/hydra/panel/ui/screens/ClientsScreen.kt:350:50 Unresolved reference: it
e: file:///workspace/android/app/src/main/java/com/hydra/panel/ui/screens/ClientsScreen.kt:350:88 @Composable invocations can only happen from the context of a @Composable function
e: file:///workspace/android/app/src/main/java/com/hydra/panel/ui/screens/ClientsScreen.kt:352:17 None of the following functions can be called with the arguments supplied: 
public fun OutlinedTextField(value: TextFieldValue, onValueChange: (TextFieldValue) -> Unit, modifier: Modifier = ..., enabled: Boolean = ..., readOnly: Boolean = ..., textStyle: TextStyle = ..., label: (() -> Unit)? = ..., placeholder: (() -> Unit)? = ..., leadingIcon: (() -> Unit)? = ..., trailingIcon: (() -> Unit)? = ..., prefix: (() -> Unit)? = ..., suffix: (() -> Unit)? = ..., supportingText: (() -> Unit)? = ..., isError: Boolean = ..., visualTransformation: VisualTransformation = ..., keyboardOptions: KeyboardOptions = ..., keyboardActions: KeyboardActions = ..., singleLine: Boolean = ..., maxLines: Int = ..., minLines: Int = ..., interactionSource: MutableInteractionSource = ..., shape: Shape = ..., colors: TextFieldColors = ...): Unit defined in androidx.compose.material3
public fun OutlinedTextField(value: String, onValueChange: (String) -> Unit, modifier: Modifier = ..., enabled: Boolean = ..., readOnly: Boolean = ..., textStyle: TextStyle = ..., label: (() -> Unit)? = ..., placeholder: (() -> Unit)? = ..., leadingIcon: (() -> Unit)? = ..., trailingIcon: (() -> Unit)? = ..., prefix: (() -> Unit)? = ..., suffix: (() -> Unit)? = ..., supportingText: (() -> Unit)? = ..., isError: Boolean = ..., visualTransformation: VisualTransformation = ..., keyboardOptions: KeyboardOptions = ..., keyboardActions: KeyboardActions = ..., singleLine: Boolean = ..., maxLines: Int = ..., minLines: Int = ..., interactionSource: MutableInteractionSource = ..., shape: Shape = ..., colors: TextFieldColors = ...): Unit defined in androidx.compose.material3
e: file:///workspace/android/app/src/main/java/com/hydra/panel/ui/screens/ClientsScreen.kt:352:56 Unresolved reference: it
e: file:///workspace/android/app/src/main/java/com/hydra/panel/ui/screens/ClientsScreen.kt:352:94 @Composable invocations can only happen from the context of a @Composable function
e: file:///workspace/android/app/src/main/java/com/hydra/panel/ui/screens/DashboardScreen.kt:90:27 Type mismatch: inferred type is List<Server> but Int was expected
e: file:///workspace/android/app/src/main/java/com/hydra/panel/ui/screens/DashboardScreen.kt:91:57 Unresolved reference: id
e: file:///workspace/android/app/src/main/java/com/hydra/panel/ui/screens/DashboardScreen.kt:93:45 Unresolved reference: status
e: file:///workspace/android/app/src/main/java/com/hydra/panel/ui/screens/DashboardScreen.kt:96:44 Unresolved reference: id
e: file:///workspace/android/app/src/main/java/com/hydra/panel/ui/screens/DashboardScreen.kt:97:47 Unresolved reference: ip
e: file:///workspace/android/app/src/main/java/com/hydra/panel/ui/screens/DashboardScreen.kt:97:57 Unresolved reference: location
e: file:///workspace/android/app/src/main/java/com/hydra/panel/ui/screens/DashboardScreen.kt:97:81 Unresolved reference: city
e: file:///workspace/android/app/src/main/java/com/hydra/panel/ui/screens/DashboardScreen.kt:97:102 Unresolved reference: city
e: file:///workspace/android/app/src/main/java/com/hydra/panel/ui/screens/DashboardScreen.kt:100:44 Unresolved reference: agentInstalled
e: file:///workspace/android/app/src/main/java/com/hydra/panel/ui/screens/DevicesScreen.kt:98:23 Type mismatch: inferred type is List<DeviceRow> but Int was expected
e: file:///workspace/android/app/src/main/java/com/hydra/panel/ui/screens/DevicesScreen.kt:101:58 Unresolved reference: device
e: file:///workspace/android/app/src/main/java/com/hydra/panel/ui/screens/DevicesScreen.kt:104:37 None of the following functions can be called with the arguments supplied: 
public fun Text(text: AnnotatedString, modifier: Modifier = ..., color: Color = ..., fontSize: TextUnit = ..., fontStyle: FontStyle? = ..., fontWeight: FontWeight? = ..., fontFamily: FontFamily? = ..., letterSpacing: TextUnit = ..., textDecoration: TextDecoration? = ..., textAlign: TextAlign? = ..., lineHeight: TextUnit = ..., overflow: TextOverflow = ..., softWrap: Boolean = ..., maxLines: Int = ..., minLines: Int = ..., inlineContent: Map<String, InlineTextContent> = ..., onTextLayout: (TextLayoutResult) -> Unit = ..., style: TextStyle = ...): Unit defined in androidx.compose.material3
public fun Text(text: String, modifier: Modifier = ..., color: Color = ..., fontSize: TextUnit = ..., fontStyle: FontStyle? = ..., fontWeight: FontWeight? = ..., fontFamily: FontFamily? = ..., letterSpacing: TextUnit = ..., textDecoration: TextDecoration? = ..., textAlign: TextAlign? = ..., lineHeight: TextUnit = ..., overflow: TextOverflow = ..., softWrap: Boolean = ..., maxLines: Int = ..., minLines: Int = ..., onTextLayout: ((TextLayoutResult) -> Unit)? = ..., style: TextStyle = ...): Unit defined in androidx.compose.material3
e: file:///workspace/android/app/src/main/java/com/hydra/panel/ui/screens/DevicesScreen.kt:104:44 Unresolved reference: device
e: file:///workspace/android/app/src/main/java/com/hydra/panel/ui/screens/DevicesScreen.kt:104:67 Unresolved reference: device
e: file:///workspace/android/app/src/main/java/com/hydra/panel/ui/screens/DevicesScreen.kt:106:46 Unresolved reference: clientName
e: file:///workspace/android/app/src/main/java/com/hydra/panel/ui/screens/DevicesScreen.kt:106:75 Unresolved reference: keyId
e: file:///workspace/android/app/src/main/java/com/hydra/panel/ui/screens/DevicesScreen.kt:106:100 Unresolved reference: device
e: file:///workspace/android/app/src/main/java/com/hydra/panel/ui/screens/DevicesScreen.kt:106:149 Unresolved reference: device
e: file:///workspace/android/app/src/main/java/com/hydra/panel/ui/screens/DevicesScreen.kt:111:70 Unresolved reference: keyId
e: file:///workspace/android/app/src/main/java/com/hydra/panel/ui/screens/DevicesScreen.kt:111:79 Unresolved reference: device
e: file:///workspace/android/app/src/main/java/com/hydra/panel/ui/screens/KeysScreen.kt:62:17 Unresolved reference: items
e: file:///workspace/android/app/src/main/java/com/hydra/panel/ui/screens/KeysScreen.kt:62:44 Cannot infer a type for this parameter. Please specify it explicitly.
e: file:///workspace/android/app/src/main/java/com/hydra/panel/ui/screens/KeysScreen.kt:63:21 @Composable invocations can only happen from the context of a @Composable function
e: file:///workspace/android/app/src/main/java/com/hydra/panel/ui/screens/KeysScreen.kt:83:21 'fun items(count: Int, key: ((index: Int) -> Any)? = ..., contentType: (index: Int) -> Any? = ..., itemContent: LazyItemScope.(index: Int) -> Unit): Unit' can't be called in this context by implicit receiver. Use the explicit one if necessary
e: file:///workspace/android/app/src/main/java/com/hydra/panel/ui/screens/KeysScreen.kt:83:27 Type mismatch: inferred type is List<AccessKey> but Int was expected
e: file:///workspace/android/app/src/main/java/com/hydra/panel/ui/screens/KeysScreen.kt:84:49 Type mismatch: inferred type is Int but AccessKey was expected
e: file:///workspace/android/app/src/main/java/com/hydra/panel/ui/screens/KeysScreen.kt:88:53 Unresolved reference: revokedAt
e: file:///workspace/android/app/src/main/java/com/hydra/panel/ui/screens/KeysScreen.kt:91:48 Unresolved reference: clientName
e: file:///workspace/android/app/src/main/java/com/hydra/panel/ui/screens/KeysScreen.kt:91:81 Unresolved reference: keyId
e: file:///workspace/android/app/src/main/java/com/hydra/panel/ui/screens/KeysScreen.kt:93:55 Unresolved reference: keyId
e: file:///workspace/android/app/src/main/java/com/hydra/panel/ui/screens/KeysScreen.kt:93:98 Unresolved reference: expiresAt
e: file:///workspace/android/app/src/main/java/com/hydra/panel/ui/screens/KeysScreen.kt:93:122 Unresolved reference: deviceCount
e: file:///workspace/android/app/src/main/java/com/hydra/panel/ui/screens/KeysScreen.kt:93:144 Unresolved reference: maxDevices
e: file:///workspace/android/app/src/main/java/com/hydra/panel/ui/screens/KeysScreen.kt:99:94 Unresolved reference: keyId
e: file:///workspace/android/app/src/main/java/com/hydra/panel/ui/screens/KeysScreen.kt:100:43 Unresolved reference: revokedAt
e: file:///workspace/android/app/src/main/java/com/hydra/panel/ui/screens/KeysScreen.kt:101:102 Unresolved reference: keyId
e: file:///workspace/android/app/src/main/java/com/hydra/panel/ui/screens/KeysScreen.kt:103:110 Unresolved reference: keyId
e: file:///workspace/android/app/src/main/java/com/hydra/panel/ui/screens/KeysScreen.kt:107:93 Unresolved reference: keyId
e: file:///workspace/android/app/src/main/java/com/hydra/panel/ui/screens/KeysScreen.kt:107:113 Unresolved reference: keyId
e: file:///workspace/android/app/src/main/java/com/hydra/panel/ui/screens/LoginScreen.kt:96:74 @Composable invocations can only happen from the context of a @Composable function
e: file:///workspace/android/app/src/main/java/com/hydra/panel/ui/screens/LogsConfigsScreens.kt:192:21 Unresolved reference: items
e: file:///workspace/android/app/src/main/java/com/hydra/panel/ui/screens/LogsConfigsScreens.kt:192:51 Cannot infer a type for this parameter. Please specify it explicitly.
e: file:///workspace/android/app/src/main/java/com/hydra/panel/ui/screens/LogsConfigsScreens.kt:193:25 @Composable invocations can only happen from the context of a @Composable function
e: file:///workspace/android/app/src/main/java/com/hydra/panel/ui/screens/LogsConfigsScreens.kt:194:29 Overload resolution ambiguity: 
public fun Text(text: AnnotatedString, modifier: Modifier = ..., color: Color = ..., fontSize: TextUnit = ..., fontStyle: FontStyle? = ..., fontWeight: FontWeight? = ..., fontFamily: FontFamily? = ..., letterSpacing: TextUnit = ..., textDecoration: TextDecoration? = ..., textAlign: TextAlign? = ..., lineHeight: TextUnit = ..., overflow: TextOverflow = ..., softWrap: Boolean = ..., maxLines: Int = ..., minLines: Int = ..., inlineContent: Map<String, InlineTextContent> = ..., onTextLayout: (TextLayoutResult) -> Unit = ..., style: TextStyle = ...): Unit defined in androidx.compose.material3
public fun Text(text: String, modifier: Modifier = ..., color: Color = ..., fontSize: TextUnit = ..., fontStyle: FontStyle? = ..., fontWeight: FontWeight? = ..., fontFamily: FontFamily? = ..., letterSpacing: TextUnit = ..., textDecoration: TextDecoration? = ..., textAlign: TextAlign? = ..., lineHeight: TextUnit = ..., overflow: TextOverflow = ..., softWrap: Boolean = ..., maxLines: Int = ..., minLines: Int = ..., onTextLayout: ((TextLayoutResult) -> Unit)? = ..., style: TextStyle = ...): Unit defined in androidx.compose.material3
e: file:///workspace/android/app/src/main/java/com/hydra/panel/ui/screens/ReportsScreen.kt:93:2 Expecting '}'
e: file:///workspace/android/app/src/main/java/com/hydra/panel/ui/screens/ReportsScreen.kt:60:23 Type mismatch: inferred type is List<WeeklyReport> but Int was expected
e: file:///workspace/android/app/src/main/java/com/hydra/panel/ui/screens/ReportsScreen.kt:67:1 Modifier 'private' is not applicable to 'local function'
e: file:///workspace/android/app/src/main/java/com/hydra/panel/ui/screens/ServerDetailScreen.kt:103:27 Type mismatch: inferred type is List<ProtocolInstance> but Int was expected
e: file:///workspace/android/app/src/main/java/com/hydra/panel/ui/screens/ServerDetailScreen.kt:106:46 Unresolved reference: status
e: file:///workspace/android/app/src/main/java/com/hydra/panel/ui/screens/ServerDetailScreen.kt:109:45 Unresolved reference: protocol
e: file:///workspace/android/app/src/main/java/com/hydra/panel/ui/screens/ServerDetailScreen.kt:110:53 Unresolved reference: port
e: file:///workspace/android/app/src/main/java/com/hydra/panel/ui/screens/ServerDetailScreen.kt:110:79 Unresolved reference: maxConnections
e: file:///workspace/android/app/src/main/java/com/hydra/panel/ui/screens/ServerDetailScreen.kt:113:106 Unresolved reference: protocol
e: file:///workspace/android/app/src/main/java/com/hydra/panel/ui/screens/ServerDetailScreen.kt:122:27 Type mismatch: inferred type is List<AgentTokenInfo> but Int was expected
e: file:///workspace/android/app/src/main/java/com/hydra/panel/ui/screens/ServerDetailScreen.kt:125:55 Unresolved reference: tokenHashPrefix
e: file:///workspace/android/app/src/main/java/com/hydra/panel/ui/screens/ServerDetailScreen.kt:126:45 Unresolved reference: active
e: file:///workspace/android/app/src/main/java/com/hydra/panel/ui/screens/ServerDetailScreen.kt:126:92 Unresolved reference: expiresAt
e: file:///workspace/android/app/src/main/java/com/hydra/panel/ui/screens/ServerDetailScreen.kt:126:133 Unresolved reference: createdAt
e: file:///workspace/android/app/src/main/java/com/hydra/panel/ui/screens/ServerDetailScreen.kt:127:81 Unresolved reference: active
e: file:///workspace/android/app/src/main/java/com/hydra/panel/ui/screens/ServersScreen.kt:60:27 Type mismatch: inferred type is List<Alert> but Int was expected
e: file:///workspace/android/app/src/main/java/com/hydra/panel/ui/screens/ServersScreen.kt:63:44 Unresolved reference: serverId
e: file:///workspace/android/app/src/main/java/com/hydra/panel/ui/screens/ServersScreen.kt:63:60 Unresolved reference: level
e: file:///workspace/android/app/src/main/java/com/hydra/panel/ui/screens/ServersScreen.kt:64:41 Unresolved reference: message
e: file:///workspace/android/app/src/main/java/com/hydra/panel/ui/screens/ServersScreen.kt:73:23 Type mismatch: inferred type is List<Server> but Int was expected
e: file:///workspace/android/app/src/main/java/com/hydra/panel/ui/screens/ServersScreen.kt:74:57 Unresolved reference: id
e: file:///workspace/android/app/src/main/java/com/hydra/panel/ui/screens/ServersScreen.kt:77:49 Unresolved reference: status
e: file:///workspace/android/app/src/main/java/com/hydra/panel/ui/screens/ServersScreen.kt:80:48 Unresolved reference: id
e: file:///workspace/android/app/src/main/java/com/hydra/panel/ui/screens/ServersScreen.kt:81:51 Unresolved reference: ip
e: file:///workspace/android/app/src/main/java/com/hydra/panel/ui/screens/ServersScreen.kt:81:59 Unresolved reference: sshPort
e: file:///workspace/android/app/src/main/java/com/hydra/panel/ui/screens/ServersScreen.kt:81:80 Unresolved reference: location
e: file:///workspace/android/app/src/main/java/com/hydra/panel/ui/screens/ServersScreen.kt:84:82 Unresolved reference: id
e: file:///workspace/android/app/src/main/java/com/hydra/panel/ui/screens/ServersScreen.kt:86:45 Unresolved reference: id
e: file:///workspace/android/app/src/main/java/com/hydra/panel/ui/screens/ServersScreen.kt:133:17 None of the following functions can be called with the arguments supplied: 
public fun OutlinedTextField(value: TextFieldValue, onValueChange: (TextFieldValue) -> Unit, modifier: Modifier = ..., enabled: Boolean = ..., readOnly: Boolean = ..., textStyle: TextStyle = ..., label: (() -> Unit)? = ..., placeholder: (() -> Unit)? = ..., leadingIcon: (() -> Unit)? = ..., trailingIcon: (() -> Unit)? = ..., prefix: (() -> Unit)? = ..., suffix: (() -> Unit)? = ..., supportingText: (() -> Unit)? = ..., isError: Boolean = ..., visualTransformation: VisualTransformation = ..., keyboardOptions: KeyboardOptions = ..., keyboardActions: KeyboardActions = ..., singleLine: Boolean = ..., maxLines: Int = ..., minLines: Int = ..., interactionSource: MutableInteractionSource = ..., shape: Shape = ..., colors: TextFieldColors = ...): Unit defined in androidx.compose.material3
public fun OutlinedTextField(value: String, onValueChange: (String) -> Unit, modifier: Modifier = ..., enabled: Boolean = ..., readOnly: Boolean = ..., textStyle: TextStyle = ..., label: (() -> Unit)? = ..., placeholder: (() -> Unit)? = ..., leadingIcon: (() -> Unit)? = ..., trailingIcon: (() -> Unit)? = ..., prefix: (() -> Unit)? = ..., suffix: (() -> Unit)? = ..., supportingText: (() -> Unit)? = ..., isError: Boolean = ..., visualTransformation: VisualTransformation = ..., keyboardOptions: KeyboardOptions = ..., keyboardActions: KeyboardActions = ..., singleLine: Boolean = ..., maxLines: Int = ..., minLines: Int = ..., interactionSource: MutableInteractionSource = ..., shape: Shape = ..., colors: TextFieldColors = ...): Unit defined in androidx.compose.material3
e: file:///workspace/android/app/src/main/java/com/hydra/panel/ui/screens/ServersScreen.kt:133:46 Unresolved reference: it
e: file:///workspace/android/app/src/main/java/com/hydra/panel/ui/screens/ServersScreen.kt:133:62 @Composable invocations can only happen from the context of a @Composable function
e: file:///workspace/android/app/src/main/java/com/hydra/panel/ui/screens/ServersScreen.kt:139:48 None of the following functions can be called with the arguments supplied: 
public fun OutlinedTextField(value: TextFieldValue, onValueChange: (TextFieldValue) -> Unit, modifier: Modifier = ..., enabled: Boolean = ..., readOnly: Boolean = ..., textStyle: TextStyle = ..., label: (() -> Unit)? = ..., placeholder: (() -> Unit)? = ..., leadingIcon: (() -> Unit)? = ..., trailingIcon: (() -> Unit)? = ..., prefix: (() -> Unit)? = ..., suffix: (() -> Unit)? = ..., supportingText: (() -> Unit)? = ..., isError: Boolean = ..., visualTransformation: VisualTransformation = ..., keyboardOptions: KeyboardOptions = ..., keyboardActions: KeyboardActions = ..., singleLine: Boolean = ..., maxLines: Int = ..., minLines: Int = ..., interactionSource: MutableInteractionSource = ..., shape: Shape = ..., colors: TextFieldColors = ...): Unit defined in androidx.compose.material3
public fun OutlinedTextField(value: String, onValueChange: (String) -> Unit, modifier: Modifier = ..., enabled: Boolean = ..., readOnly: Boolean = ..., textStyle: TextStyle = ..., label: (() -> Unit)? = ..., placeholder: (() -> Unit)? = ..., leadingIcon: (() -> Unit)? = ..., trailingIcon: (() -> Unit)? = ..., prefix: (() -> Unit)? = ..., suffix: (() -> Unit)? = ..., supportingText: (() -> Unit)? = ..., isError: Boolean = ..., visualTransformation: VisualTransformation = ..., keyboardOptions: KeyboardOptions = ..., keyboardActions: KeyboardActions = ..., singleLine: Boolean = ..., maxLines: Int = ..., minLines: Int = ..., interactionSource: MutableInteractionSource = ..., shape: Shape = ..., colors: TextFieldColors = ...): Unit defined in androidx.compose.material3
e: file:///workspace/android/app/src/main/java/com/hydra/panel/ui/screens/ServersScreen.kt:139:77 Unresolved reference: it
e: file:///workspace/android/app/src/main/java/com/hydra/panel/ui/screens/ServersScreen.kt:139:115 @Composable invocations can only happen from the context of a @Composable function
e: file:///workspace/android/app/src/main/java/com/hydra/panel/ui/screens/ServersScreen.kt:140:48 None of the following functions can be called with the arguments supplied: 
public fun OutlinedTextField(value: TextFieldValue, onValueChange: (TextFieldValue) -> Unit, modifier: Modifier = ..., enabled: Boolean = ..., readOnly: Boolean = ..., textStyle: TextStyle = ..., label: (() -> Unit)? = ..., placeholder: (() -> Unit)? = ..., leadingIcon: (() -> Unit)? = ..., trailingIcon: (() -> Unit)? = ..., prefix: (() -> Unit)? = ..., suffix: (() -> Unit)? = ..., supportingText: (() -> Unit)? = ..., isError: Boolean = ..., visualTransformation: VisualTransformation = ..., keyboardOptions: KeyboardOptions = ..., keyboardActions: KeyboardActions = ..., singleLine: Boolean = ..., maxLines: Int = ..., minLines: Int = ..., interactionSource: MutableInteractionSource = ..., shape: Shape = ..., colors: TextFieldColors = ...): Unit defined in androidx.compose.material3
public fun OutlinedTextField(value: String, onValueChange: (String) -> Unit, modifier: Modifier = ..., enabled: Boolean = ..., readOnly: Boolean = ..., textStyle: TextStyle = ..., label: (() -> Unit)? = ..., placeholder: (() -> Unit)? = ..., leadingIcon: (() -> Unit)? = ..., trailingIcon: (() -> Unit)? = ..., prefix: (() -> Unit)? = ..., suffix: (() -> Unit)? = ..., supportingText: (() -> Unit)? = ..., isError: Boolean = ..., visualTransformation: VisualTransformation = ..., keyboardOptions: KeyboardOptions = ..., keyboardActions: KeyboardActions = ..., singleLine: Boolean = ..., maxLines: Int = ..., minLines: Int = ..., interactionSource: MutableInteractionSource = ..., shape: Shape = ..., colors: TextFieldColors = ...): Unit defined in androidx.compose.material3
e: file:///workspace/android/app/src/main/java/com/hydra/panel/ui/screens/ServersScreen.kt:140:81 Unresolved reference: it
e: file:///workspace/android/app/src/main/java/com/hydra/panel/ui/screens/ServersScreen.kt:140:119 @Composable invocations can only happen from the context of a @Composable function
e: file:///workspace/android/app/src/main/java/com/hydra/panel/ui/screens/ServersScreen.kt:142:17 None of the following functions can be called with the arguments supplied: 
public fun OutlinedTextField(value: TextFieldValue, onValueChange: (TextFieldValue) -> Unit, modifier: Modifier = ..., enabled: Boolean = ..., readOnly: Boolean = ..., textStyle: TextStyle = ..., label: (() -> Unit)? = ..., placeholder: (() -> Unit)? = ..., leadingIcon: (() -> Unit)? = ..., trailingIcon: (() -> Unit)? = ..., prefix: (() -> Unit)? = ..., suffix: (() -> Unit)? = ..., supportingText: (() -> Unit)? = ..., isError: Boolean = ..., visualTransformation: VisualTransformation = ..., keyboardOptions: KeyboardOptions = ..., keyboardActions: KeyboardActions = ..., singleLine: Boolean = ..., maxLines: Int = ..., minLines: Int = ..., interactionSource: MutableInteractionSource = ..., shape: Shape = ..., colors: TextFieldColors = ...): Unit defined in androidx.compose.material3
public fun OutlinedTextField(value: String, onValueChange: (String) -> Unit, modifier: Modifier = ..., enabled: Boolean = ..., readOnly: Boolean = ..., textStyle: TextStyle = ..., label: (() -> Unit)? = ..., placeholder: (() -> Unit)? = ..., leadingIcon: (() -> Unit)? = ..., trailingIcon: (() -> Unit)? = ..., prefix: (() -> Unit)? = ..., suffix: (() -> Unit)? = ..., supportingText: (() -> Unit)? = ..., isError: Boolean = ..., visualTransformation: VisualTransformation = ..., keyboardOptions: KeyboardOptions = ..., keyboardActions: KeyboardActions = ..., singleLine: Boolean = ..., maxLines: Int = ..., minLines: Int = ..., interactionSource: MutableInteractionSource = ..., shape: Shape = ..., colors: TextFieldColors = ...): Unit defined in androidx.compose.material3
e: file:///workspace/android/app/src/main/java/com/hydra/panel/ui/screens/ServersScreen.kt:142:50 Unresolved reference: it
e: file:///workspace/android/app/src/main/java/com/hydra/panel/ui/screens/ServersScreen.kt:142:66 @Composable invocations can only happen from the context of a @Composable function
e: file:///workspace/android/app/src/main/java/com/hydra/panel/ui/screens/SettingsScreen.kt:285:2 Expecting '}'
e: file:///workspace/android/app/src/main/java/com/hydra/panel/ui/screens/SettingsScreen.kt:49:22 Unresolved reference: GithubTab
e: file:///workspace/android/app/src/main/java/com/hydra/panel/ui/screens/SettingsScreen.kt:50:25 Unresolved reference: SessionsTab
e: file:///workspace/android/app/src/main/java/com/hydra/panel/ui/screens/SettingsScreen.kt:74:13 None of the following functions can be called with the arguments supplied: 
public fun Text(text: AnnotatedString, modifier: Modifier = ..., color: Color = ..., fontSize: TextUnit = ..., fontStyle: FontStyle? = ..., fontWeight: FontWeight? = ..., fontFamily: FontFamily? = ..., letterSpacing: TextUnit = ..., textDecoration: TextDecoration? = ..., textAlign: TextAlign? = ..., lineHeight: TextUnit = ..., overflow: TextOverflow = ..., softWrap: Boolean = ..., maxLines: Int = ..., minLines: Int = ..., inlineContent: Map<String, InlineTextContent> = ..., onTextLayout: (TextLayoutResult) -> Unit = ..., style: TextStyle = ...): Unit defined in androidx.compose.material3
public fun Text(text: String, modifier: Modifier = ..., color: Color = ..., fontSize: TextUnit = ..., fontStyle: FontStyle? = ..., fontWeight: FontWeight? = ..., fontFamily: FontFamily? = ..., letterSpacing: TextUnit = ..., textDecoration: TextDecoration? = ..., textAlign: TextAlign? = ..., lineHeight: TextUnit = ..., overflow: TextOverflow = ..., softWrap: Boolean = ..., maxLines: Int = ..., minLines: Int = ..., onTextLayout: ((TextLayoutResult) -> Unit)? = ..., style: TextStyle = ...): Unit defined in androidx.compose.material3
e: file:///workspace/android/app/src/main/java/com/hydra/panel/ui/screens/SettingsScreen.kt:128:19 Type mismatch: inferred type is List<BackupInfo> but Int was expected
e: file:///workspace/android/app/src/main/java/com/hydra/panel/ui/screens/SettingsScreen.kt:132:36 Unresolved reference: name
e: file:///workspace/android/app/src/main/java/com/hydra/panel/ui/screens/SettingsScreen.kt:133:52 Unresolved reference: sizeKb
e: file:///workspace/android/app/src/main/java/com/hydra/panel/ui/screens/SettingsScreen.kt:133:67 Unresolved reference: mtime
e: file:///workspace/android/app/src/main/java/com/hydra/panel/ui/screens/SettingsScreen.kt:133:91 Unresolved reference: auto
e: file:///workspace/android/app/src/main/java/com/hydra/panel/ui/screens/SettingsScreen.kt:139:71 Unresolved reference: name
e: file:///workspace/android/app/src/main/java/com/hydra/panel/ui/screens/SettingsScreen.kt:141:57 Unresolved reference: name
e: file:///workspace/android/app/src/main/java/com/hydra/panel/ui/screens/SettingsScreen.kt:147:68 Unresolved reference: name
e: file:///workspace/android/app/src/main/java/com/hydra/panel/ui/screens/SettingsScreen.kt:165:1 Modifier 'private' is not applicable to 'local function'
e: file:///workspace/android/app/src/main/java/com/hydra/panel/ui/screens/SettingsScreen.kt:234:1 Modifier 'private' is not applicable to 'local function'
e: file:///workspace/android/app/src/main/java/com/hydra/panel/ui/screens/SettingsScreen.kt:249:13 None of the following functions can be called with the arguments supplied: 
public fun Text(text: AnnotatedString, modifier: Modifier = ..., color: Color = ..., fontSize: TextUnit = ..., fontStyle: FontStyle? = ..., fontWeight: FontWeight? = ..., fontFamily: FontFamily? = ..., letterSpacing: TextUnit = ..., textDecoration: TextDecoration? = ..., textAlign: TextAlign? = ..., lineHeight: TextUnit = ..., overflow: TextOverflow = ..., softWrap: Boolean = ..., maxLines: Int = ..., minLines: Int = ..., inlineContent: Map<String, InlineTextContent> = ..., onTextLayout: (TextLayoutResult) -> Unit = ..., style: TextStyle = ...): Unit defined in androidx.compose.material3
public fun Text(text: String, modifier: Modifier = ..., color: Color = ..., fontSize: TextUnit = ..., fontStyle: FontStyle? = ..., fontWeight: FontWeight? = ..., fontFamily: FontFamily? = ..., letterSpacing: TextUnit = ..., textDecoration: TextDecoration? = ..., textAlign: TextAlign? = ..., lineHeight: TextUnit = ..., overflow: TextOverflow = ..., softWrap: Boolean = ..., maxLines: Int = ..., minLines: Int = ..., onTextLayout: ((TextLayoutResult) -> Unit)? = ..., style: TextStyle = ...): Unit defined in androidx.compose.material3
e: file:///workspace/android/app/src/main/java/com/hydra/panel/ui/screens/SettingsScreen.kt:255:19 Type mismatch: inferred type is List<SessionInfo> but Int was expected
e: file:///workspace/android/app/src/main/java/com/hydra/panel/ui/screens/SettingsScreen.kt:259:36 Unresolved reference: userAgent
e: file:///workspace/android/app/src/main/java/com/hydra/panel/ui/screens/SettingsScreen.kt:260:42 Unresolved reference: ip
e: file:///workspace/android/app/src/main/java/com/hydra/panel/ui/screens/SettingsScreen.kt:260:80 Unresolved reference: createdAt
e: file:///workspace/android/app/src/main/java/com/hydra/panel/ui/screens/SettingsScreen.kt:260:119 Unresolved reference: lastSeenAt
e: file:///workspace/android/app/src/main/java/com/hydra/panel/ui/screens/SettingsScreen.kt:260:158 Unresolved reference: expiresAt
e: file:///workspace/android/app/src/main/java/com/hydra/panel/ui/screens/SettingsScreen.kt:260:177 Unresolved reference: remember
e: file:///workspace/android/app/src/main/java/com/hydra/panel/ui/screens/SettingsScreen.kt:262:40 Unresolved reference: tokenHash
e: file:///workspace/android/app/src/main/java/com/hydra/panel/ui/screens/SettingsScreen.kt:266:68 Unresolved reference: tokenHash

FAILURE: Build failed with an exception.

* What went wrong:
Execution failed for task ':app:compileDebugKotlin'.
> A failure occurred while executing org.jetbrains.kotlin.compilerRunner.GradleCompilerRunnerWithWorkers$GradleKotlinCompilerWorkAction
   > Compilation error. See log for more details

* Try:
> Run with --stacktrace option to get the stack trace.
> Run with --info or --debug option to get more log output.
> Run with --scan to get full insights.
> Get more help at https://help.gradle.org.

BUILD FAILED in 40s
