e: file:///workspace/android/app/src/main/java/com/hydra/panel/ui/screens/ClientsScreen.kt:69:23 Type mismatch: inferred type is List<ClientPerson> but Int was expected
e: file:///workspace/android/app/src/main/java/com/hydra/panel/ui/screens/ClientsScreen.kt:70:53 Unresolved reference: id
e: file:///workspace/android/app/src/main/java/com/hydra/panel/ui/screens/ClientsScreen.kt:72:45 Unresolved reference: status
e: file:///workspace/android/app/src/main/java/com/hydra/panel/ui/screens/ClientsScreen.kt:75:40 Unresolved reference: displayName
e: file:///workspace/android/app/src/main/java/com/hydra/panel/ui/screens/ClientsScreen.kt:78:47 Unresolved reference: tgUsername
e: file:///workspace/android/app/src/main/java/com/hydra/panel/ui/screens/ClientsScreen.kt:78:80 Unresolved reference: tgUsername
e: file:///workspace/android/app/src/main/java/com/hydra/panel/ui/screens/ClientsScreen.kt:79:47 Unresolved reference: telegramId
e: file:///workspace/android/app/src/main/java/com/hydra/panel/ui/screens/ClientsScreen.kt:79:79 Unresolved reference: telegramId
e: file:///workspace/android/app/src/main/java/com/hydra/panel/ui/screens/ClientsScreen.kt:80:59 Unresolved reference: keysActive
e: file:///workspace/android/app/src/main/java/com/hydra/panel/ui/screens/ClientsScreen.kt:80:80 Unresolved reference: keysTotal
e: file:///workspace/android/app/src/main/java/com/hydra/panel/ui/screens/ClientsScreen.kt:85:35 Unresolved reference: status
e: file:///workspace/android/app/src/main/java/com/hydra/panel/ui/screens/ClientsScreen.kt:196:21 @Composable invocations can only happen from the context of a @Composable function
e: file:///workspace/android/app/src/main/java/com/hydra/panel/ui/screens/ClientsScreen.kt:212:21 @Composable invocations can only happen from the context of a @Composable function
e: file:///workspace/android/app/src/main/java/com/hydra/panel/ui/screens/ClientsScreen.kt:332:17 None of the following functions can be called with the arguments supplied: 
public fun OutlinedTextField(value: TextFieldValue, onValueChange: (TextFieldValue) -> Unit, modifier: Modifier = ..., enabled: Boolean = ..., readOnly: Boolean = ..., textStyle: TextStyle = ..., label: (() -> Unit)? = ..., placeholder: (() -> Unit)? = ..., leadingIcon: (() -> Unit)? = ..., trailingIcon: (() -> Unit)? = ..., prefix: (() -> Unit)? = ..., suffix: (() -> Unit)? = ..., supportingText: (() -> Unit)? = ..., isError: Boolean = ..., visualTransformation: VisualTransformation = ..., keyboardOptions: KeyboardOptions = ..., keyboardActions: KeyboardActions = ..., singleLine: Boolean = ..., maxLines: Int = ..., minLines: Int = ..., interactionSource: MutableInteractionSource = ..., shape: Shape = ..., colors: TextFieldColors = ...): Unit defined in androidx.compose.material3
public fun OutlinedTextField(value: String, onValueChange: (String) -> Unit, modifier: Modifier = ..., enabled: Boolean = ..., readOnly: Boolean = ..., textStyle: TextStyle = ..., label: (() -> Unit)? = ..., placeholder: (() -> Unit)? = ..., leadingIcon: (() -> Unit)? = ..., trailingIcon: (() -> Unit)? = ..., prefix: (() -> Unit)? = ..., suffix: (() -> Unit)? = ..., supportingText: (() -> Unit)? = ..., isError: Boolean = ..., visualTransformation: VisualTransformation = ..., keyboardOptions: KeyboardOptions = ..., keyboardActions: KeyboardActions = ..., singleLine: Boolean = ..., maxLines: Int = ..., minLines: Int = ..., interactionSource: MutableInteractionSource = ..., shape: Shape = ..., colors: TextFieldColors = ...): Unit defined in androidx.compose.material3
e: file:///workspace/android/app/src/main/java/com/hydra/panel/ui/screens/ClientsScreen.kt:332:46 Unresolved reference: it
e: file:///workspace/android/app/src/main/java/com/hydra/panel/ui/screens/ClientsScreen.kt:332:84 @Composable invocations can only happen from the context of a @Composable function
e: file:///workspace/android/app/src/main/java/com/hydra/panel/ui/screens/ClientsScreen.kt:335:17 None of the following functions can be called with the arguments supplied: 
public fun OutlinedTextField(value: TextFieldValue, onValueChange: (TextFieldValue) -> Unit, modifier: Modifier = ..., enabled: Boolean = ..., readOnly: Boolean = ..., textStyle: TextStyle = ..., label: (() -> Unit)? = ..., placeholder: (() -> Unit)? = ..., leadingIcon: (() -> Unit)? = ..., trailingIcon: (() -> Unit)? = ..., prefix: (() -> Unit)? = ..., suffix: (() -> Unit)? = ..., supportingText: (() -> Unit)? = ..., isError: Boolean = ..., visualTransformation: VisualTransformation = ..., keyboardOptions: KeyboardOptions = ..., keyboardActions: KeyboardActions = ..., singleLine: Boolean = ..., maxLines: Int = ..., minLines: Int = ..., interactionSource: MutableInteractionSource = ..., shape: Shape = ..., colors: TextFieldColors = ...): Unit defined in androidx.compose.material3
public fun OutlinedTextField(value: String, onValueChange: (String) -> Unit, modifier: Modifier = ..., enabled: Boolean = ..., readOnly: Boolean = ..., textStyle: TextStyle = ..., label: (() -> Unit)? = ..., placeholder: (() -> Unit)? = ..., leadingIcon: (() -> Unit)? = ..., trailingIcon: (() -> Unit)? = ..., prefix: (() -> Unit)? = ..., suffix: (() -> Unit)? = ..., supportingText: (() -> Unit)? = ..., isError: Boolean = ..., visualTransformation: VisualTransformation = ..., keyboardOptions: KeyboardOptions = ..., keyboardActions: KeyboardActions = ..., singleLine: Boolean = ..., maxLines: Int = ..., minLines: Int = ..., interactionSource: MutableInteractionSource = ..., shape: Shape = ..., colors: TextFieldColors = ...): Unit defined in androidx.compose.material3
e: file:///workspace/android/app/src/main/java/com/hydra/panel/ui/screens/ClientsScreen.kt:335:52 Unresolved reference: it
e: file:///workspace/android/app/src/main/java/com/hydra/panel/ui/screens/ClientsScreen.kt:335:68 @Composable invocations can only happen from the context of a @Composable function
e: file:///workspace/android/app/src/main/java/com/hydra/panel/ui/screens/ClientsScreen.kt:352:17 None of the following functions can be called with the arguments supplied: 
public fun OutlinedTextField(value: TextFieldValue, onValueChange: (TextFieldValue) -> Unit, modifier: Modifier = ..., enabled: Boolean = ..., readOnly: Boolean = ..., textStyle: TextStyle = ..., label: (() -> Unit)? = ..., placeholder: (() -> Unit)? = ..., leadingIcon: (() -> Unit)? = ..., trailingIcon: (() -> Unit)? = ..., prefix: (() -> Unit)? = ..., suffix: (() -> Unit)? = ..., supportingText: (() -> Unit)? = ..., isError: Boolean = ..., visualTransformation: VisualTransformation = ..., keyboardOptions: KeyboardOptions = ..., keyboardActions: KeyboardActions = ..., singleLine: Boolean = ..., maxLines: Int = ..., minLines: Int = ..., interactionSource: MutableInteractionSource = ..., shape: Shape = ..., colors: TextFieldColors = ...): Unit defined in androidx.compose.material3
public fun OutlinedTextField(value: String, onValueChange: (String) -> Unit, modifier: Modifier = ..., enabled: Boolean = ..., readOnly: Boolean = ..., textStyle: TextStyle = ..., label: (() -> Unit)? = ..., placeholder: (() -> Unit)? = ..., leadingIcon: (() -> Unit)? = ..., trailingIcon: (() -> Unit)? = ..., prefix: (() -> Unit)? = ..., suffix: (() -> Unit)? = ..., supportingText: (() -> Unit)? = ..., isError: Boolean = ..., visualTransformation: VisualTransformation = ..., keyboardOptions: KeyboardOptions = ..., keyboardActions: KeyboardActions = ..., singleLine: Boolean = ..., maxLines: Int = ..., minLines: Int = ..., interactionSource: MutableInteractionSource = ..., shape: Shape = ..., colors: TextFieldColors = ...): Unit defined in androidx.compose.material3
e: file:///workspace/android/app/src/main/java/com/hydra/panel/ui/screens/ClientsScreen.kt:352:50 Unresolved reference: it
e: file:///workspace/android/app/src/main/java/com/hydra/panel/ui/screens/ClientsScreen.kt:352:88 @Composable invocations can only happen from the context of a @Composable function
e: file:///workspace/android/app/src/main/java/com/hydra/panel/ui/screens/ClientsScreen.kt:354:17 None of the following functions can be called with the arguments supplied: 
public fun OutlinedTextField(value: TextFieldValue, onValueChange: (TextFieldValue) -> Unit, modifier: Modifier = ..., enabled: Boolean = ..., readOnly: Boolean = ..., textStyle: TextStyle = ..., label: (() -> Unit)? = ..., placeholder: (() -> Unit)? = ..., leadingIcon: (() -> Unit)? = ..., trailingIcon: (() -> Unit)? = ..., prefix: (() -> Unit)? = ..., suffix: (() -> Unit)? = ..., supportingText: (() -> Unit)? = ..., isError: Boolean = ..., visualTransformation: VisualTransformation = ..., keyboardOptions: KeyboardOptions = ..., keyboardActions: KeyboardActions = ..., singleLine: Boolean = ..., maxLines: Int = ..., minLines: Int = ..., interactionSource: MutableInteractionSource = ..., shape: Shape = ..., colors: TextFieldColors = ...): Unit defined in androidx.compose.material3
public fun OutlinedTextField(value: String, onValueChange: (String) -> Unit, modifier: Modifier = ..., enabled: Boolean = ..., readOnly: Boolean = ..., textStyle: TextStyle = ..., label: (() -> Unit)? = ..., placeholder: (() -> Unit)? = ..., leadingIcon: (() -> Unit)? = ..., trailingIcon: (() -> Unit)? = ..., prefix: (() -> Unit)? = ..., suffix: (() -> Unit)? = ..., supportingText: (() -> Unit)? = ..., isError: Boolean = ..., visualTransformation: VisualTransformation = ..., keyboardOptions: KeyboardOptions = ..., keyboardActions: KeyboardActions = ..., singleLine: Boolean = ..., maxLines: Int = ..., minLines: Int = ..., interactionSource: MutableInteractionSource = ..., shape: Shape = ..., colors: TextFieldColors = ...): Unit defined in androidx.compose.material3
e: file:///workspace/android/app/src/main/java/com/hydra/panel/ui/screens/ClientsScreen.kt:354:56 Unresolved reference: it
e: file:///workspace/android/app/src/main/java/com/hydra/panel/ui/screens/ClientsScreen.kt:354:94 @Composable invocations can only happen from the context of a @Composable function
e: file:///workspace/android/app/src/main/java/com/hydra/panel/ui/screens/DashboardScreen.kt:92:25 @Composable invocations can only happen from the context of a @Composable function
e: file:///workspace/android/app/src/main/java/com/hydra/panel/ui/screens/DevicesScreen.kt:100:25 @Composable invocations can only happen from the context of a @Composable function
e: file:///workspace/android/app/src/main/java/com/hydra/panel/ui/screens/KeysScreen.kt:62:17 Unresolved reference: items
e: file:///workspace/android/app/src/main/java/com/hydra/panel/ui/screens/KeysScreen.kt:62:44 Cannot infer a type for this parameter. Please specify it explicitly.
e: file:///workspace/android/app/src/main/java/com/hydra/panel/ui/screens/KeysScreen.kt:63:21 @Composable invocations can only happen from the context of a @Composable function
e: file:///workspace/android/app/src/main/java/com/hydra/panel/ui/screens/KeysScreen.kt:83:21 'fun items(count: Int, key: ((index: Int) -> Any)? = ..., contentType: (index: Int) -> Any? = ..., itemContent: LazyItemScope.(index: Int) -> Unit): Unit' can't be called in this context by implicit receiver. Use the explicit one if necessary
e: file:///workspace/android/app/src/main/java/com/hydra/panel/ui/screens/KeysScreen.kt:83:27 Type mismatch: inferred type is List<AccessKey> but Int was expected
e: file:///workspace/android/app/src/main/java/com/hydra/panel/ui/screens/KeysScreen.kt:84:49 Type mismatch: inferred type is Int but AccessKey was expected
e: file:///workspace/android/app/src/main/java/com/hydra/panel/ui/screens/KeysScreen.kt:88:53 Unresolved reference: revokedAt
e: file:///workspace/android/app/src/main/java/com/hydra/panel/ui/screens/KeysScreen.kt:91:48 Unresolved reference: clientName
e: file:///workspace/android/app/src/main/java/com/hydra/panel/ui/screens/KeysScreen.kt:91:81 Unresolved reference: keyId
e: file:///workspace/android/app/src/main/java/com/hydra/panel/ui/screens/KeysScreen.kt:93:55 Unresolved reference: keyId
e: file:///workspace/android/app/src/main/java/com/hydra/panel/ui/screens/KeysScreen.kt:93:98 Unresolved reference: expiresAt
e: file:///workspace/android/app/src/main/java/com/hydra/panel/ui/screens/KeysScreen.kt:93:122 Unresolved reference: deviceCount
e: file:///workspace/android/app/src/main/java/com/hydra/panel/ui/screens/KeysScreen.kt:93:144 Unresolved reference: maxDevices
e: file:///workspace/android/app/src/main/java/com/hydra/panel/ui/screens/KeysScreen.kt:99:94 Unresolved reference: keyId
e: file:///workspace/android/app/src/main/java/com/hydra/panel/ui/screens/KeysScreen.kt:100:43 Unresolved reference: revokedAt
e: file:///workspace/android/app/src/main/java/com/hydra/panel/ui/screens/KeysScreen.kt:101:102 Unresolved reference: keyId
e: file:///workspace/android/app/src/main/java/com/hydra/panel/ui/screens/KeysScreen.kt:103:110 Unresolved reference: keyId
e: file:///workspace/android/app/src/main/java/com/hydra/panel/ui/screens/KeysScreen.kt:107:93 Unresolved reference: keyId
e: file:///workspace/android/app/src/main/java/com/hydra/panel/ui/screens/KeysScreen.kt:107:113 Unresolved reference: keyId
e: file:///workspace/android/app/src/main/java/com/hydra/panel/ui/screens/LoginScreen.kt:96:74 @Composable invocations can only happen from the context of a @Composable function
e: file:///workspace/android/app/src/main/java/com/hydra/panel/ui/screens/ReportsScreen.kt:94:2 Expecting '}'
e: file:///workspace/android/app/src/main/java/com/hydra/panel/ui/screens/ReportsScreen.kt:68:1 Modifier 'private' is not applicable to 'local function'
e: file:///workspace/android/app/src/main/java/com/hydra/panel/ui/screens/ServerDetailScreen.kt:105:25 @Composable invocations can only happen from the context of a @Composable function
e: file:///workspace/android/app/src/main/java/com/hydra/panel/ui/screens/ServerDetailScreen.kt:125:25 @Composable invocations can only happen from the context of a @Composable function
e: file:///workspace/android/app/src/main/java/com/hydra/panel/ui/screens/ServersScreen.kt:60:27 Type mismatch: inferred type is List<Alert> but Int was expected
e: file:///workspace/android/app/src/main/java/com/hydra/panel/ui/screens/ServersScreen.kt:63:44 Unresolved reference: serverId
e: file:///workspace/android/app/src/main/java/com/hydra/panel/ui/screens/ServersScreen.kt:63:60 Unresolved reference: level
e: file:///workspace/android/app/src/main/java/com/hydra/panel/ui/screens/ServersScreen.kt:64:41 Unresolved reference: message
e: file:///workspace/android/app/src/main/java/com/hydra/panel/ui/screens/ServersScreen.kt:75:25 @Composable invocations can only happen from the context of a @Composable function
e: file:///workspace/android/app/src/main/java/com/hydra/panel/ui/screens/ServersScreen.kt:134:17 None of the following functions can be called with the arguments supplied: 
public fun OutlinedTextField(value: TextFieldValue, onValueChange: (TextFieldValue) -> Unit, modifier: Modifier = ..., enabled: Boolean = ..., readOnly: Boolean = ..., textStyle: TextStyle = ..., label: (() -> Unit)? = ..., placeholder: (() -> Unit)? = ..., leadingIcon: (() -> Unit)? = ..., trailingIcon: (() -> Unit)? = ..., prefix: (() -> Unit)? = ..., suffix: (() -> Unit)? = ..., supportingText: (() -> Unit)? = ..., isError: Boolean = ..., visualTransformation: VisualTransformation = ..., keyboardOptions: KeyboardOptions = ..., keyboardActions: KeyboardActions = ..., singleLine: Boolean = ..., maxLines: Int = ..., minLines: Int = ..., interactionSource: MutableInteractionSource = ..., shape: Shape = ..., colors: TextFieldColors = ...): Unit defined in androidx.compose.material3
public fun OutlinedTextField(value: String, onValueChange: (String) -> Unit, modifier: Modifier = ..., enabled: Boolean = ..., readOnly: Boolean = ..., textStyle: TextStyle = ..., label: (() -> Unit)? = ..., placeholder: (() -> Unit)? = ..., leadingIcon: (() -> Unit)? = ..., trailingIcon: (() -> Unit)? = ..., prefix: (() -> Unit)? = ..., suffix: (() -> Unit)? = ..., supportingText: (() -> Unit)? = ..., isError: Boolean = ..., visualTransformation: VisualTransformation = ..., keyboardOptions: KeyboardOptions = ..., keyboardActions: KeyboardActions = ..., singleLine: Boolean = ..., maxLines: Int = ..., minLines: Int = ..., interactionSource: MutableInteractionSource = ..., shape: Shape = ..., colors: TextFieldColors = ...): Unit defined in androidx.compose.material3
e: file:///workspace/android/app/src/main/java/com/hydra/panel/ui/screens/ServersScreen.kt:134:46 Unresolved reference: it
e: file:///workspace/android/app/src/main/java/com/hydra/panel/ui/screens/ServersScreen.kt:134:62 @Composable invocations can only happen from the context of a @Composable function
e: file:///workspace/android/app/src/main/java/com/hydra/panel/ui/screens/ServersScreen.kt:140:48 None of the following functions can be called with the arguments supplied: 
public fun OutlinedTextField(value: TextFieldValue, onValueChange: (TextFieldValue) -> Unit, modifier: Modifier = ..., enabled: Boolean = ..., readOnly: Boolean = ..., textStyle: TextStyle = ..., label: (() -> Unit)? = ..., placeholder: (() -> Unit)? = ..., leadingIcon: (() -> Unit)? = ..., trailingIcon: (() -> Unit)? = ..., prefix: (() -> Unit)? = ..., suffix: (() -> Unit)? = ..., supportingText: (() -> Unit)? = ..., isError: Boolean = ..., visualTransformation: VisualTransformation = ..., keyboardOptions: KeyboardOptions = ..., keyboardActions: KeyboardActions = ..., singleLine: Boolean = ..., maxLines: Int = ..., minLines: Int = ..., interactionSource: MutableInteractionSource = ..., shape: Shape = ..., colors: TextFieldColors = ...): Unit defined in androidx.compose.material3
public fun OutlinedTextField(value: String, onValueChange: (String) -> Unit, modifier: Modifier = ..., enabled: Boolean = ..., readOnly: Boolean = ..., textStyle: TextStyle = ..., label: (() -> Unit)? = ..., placeholder: (() -> Unit)? = ..., leadingIcon: (() -> Unit)? = ..., trailingIcon: (() -> Unit)? = ..., prefix: (() -> Unit)? = ..., suffix: (() -> Unit)? = ..., supportingText: (() -> Unit)? = ..., isError: Boolean = ..., visualTransformation: VisualTransformation = ..., keyboardOptions: KeyboardOptions = ..., keyboardActions: KeyboardActions = ..., singleLine: Boolean = ..., maxLines: Int = ..., minLines: Int = ..., interactionSource: MutableInteractionSource = ..., shape: Shape = ..., colors: TextFieldColors = ...): Unit defined in androidx.compose.material3
e: file:///workspace/android/app/src/main/java/com/hydra/panel/ui/screens/ServersScreen.kt:140:77 Unresolved reference: it
e: file:///workspace/android/app/src/main/java/com/hydra/panel/ui/screens/ServersScreen.kt:140:115 @Composable invocations can only happen from the context of a @Composable function
e: file:///workspace/android/app/src/main/java/com/hydra/panel/ui/screens/ServersScreen.kt:141:48 None of the following functions can be called with the arguments supplied: 
public fun OutlinedTextField(value: TextFieldValue, onValueChange: (TextFieldValue) -> Unit, modifier: Modifier = ..., enabled: Boolean = ..., readOnly: Boolean = ..., textStyle: TextStyle = ..., label: (() -> Unit)? = ..., placeholder: (() -> Unit)? = ..., leadingIcon: (() -> Unit)? = ..., trailingIcon: (() -> Unit)? = ..., prefix: (() -> Unit)? = ..., suffix: (() -> Unit)? = ..., supportingText: (() -> Unit)? = ..., isError: Boolean = ..., visualTransformation: VisualTransformation = ..., keyboardOptions: KeyboardOptions = ..., keyboardActions: KeyboardActions = ..., singleLine: Boolean = ..., maxLines: Int = ..., minLines: Int = ..., interactionSource: MutableInteractionSource = ..., shape: Shape = ..., colors: TextFieldColors = ...): Unit defined in androidx.compose.material3
public fun OutlinedTextField(value: String, onValueChange: (String) -> Unit, modifier: Modifier = ..., enabled: Boolean = ..., readOnly: Boolean = ..., textStyle: TextStyle = ..., label: (() -> Unit)? = ..., placeholder: (() -> Unit)? = ..., leadingIcon: (() -> Unit)? = ..., trailingIcon: (() -> Unit)? = ..., prefix: (() -> Unit)? = ..., suffix: (() -> Unit)? = ..., supportingText: (() -> Unit)? = ..., isError: Boolean = ..., visualTransformation: VisualTransformation = ..., keyboardOptions: KeyboardOptions = ..., keyboardActions: KeyboardActions = ..., singleLine: Boolean = ..., maxLines: Int = ..., minLines: Int = ..., interactionSource: MutableInteractionSource = ..., shape: Shape = ..., colors: TextFieldColors = ...): Unit defined in androidx.compose.material3
e: file:///workspace/android/app/src/main/java/com/hydra/panel/ui/screens/ServersScreen.kt:141:81 Unresolved reference: it
e: file:///workspace/android/app/src/main/java/com/hydra/panel/ui/screens/ServersScreen.kt:141:119 @Composable invocations can only happen from the context of a @Composable function
e: file:///workspace/android/app/src/main/java/com/hydra/panel/ui/screens/ServersScreen.kt:143:17 None of the following functions can be called with the arguments supplied: 
public fun OutlinedTextField(value: TextFieldValue, onValueChange: (TextFieldValue) -> Unit, modifier: Modifier = ..., enabled: Boolean = ..., readOnly: Boolean = ..., textStyle: TextStyle = ..., label: (() -> Unit)? = ..., placeholder: (() -> Unit)? = ..., leadingIcon: (() -> Unit)? = ..., trailingIcon: (() -> Unit)? = ..., prefix: (() -> Unit)? = ..., suffix: (() -> Unit)? = ..., supportingText: (() -> Unit)? = ..., isError: Boolean = ..., visualTransformation: VisualTransformation = ..., keyboardOptions: KeyboardOptions = ..., keyboardActions: KeyboardActions = ..., singleLine: Boolean = ..., maxLines: Int = ..., minLines: Int = ..., interactionSource: MutableInteractionSource = ..., shape: Shape = ..., colors: TextFieldColors = ...): Unit defined in androidx.compose.material3
public fun OutlinedTextField(value: String, onValueChange: (String) -> Unit, modifier: Modifier = ..., enabled: Boolean = ..., readOnly: Boolean = ..., textStyle: TextStyle = ..., label: (() -> Unit)? = ..., placeholder: (() -> Unit)? = ..., leadingIcon: (() -> Unit)? = ..., trailingIcon: (() -> Unit)? = ..., prefix: (() -> Unit)? = ..., suffix: (() -> Unit)? = ..., supportingText: (() -> Unit)? = ..., isError: Boolean = ..., visualTransformation: VisualTransformation = ..., keyboardOptions: KeyboardOptions = ..., keyboardActions: KeyboardActions = ..., singleLine: Boolean = ..., maxLines: Int = ..., minLines: Int = ..., interactionSource: MutableInteractionSource = ..., shape: Shape = ..., colors: TextFieldColors = ...): Unit defined in androidx.compose.material3
e: file:///workspace/android/app/src/main/java/com/hydra/panel/ui/screens/ServersScreen.kt:143:50 Unresolved reference: it
e: file:///workspace/android/app/src/main/java/com/hydra/panel/ui/screens/ServersScreen.kt:143:66 @Composable invocations can only happen from the context of a @Composable function
e: file:///workspace/android/app/src/main/java/com/hydra/panel/ui/screens/SettingsScreen.kt:287:2 Expecting '}'
e: file:///workspace/android/app/src/main/java/com/hydra/panel/ui/screens/SettingsScreen.kt:50:22 Unresolved reference: GithubTab
e: file:///workspace/android/app/src/main/java/com/hydra/panel/ui/screens/SettingsScreen.kt:51:25 Unresolved reference: SessionsTab
e: file:///workspace/android/app/src/main/java/com/hydra/panel/ui/screens/SettingsScreen.kt:75:13 None of the following functions can be called with the arguments supplied: 
public fun Text(text: AnnotatedString, modifier: Modifier = ..., color: Color = ..., fontSize: TextUnit = ..., fontStyle: FontStyle? = ..., fontWeight: FontWeight? = ..., fontFamily: FontFamily? = ..., letterSpacing: TextUnit = ..., textDecoration: TextDecoration? = ..., textAlign: TextAlign? = ..., lineHeight: TextUnit = ..., overflow: TextOverflow = ..., softWrap: Boolean = ..., maxLines: Int = ..., minLines: Int = ..., inlineContent: Map<String, InlineTextContent> = ..., onTextLayout: (TextLayoutResult) -> Unit = ..., style: TextStyle = ...): Unit defined in androidx.compose.material3
public fun Text(text: String, modifier: Modifier = ..., color: Color = ..., fontSize: TextUnit = ..., fontStyle: FontStyle? = ..., fontWeight: FontWeight? = ..., fontFamily: FontFamily? = ..., letterSpacing: TextUnit = ..., textDecoration: TextDecoration? = ..., textAlign: TextAlign? = ..., lineHeight: TextUnit = ..., overflow: TextOverflow = ..., softWrap: Boolean = ..., maxLines: Int = ..., minLines: Int = ..., onTextLayout: ((TextLayoutResult) -> Unit)? = ..., style: TextStyle = ...): Unit defined in androidx.compose.material3
e: file:///workspace/android/app/src/main/java/com/hydra/panel/ui/screens/SettingsScreen.kt:129:19 Type mismatch: inferred type is List<BackupInfo> but Int was expected
e: file:///workspace/android/app/src/main/java/com/hydra/panel/ui/screens/SettingsScreen.kt:133:36 Unresolved reference: name
e: file:///workspace/android/app/src/main/java/com/hydra/panel/ui/screens/SettingsScreen.kt:134:52 Unresolved reference: sizeKb
e: file:///workspace/android/app/src/main/java/com/hydra/panel/ui/screens/SettingsScreen.kt:134:67 Unresolved reference: mtime
e: file:///workspace/android/app/src/main/java/com/hydra/panel/ui/screens/SettingsScreen.kt:134:91 Unresolved reference: auto
e: file:///workspace/android/app/src/main/java/com/hydra/panel/ui/screens/SettingsScreen.kt:140:71 Unresolved reference: name
e: file:///workspace/android/app/src/main/java/com/hydra/panel/ui/screens/SettingsScreen.kt:142:57 Unresolved reference: name
e: file:///workspace/android/app/src/main/java/com/hydra/panel/ui/screens/SettingsScreen.kt:148:68 Unresolved reference: name
e: file:///workspace/android/app/src/main/java/com/hydra/panel/ui/screens/SettingsScreen.kt:166:1 Modifier 'private' is not applicable to 'local function'
e: file:///workspace/android/app/src/main/java/com/hydra/panel/ui/screens/SettingsScreen.kt:235:1 Modifier 'private' is not applicable to 'local function'
e: file:///workspace/android/app/src/main/java/com/hydra/panel/ui/screens/SettingsScreen.kt:250:13 None of the following functions can be called with the arguments supplied: 
public fun Text(text: AnnotatedString, modifier: Modifier = ..., color: Color = ..., fontSize: TextUnit = ..., fontStyle: FontStyle? = ..., fontWeight: FontWeight? = ..., fontFamily: FontFamily? = ..., letterSpacing: TextUnit = ..., textDecoration: TextDecoration? = ..., textAlign: TextAlign? = ..., lineHeight: TextUnit = ..., overflow: TextOverflow = ..., softWrap: Boolean = ..., maxLines: Int = ..., minLines: Int = ..., inlineContent: Map<String, InlineTextContent> = ..., onTextLayout: (TextLayoutResult) -> Unit = ..., style: TextStyle = ...): Unit defined in androidx.compose.material3
public fun Text(text: String, modifier: Modifier = ..., color: Color = ..., fontSize: TextUnit = ..., fontStyle: FontStyle? = ..., fontWeight: FontWeight? = ..., fontFamily: FontFamily? = ..., letterSpacing: TextUnit = ..., textDecoration: TextDecoration? = ..., textAlign: TextAlign? = ..., lineHeight: TextUnit = ..., overflow: TextOverflow = ..., softWrap: Boolean = ..., maxLines: Int = ..., minLines: Int = ..., onTextLayout: ((TextLayoutResult) -> Unit)? = ..., style: TextStyle = ...): Unit defined in androidx.compose.material3
e: file:///workspace/android/app/src/main/java/com/hydra/panel/ui/screens/SettingsScreen.kt:258:17 @Composable invocations can only happen from the context of a @Composable function

FAILURE: Build failed with an exception.

* What went wrong:
Execution failed for task ':app:compileDebugKotlin'.
> A failure occurred while executing org.jetbrains.kotlin.compilerRunner.GradleCompilerRunnerWithWorkers$GradleKotlinCompilerWorkAction
   > Compilation error. See log for more details

* Try:
> Run with --stacktrace option to get the stack trace.
> Run with --info or --debug option to get more log output.
> Run with --scan to get full insights.
> Get more help at https://help.gradle.org.

BUILD FAILED in 1m 20s
