e: file:///workspace/android/app/src/main/java/com/hydra/panel/ui/screens/ClientsScreen.kt:99:5 Expecting a top level declaration
e: file:///workspace/android/app/src/main/java/com/hydra/panel/ui/screens/ClientsScreen.kt:99:8 Expecting a top level declaration
e: file:///workspace/android/app/src/main/java/com/hydra/panel/ui/screens/ClientsScreen.kt:99:9 Expecting a top level declaration
e: file:///workspace/android/app/src/main/java/com/hydra/panel/ui/screens/ClientsScreen.kt:99:16 Expecting a top level declaration
e: file:///workspace/android/app/src/main/java/com/hydra/panel/ui/screens/ClientsScreen.kt:99:18 Expecting a top level declaration
e: file:///workspace/android/app/src/main/java/com/hydra/panel/ui/screens/ClientsScreen.kt:110:1 Expecting a top level declaration
e: file:///workspace/android/app/src/main/java/com/hydra/panel/ui/screens/ClientsScreen.kt:228:5 Expecting a top level declaration
e: file:///workspace/android/app/src/main/java/com/hydra/panel/ui/screens/ClientsScreen.kt:230:5 Expecting a top level declaration
e: file:///workspace/android/app/src/main/java/com/hydra/panel/ui/screens/ClientsScreen.kt:230:8 Expecting a top level declaration
e: file:///workspace/android/app/src/main/java/com/hydra/panel/ui/screens/ClientsScreen.kt:230:9 Expecting a top level declaration
e: file:///workspace/android/app/src/main/java/com/hydra/panel/ui/screens/ClientsScreen.kt:230:18 Expecting a top level declaration
e: file:///workspace/android/app/src/main/java/com/hydra/panel/ui/screens/ClientsScreen.kt:230:21 Expecting a top level declaration
e: file:///workspace/android/app/src/main/java/com/hydra/panel/ui/screens/ClientsScreen.kt:230:28 Expecting a top level declaration
e: file:///workspace/android/app/src/main/java/com/hydra/panel/ui/screens/ClientsScreen.kt:230:31 Expecting a top level declaration
e: file:///workspace/android/app/src/main/java/com/hydra/panel/ui/screens/ClientsScreen.kt:230:35 Expecting a top level declaration
e: file:///workspace/android/app/src/main/java/com/hydra/panel/ui/screens/ClientsScreen.kt:230:37 Expecting a top level declaration
e: file:///workspace/android/app/src/main/java/com/hydra/panel/ui/screens/ClientsScreen.kt:239:5 Expecting a top level declaration
e: file:///workspace/android/app/src/main/java/com/hydra/panel/ui/screens/ClientsScreen.kt:239:8 Expecting a top level declaration
e: file:///workspace/android/app/src/main/java/com/hydra/panel/ui/screens/ClientsScreen.kt:239:9 Expecting a top level declaration
e: file:///workspace/android/app/src/main/java/com/hydra/panel/ui/screens/ClientsScreen.kt:239:19 Expecting a top level declaration
e: file:///workspace/android/app/src/main/java/com/hydra/panel/ui/screens/ClientsScreen.kt:239:21 Expecting a top level declaration
e: file:///workspace/android/app/src/main/java/com/hydra/panel/ui/screens/ClientsScreen.kt:247:5 Expecting a top level declaration
e: file:///workspace/android/app/src/main/java/com/hydra/panel/ui/screens/ClientsScreen.kt:247:8 Expecting a top level declaration
e: file:///workspace/android/app/src/main/java/com/hydra/panel/ui/screens/ClientsScreen.kt:247:9 Expecting a top level declaration
e: file:///workspace/android/app/src/main/java/com/hydra/panel/ui/screens/ClientsScreen.kt:247:28 Expecting a top level declaration
e: file:///workspace/android/app/src/main/java/com/hydra/panel/ui/screens/ClientsScreen.kt:247:30 Expecting a top level declaration
e: file:///workspace/android/app/src/main/java/com/hydra/panel/ui/screens/ClientsScreen.kt:253:5 Expecting a top level declaration
e: file:///workspace/android/app/src/main/java/com/hydra/panel/ui/screens/ClientsScreen.kt:253:8 Expecting a top level declaration
e: file:///workspace/android/app/src/main/java/com/hydra/panel/ui/screens/ClientsScreen.kt:253:9 Expecting a top level declaration
e: file:///workspace/android/app/src/main/java/com/hydra/panel/ui/screens/ClientsScreen.kt:253:20 Expecting a top level declaration
e: file:///workspace/android/app/src/main/java/com/hydra/panel/ui/screens/ClientsScreen.kt:253:23 Expecting a top level declaration
e: file:///workspace/android/app/src/main/java/com/hydra/panel/ui/screens/ClientsScreen.kt:253:28 Expecting a top level declaration
e: file:///workspace/android/app/src/main/java/com/hydra/panel/ui/screens/ClientsScreen.kt:253:31 Expecting a top level declaration
e: file:///workspace/android/app/src/main/java/com/hydra/panel/ui/screens/ClientsScreen.kt:253:40 Expecting a top level declaration
e: file:///workspace/android/app/src/main/java/com/hydra/panel/ui/screens/ClientsScreen.kt:253:43 Expecting a top level declaration
e: file:///workspace/android/app/src/main/java/com/hydra/panel/ui/screens/ClientsScreen.kt:253:47 Expecting a top level declaration
e: file:///workspace/android/app/src/main/java/com/hydra/panel/ui/screens/ClientsScreen.kt:253:49 Expecting a top level declaration
e: file:///workspace/android/app/src/main/java/com/hydra/panel/ui/screens/ClientsScreen.kt:263:1 Expecting a top level declaration
e: file:///workspace/android/app/src/main/java/com/hydra/panel/ui/screens/ClientsScreen.kt:93:21 Unresolved reference: item
e: file:///workspace/android/app/src/main/java/com/hydra/panel/ui/screens/ClientsScreen.kt:93:28 @Composable invocations can only happen from the context of a @Composable function
e: file:///workspace/android/app/src/main/java/com/hydra/panel/ui/screens/ClientsScreen.kt:93:71 @Composable invocations can only happen from the context of a @Composable function
e: file:///workspace/android/app/src/main/java/com/hydra/panel/ui/screens/ClientsScreen.kt:99:18 Functions which invoke @Composable functions must be marked with the @Composable annotation
e: file:///workspace/android/app/src/main/java/com/hydra/panel/ui/screens/ClientsScreen.kt:99:18 Conflicting overloads: public fun `<no name provided>`(): Unit defined in com.hydra.panel.ui.screens in file ClientsScreen.kt, public fun `<no name provided>`(): Unit defined in com.hydra.panel.ui.screens in file ClientsScreen.kt, public fun `<no name provided>`(): Unit defined in com.hydra.panel.ui.screens in file ClientsScreen.kt, public fun `<no name provided>`(): Unit defined in com.hydra.panel.ui.screens in file ClientsScreen.kt, public fun `<no name provided>`(): Unit defined in com.hydra.panel.ui.screens in file ClientsScreen.kt, public fun `<no name provided>`(): Unit defined in com.hydra.panel.ui.screens in file KeysScreen.kt, public fun `<no name provided>`(): Unit defined in com.hydra.panel.ui.screens in file ServerDetailScreen.kt, public fun `<no name provided>`(): Unit defined in com.hydra.panel.ui.screens in file ServersScreen.kt, public fun `<no name provided>`(): Unit defined in com.hydra.panel.ui.screens in file ServersScreen.kt, public fun `<no name provided>`(): Unit defined in com.hydra.panel.ui.screens in file ServersScreen.kt
e: file:///workspace/android/app/src/main/java/com/hydra/panel/ui/screens/ClientsScreen.kt:99:18 Function declaration must have a name
e: file:///workspace/android/app/src/main/java/com/hydra/panel/ui/screens/ClientsScreen.kt:100:9 @Composable invocations can only happen from the context of a @Composable function
e: file:///workspace/android/app/src/main/java/com/hydra/panel/ui/screens/ClientsScreen.kt:103:27 Unresolved reference: showAdd
e: file:///workspace/android/app/src/main/java/com/hydra/panel/ui/screens/ClientsScreen.kt:105:17 Unresolved reference: showAdd
e: file:///workspace/android/app/src/main/java/com/hydra/panel/ui/screens/ClientsScreen.kt:106:17 Unresolved reference: runner
e: file:///workspace/android/app/src/main/java/com/hydra/panel/ui/screens/ClientsScreen.kt:106:30 Unresolved reference: repo
e: file:///workspace/android/app/src/main/java/com/hydra/panel/ui/screens/ClientsScreen.kt:106:78 Unresolved reference: refresh
e: file:///workspace/android/app/src/main/java/com/hydra/panel/ui/screens/ClientsScreen.kt:106:78 Variable expected
e: file:///workspace/android/app/src/main/java/com/hydra/panel/ui/screens/ClientsScreen.kt:196:29 Unresolved reference: k
e: file:///workspace/android/app/src/main/java/com/hydra/panel/ui/screens/ClientsScreen.kt:197:74 Unresolved reference: k
e: file:///workspace/android/app/src/main/java/com/hydra/panel/ui/screens/ClientsScreen.kt:198:66 Unresolved reference: k
e: file:///workspace/android/app/src/main/java/com/hydra/panel/ui/screens/ClientsScreen.kt:199:68 Unresolved reference: k
e: file:///workspace/android/app/src/main/java/com/hydra/panel/ui/screens/ClientsScreen.kt:200:66 Unresolved reference: k
e: file:///workspace/android/app/src/main/java/com/hydra/panel/ui/screens/ClientsScreen.kt:203:79 Unresolved reference: k
e: file:///workspace/android/app/src/main/java/com/hydra/panel/ui/screens/ClientsScreen.kt:203:102 Unresolved reference: k
e: file:///workspace/android/app/src/main/java/com/hydra/panel/ui/screens/ClientsScreen.kt:209:17 Unresolved reference: item
e: file:///workspace/android/app/src/main/java/com/hydra/panel/ui/screens/ClientsScreen.kt:209:24 @Composable invocations can only happen from the context of a @Composable function
e: file:///workspace/android/app/src/main/java/com/hydra/panel/ui/screens/ClientsScreen.kt:210:17 Unresolved reference. None of the following candidates is applicable because of receiver type mismatch: 
public inline fun <T> LazyListScope.items(items: Array<TypeVariable(T)>, noinline key: ((item: TypeVariable(T)) -> Any)? = ..., noinline contentType: (item: TypeVariable(T)) -> Any? = ..., crossinline itemContent: LazyItemScope.(item: TypeVariable(T)) -> Unit): Unit defined in androidx.compose.foundation.lazy
public inline fun <T> LazyListScope.items(items: List<TypeVariable(T)>, noinline key: ((item: TypeVariable(T)) -> Any)? = ..., noinline contentType: (item: TypeVariable(T)) -> Any? = ..., crossinline itemContent: LazyItemScope.(item: TypeVariable(T)) -> Unit): Unit defined in androidx.compose.foundation.lazy
e: file:///workspace/android/app/src/main/java/com/hydra/panel/ui/screens/ClientsScreen.kt:210:34 Cannot infer a type for this parameter. Please specify it explicitly.
e: file:///workspace/android/app/src/main/java/com/hydra/panel/ui/screens/ClientsScreen.kt:211:21 @Composable invocations can only happen from the context of a @Composable function
e: file:///workspace/android/app/src/main/java/com/hydra/panel/ui/screens/ClientsScreen.kt:215:37 None of the following functions can be called with the arguments supplied: 
public fun Text(text: AnnotatedString, modifier: Modifier = ..., color: Color = ..., fontSize: TextUnit = ..., fontStyle: FontStyle? = ..., fontWeight: FontWeight? = ..., fontFamily: FontFamily? = ..., letterSpacing: TextUnit = ..., textDecoration: TextDecoration? = ..., textAlign: TextAlign? = ..., lineHeight: TextUnit = ..., overflow: TextOverflow = ..., softWrap: Boolean = ..., maxLines: Int = ..., minLines: Int = ..., inlineContent: Map<String, InlineTextContent> = ..., onTextLayout: (TextLayoutResult) -> Unit = ..., style: TextStyle = ...): Unit defined in androidx.compose.material3
public fun Text(text: String, modifier: Modifier = ..., color: Color = ..., fontSize: TextUnit = ..., fontStyle: FontStyle? = ..., fontWeight: FontWeight? = ..., fontFamily: FontFamily? = ..., letterSpacing: TextUnit = ..., textDecoration: TextDecoration? = ..., textAlign: TextAlign? = ..., lineHeight: TextUnit = ..., overflow: TextOverflow = ..., softWrap: Boolean = ..., maxLines: Int = ..., minLines: Int = ..., onTextLayout: ((TextLayoutResult) -> Unit)? = ..., style: TextStyle = ...): Unit defined in androidx.compose.material3
e: file:///workspace/android/app/src/main/java/com/hydra/panel/ui/screens/ClientsScreen.kt:215:42 Unresolved reference: d
e: file:///workspace/android/app/src/main/java/com/hydra/panel/ui/screens/ClientsScreen.kt:215:58 Unresolved reference: d
e: file:///workspace/android/app/src/main/java/com/hydra/panel/ui/screens/ClientsScreen.kt:216:49 Unresolved reference: d
e: file:///workspace/android/app/src/main/java/com/hydra/panel/ui/screens/ClientsScreen.kt:216:74 Unresolved reference: d
e: file:///workspace/android/app/src/main/java/com/hydra/panel/ui/screens/ClientsScreen.kt:216:116 Unresolved reference: d
e: file:///workspace/android/app/src/main/java/com/hydra/panel/ui/screens/ClientsScreen.kt:220:68 Unresolved reference: d
e: file:///workspace/android/app/src/main/java/com/hydra/panel/ui/screens/ClientsScreen.kt:220:77 Unresolved reference: d
e: file:///workspace/android/app/src/main/java/com/hydra/panel/ui/screens/ClientsScreen.kt:230:37 Functions which invoke @Composable functions must be marked with the @Composable annotation
e: file:///workspace/android/app/src/main/java/com/hydra/panel/ui/screens/ClientsScreen.kt:230:37 Conflicting overloads: public fun `<no name provided>`(): Unit defined in com.hydra.panel.ui.screens in file ClientsScreen.kt, public fun `<no name provided>`(): Unit defined in com.hydra.panel.ui.screens in file ClientsScreen.kt, public fun `<no name provided>`(): Unit defined in com.hydra.panel.ui.screens in file ClientsScreen.kt, public fun `<no name provided>`(): Unit defined in com.hydra.panel.ui.screens in file ClientsScreen.kt, public fun `<no name provided>`(): Unit defined in com.hydra.panel.ui.screens in file ClientsScreen.kt, public fun `<no name provided>`(): Unit defined in com.hydra.panel.ui.screens in file KeysScreen.kt, public fun `<no name provided>`(): Unit defined in com.hydra.panel.ui.screens in file ServerDetailScreen.kt, public fun `<no name provided>`(): Unit defined in com.hydra.panel.ui.screens in file ServersScreen.kt, public fun `<no name provided>`(): Unit defined in com.hydra.panel.ui.screens in file ServersScreen.kt, public fun `<no name provided>`(): Unit defined in com.hydra.panel.ui.screens in file ServersScreen.kt
e: file:///workspace/android/app/src/main/java/com/hydra/panel/ui/screens/ClientsScreen.kt:230:37 Function declaration must have a name
e: file:///workspace/android/app/src/main/java/com/hydra/panel/ui/screens/ClientsScreen.kt:231:17 Unresolved reference: client
e: file:///workspace/android/app/src/main/java/com/hydra/panel/ui/screens/ClientsScreen.kt:232:9 @Composable invocations can only happen from the context of a @Composable function
e: file:///workspace/android/app/src/main/java/com/hydra/panel/ui/screens/ClientsScreen.kt:232:68 Unresolved reference: showEdit
e: file:///workspace/android/app/src/main/java/com/hydra/panel/ui/screens/ClientsScreen.kt:234:17 Unresolved reference: showEdit
e: file:///workspace/android/app/src/main/java/com/hydra/panel/ui/screens/ClientsScreen.kt:235:17 Unresolved reference: runner
e: file:///workspace/android/app/src/main/java/com/hydra/panel/ui/screens/ClientsScreen.kt:235:30 Unresolved reference: repo
e: file:///workspace/android/app/src/main/java/com/hydra/panel/ui/screens/ClientsScreen.kt:235:84 Unresolved reference: refresh
e: file:///workspace/android/app/src/main/java/com/hydra/panel/ui/screens/ClientsScreen.kt:235:84 Variable expected
e: file:///workspace/android/app/src/main/java/com/hydra/panel/ui/screens/ClientsScreen.kt:239:21 Functions which invoke @Composable functions must be marked with the @Composable annotation
e: file:///workspace/android/app/src/main/java/com/hydra/panel/ui/screens/ClientsScreen.kt:239:21 Conflicting overloads: public fun `<no name provided>`(): Unit defined in com.hydra.panel.ui.screens in file ClientsScreen.kt, public fun `<no name provided>`(): Unit defined in com.hydra.panel.ui.screens in file ClientsScreen.kt, public fun `<no name provided>`(): Unit defined in com.hydra.panel.ui.screens in file ClientsScreen.kt, public fun `<no name provided>`(): Unit defined in com.hydra.panel.ui.screens in file ClientsScreen.kt, public fun `<no name provided>`(): Unit defined in com.hydra.panel.ui.screens in file ClientsScreen.kt, public fun `<no name provided>`(): Unit defined in com.hydra.panel.ui.screens in file KeysScreen.kt, public fun `<no name provided>`(): Unit defined in com.hydra.panel.ui.screens in file ServerDetailScreen.kt, public fun `<no name provided>`(): Unit defined in com.hydra.panel.ui.screens in file ServersScreen.kt, public fun `<no name provided>`(): Unit defined in com.hydra.panel.ui.screens in file ServersScreen.kt, public fun `<no name provided>`(): Unit defined in com.hydra.panel.ui.screens in file ServersScreen.kt
e: file:///workspace/android/app/src/main/java/com/hydra/panel/ui/screens/ClientsScreen.kt:239:21 Function declaration must have a name
e: file:///workspace/android/app/src/main/java/com/hydra/panel/ui/screens/ClientsScreen.kt:240:9 @Composable invocations can only happen from the context of a @Composable function
e: file:///workspace/android/app/src/main/java/com/hydra/panel/ui/screens/ClientsScreen.kt:240:36 Unresolved reference: showKeyAdd
e: file:///workspace/android/app/src/main/java/com/hydra/panel/ui/screens/ClientsScreen.kt:242:17 Unresolved reference: showKeyAdd
e: file:///workspace/android/app/src/main/java/com/hydra/panel/ui/screens/ClientsScreen.kt:243:17 Unresolved reference: runner
e: file:///workspace/android/app/src/main/java/com/hydra/panel/ui/screens/ClientsScreen.kt:243:30 Unresolved reference: repo
e: file:///workspace/android/app/src/main/java/com/hydra/panel/ui/screens/ClientsScreen.kt:243:45 Unresolved reference: clientId
e: file:///workspace/android/app/src/main/java/com/hydra/panel/ui/screens/ClientsScreen.kt:243:74 Unresolved reference: refresh
e: file:///workspace/android/app/src/main/java/com/hydra/panel/ui/screens/ClientsScreen.kt:243:74 Variable expected
e: file:///workspace/android/app/src/main/java/com/hydra/panel/ui/screens/ClientsScreen.kt:247:30 Functions which invoke @Composable functions must be marked with the @Composable annotation
e: file:///workspace/android/app/src/main/java/com/hydra/panel/ui/screens/ClientsScreen.kt:247:30 Conflicting overloads: public fun `<no name provided>`(): Unit defined in com.hydra.panel.ui.screens in file ClientsScreen.kt, public fun `<no name provided>`(): Unit defined in com.hydra.panel.ui.screens in file ClientsScreen.kt, public fun `<no name provided>`(): Unit defined in com.hydra.panel.ui.screens in file ClientsScreen.kt, public fun `<no name provided>`(): Unit defined in com.hydra.panel.ui.screens in file ClientsScreen.kt, public fun `<no name provided>`(): Unit defined in com.hydra.panel.ui.screens in file ClientsScreen.kt, public fun `<no name provided>`(): Unit defined in com.hydra.panel.ui.screens in file KeysScreen.kt, public fun `<no name provided>`(): Unit defined in com.hydra.panel.ui.screens in file ServerDetailScreen.kt, public fun `<no name provided>`(): Unit defined in com.hydra.panel.ui.screens in file ServersScreen.kt, public fun `<no name provided>`(): Unit defined in com.hydra.panel.ui.screens in file ServersScreen.kt, public fun `<no name provided>`(): Unit defined in com.hydra.panel.ui.screens in file ServersScreen.kt
e: file:///workspace/android/app/src/main/java/com/hydra/panel/ui/screens/ClientsScreen.kt:247:30 Function declaration must have a name
e: file:///workspace/android/app/src/main/java/com/hydra/panel/ui/screens/ClientsScreen.kt:248:9 @Composable invocations can only happen from the context of a @Composable function
e: file:///workspace/android/app/src/main/java/com/hydra/panel/ui/screens/ClientsScreen.kt:249:27 Unresolved reference: runner
e: file:///workspace/android/app/src/main/java/com/hydra/panel/ui/screens/ClientsScreen.kt:249:40 Unresolved reference: repo
e: file:///workspace/android/app/src/main/java/com/hydra/panel/ui/screens/ClientsScreen.kt:249:58 Unresolved reference: clientId
e: file:///workspace/android/app/src/main/java/com/hydra/panel/ui/screens/ClientsScreen.kt:249:75 Unresolved reference: onBack
e: file:///workspace/android/app/src/main/java/com/hydra/panel/ui/screens/ClientsScreen.kt:250:27 Unresolved reference: pendingDeleteClient
e: file:///workspace/android/app/src/main/java/com/hydra/panel/ui/screens/ClientsScreen.kt:253:49 Functions which invoke @Composable functions must be marked with the @Composable annotation
e: file:///workspace/android/app/src/main/java/com/hydra/panel/ui/screens/ClientsScreen.kt:253:49 Conflicting overloads: public fun `<no name provided>`(): Unit defined in com.hydra.panel.ui.screens in file ClientsScreen.kt, public fun `<no name provided>`(): Unit defined in com.hydra.panel.ui.screens in file ClientsScreen.kt, public fun `<no name provided>`(): Unit defined in com.hydra.panel.ui.screens in file ClientsScreen.kt, public fun `<no name provided>`(): Unit defined in com.hydra.panel.ui.screens in file ClientsScreen.kt, public fun `<no name provided>`(): Unit defined in com.hydra.panel.ui.screens in file ClientsScreen.kt, public fun `<no name provided>`(): Unit defined in com.hydra.panel.ui.screens in file KeysScreen.kt, public fun `<no name provided>`(): Unit defined in com.hydra.panel.ui.screens in file ServerDetailScreen.kt, public fun `<no name provided>`(): Unit defined in com.hydra.panel.ui.screens in file ServersScreen.kt, public fun `<no name provided>`(): Unit defined in com.hydra.panel.ui.screens in file ServersScreen.kt, public fun `<no name provided>`(): Unit defined in com.hydra.panel.ui.screens in file ServersScreen.kt
e: file:///workspace/android/app/src/main/java/com/hydra/panel/ui/screens/ClientsScreen.kt:253:49 Function declaration must have a name
e: file:///workspace/android/app/src/main/java/com/hydra/panel/ui/screens/ClientsScreen.kt:254:9 @Composable invocations can only happen from the context of a @Composable function
e: file:///workspace/android/app/src/main/java/com/hydra/panel/ui/screens/ClientsScreen.kt:255:34 Unresolved reference: confForKey
e: file:///workspace/android/app/src/main/java/com/hydra/panel/ui/screens/ClientsScreen.kt:256:44 Unresolved reference: confForKey
e: file:///workspace/android/app/src/main/java/com/hydra/panel/ui/screens/ClientsScreen.kt:258:83 Unresolved reference: confText
e: file:///workspace/android/app/src/main/java/com/hydra/panel/ui/screens/ClientsScreen.kt:260:54 Unresolved reference: confForKey
e: file:///workspace/android/app/src/main/java/com/hydra/panel/ui/screens/ClientsScreen.kt:331:17 None of the following functions can be called with the arguments supplied: 
public fun OutlinedTextField(value: TextFieldValue, onValueChange: (TextFieldValue) -> Unit, modifier: Modifier = ..., enabled: Boolean = ..., readOnly: Boolean = ..., textStyle: TextStyle = ..., label: (() -> Unit)? = ..., placeholder: (() -> Unit)? = ..., leadingIcon: (() -> Unit)? = ..., trailingIcon: (() -> Unit)? = ..., prefix: (() -> Unit)? = ..., suffix: (() -> Unit)? = ..., supportingText: (() -> Unit)? = ..., isError: Boolean = ..., visualTransformation: VisualTransformation = ..., keyboardOptions: KeyboardOptions = ..., keyboardActions: KeyboardActions = ..., singleLine: Boolean = ..., maxLines: Int = ..., minLines: Int = ..., interactionSource: MutableInteractionSource = ..., shape: Shape = ..., colors: TextFieldColors = ...): Unit defined in androidx.compose.material3
public fun OutlinedTextField(value: String, onValueChange: (String) -> Unit, modifier: Modifier = ..., enabled: Boolean = ..., readOnly: Boolean = ..., textStyle: TextStyle = ..., label: (() -> Unit)? = ..., placeholder: (() -> Unit)? = ..., leadingIcon: (() -> Unit)? = ..., trailingIcon: (() -> Unit)? = ..., prefix: (() -> Unit)? = ..., suffix: (() -> Unit)? = ..., supportingText: (() -> Unit)? = ..., isError: Boolean = ..., visualTransformation: VisualTransformation = ..., keyboardOptions: KeyboardOptions = ..., keyboardActions: KeyboardActions = ..., singleLine: Boolean = ..., maxLines: Int = ..., minLines: Int = ..., interactionSource: MutableInteractionSource = ..., shape: Shape = ..., colors: TextFieldColors = ...): Unit defined in androidx.compose.material3
e: file:///workspace/android/app/src/main/java/com/hydra/panel/ui/screens/ClientsScreen.kt:331:46 Unresolved reference: it
e: file:///workspace/android/app/src/main/java/com/hydra/panel/ui/screens/ClientsScreen.kt:331:84 @Composable invocations can only happen from the context of a @Composable function
e: file:///workspace/android/app/src/main/java/com/hydra/panel/ui/screens/ClientsScreen.kt:334:17 None of the following functions can be called with the arguments supplied: 
public fun OutlinedTextField(value: TextFieldValue, onValueChange: (TextFieldValue) -> Unit, modifier: Modifier = ..., enabled: Boolean = ..., readOnly: Boolean = ..., textStyle: TextStyle = ..., label: (() -> Unit)? = ..., placeholder: (() -> Unit)? = ..., leadingIcon: (() -> Unit)? = ..., trailingIcon: (() -> Unit)? = ..., prefix: (() -> Unit)? = ..., suffix: (() -> Unit)? = ..., supportingText: (() -> Unit)? = ..., isError: Boolean = ..., visualTransformation: VisualTransformation = ..., keyboardOptions: KeyboardOptions = ..., keyboardActions: KeyboardActions = ..., singleLine: Boolean = ..., maxLines: Int = ..., minLines: Int = ..., interactionSource: MutableInteractionSource = ..., shape: Shape = ..., colors: TextFieldColors = ...): Unit defined in androidx.compose.material3
public fun OutlinedTextField(value: String, onValueChange: (String) -> Unit, modifier: Modifier = ..., enabled: Boolean = ..., readOnly: Boolean = ..., textStyle: TextStyle = ..., label: (() -> Unit)? = ..., placeholder: (() -> Unit)? = ..., leadingIcon: (() -> Unit)? = ..., trailingIcon: (() -> Unit)? = ..., prefix: (() -> Unit)? = ..., suffix: (() -> Unit)? = ..., supportingText: (() -> Unit)? = ..., isError: Boolean = ..., visualTransformation: VisualTransformation = ..., keyboardOptions: KeyboardOptions = ..., keyboardActions: KeyboardActions = ..., singleLine: Boolean = ..., maxLines: Int = ..., minLines: Int = ..., interactionSource: MutableInteractionSource = ..., shape: Shape = ..., colors: TextFieldColors = ...): Unit defined in androidx.compose.material3
e: file:///workspace/android/app/src/main/java/com/hydra/panel/ui/screens/ClientsScreen.kt:334:52 Unresolved reference: it
e: file:///workspace/android/app/src/main/java/com/hydra/panel/ui/screens/ClientsScreen.kt:334:68 @Composable invocations can only happen from the context of a @Composable function
e: file:///workspace/android/app/src/main/java/com/hydra/panel/ui/screens/ClientsScreen.kt:351:17 None of the following functions can be called with the arguments supplied: 
public fun OutlinedTextField(value: TextFieldValue, onValueChange: (TextFieldValue) -> Unit, modifier: Modifier = ..., enabled: Boolean = ..., readOnly: Boolean = ..., textStyle: TextStyle = ..., label: (() -> Unit)? = ..., placeholder: (() -> Unit)? = ..., leadingIcon: (() -> Unit)? = ..., trailingIcon: (() -> Unit)? = ..., prefix: (() -> Unit)? = ..., suffix: (() -> Unit)? = ..., supportingText: (() -> Unit)? = ..., isError: Boolean = ..., visualTransformation: VisualTransformation = ..., keyboardOptions: KeyboardOptions = ..., keyboardActions: KeyboardActions = ..., singleLine: Boolean = ..., maxLines: Int = ..., minLines: Int = ..., interactionSource: MutableInteractionSource = ..., shape: Shape = ..., colors: TextFieldColors = ...): Unit defined in androidx.compose.material3
public fun OutlinedTextField(value: String, onValueChange: (String) -> Unit, modifier: Modifier = ..., enabled: Boolean = ..., readOnly: Boolean = ..., textStyle: TextStyle = ..., label: (() -> Unit)? = ..., placeholder: (() -> Unit)? = ..., leadingIcon: (() -> Unit)? = ..., trailingIcon: (() -> Unit)? = ..., prefix: (() -> Unit)? = ..., suffix: (() -> Unit)? = ..., supportingText: (() -> Unit)? = ..., isError: Boolean = ..., visualTransformation: VisualTransformation = ..., keyboardOptions: KeyboardOptions = ..., keyboardActions: KeyboardActions = ..., singleLine: Boolean = ..., maxLines: Int = ..., minLines: Int = ..., interactionSource: MutableInteractionSource = ..., shape: Shape = ..., colors: TextFieldColors = ...): Unit defined in androidx.compose.material3
e: file:///workspace/android/app/src/main/java/com/hydra/panel/ui/screens/ClientsScreen.kt:351:50 Unresolved reference: it
e: file:///workspace/android/app/src/main/java/com/hydra/panel/ui/screens/ClientsScreen.kt:351:88 @Composable invocations can only happen from the context of a @Composable function
e: file:///workspace/android/app/src/main/java/com/hydra/panel/ui/screens/ClientsScreen.kt:353:17 None of the following functions can be called with the arguments supplied: 
public fun OutlinedTextField(value: TextFieldValue, onValueChange: (TextFieldValue) -> Unit, modifier: Modifier = ..., enabled: Boolean = ..., readOnly: Boolean = ..., textStyle: TextStyle = ..., label: (() -> Unit)? = ..., placeholder: (() -> Unit)? = ..., leadingIcon: (() -> Unit)? = ..., trailingIcon: (() -> Unit)? = ..., prefix: (() -> Unit)? = ..., suffix: (() -> Unit)? = ..., supportingText: (() -> Unit)? = ..., isError: Boolean = ..., visualTransformation: VisualTransformation = ..., keyboardOptions: KeyboardOptions = ..., keyboardActions: KeyboardActions = ..., singleLine: Boolean = ..., maxLines: Int = ..., minLines: Int = ..., interactionSource: MutableInteractionSource = ..., shape: Shape = ..., colors: TextFieldColors = ...): Unit defined in androidx.compose.material3
public fun OutlinedTextField(value: String, onValueChange: (String) -> Unit, modifier: Modifier = ..., enabled: Boolean = ..., readOnly: Boolean = ..., textStyle: TextStyle = ..., label: (() -> Unit)? = ..., placeholder: (() -> Unit)? = ..., leadingIcon: (() -> Unit)? = ..., trailingIcon: (() -> Unit)? = ..., prefix: (() -> Unit)? = ..., suffix: (() -> Unit)? = ..., supportingText: (() -> Unit)? = ..., isError: Boolean = ..., visualTransformation: VisualTransformation = ..., keyboardOptions: KeyboardOptions = ..., keyboardActions: KeyboardActions = ..., singleLine: Boolean = ..., maxLines: Int = ..., minLines: Int = ..., interactionSource: MutableInteractionSource = ..., shape: Shape = ..., colors: TextFieldColors = ...): Unit defined in androidx.compose.material3
e: file:///workspace/android/app/src/main/java/com/hydra/panel/ui/screens/ClientsScreen.kt:353:56 Unresolved reference: it
e: file:///workspace/android/app/src/main/java/com/hydra/panel/ui/screens/ClientsScreen.kt:353:94 @Composable invocations can only happen from the context of a @Composable function
e: file:///workspace/android/app/src/main/java/com/hydra/panel/ui/screens/DashboardScreen.kt:93:25 @Composable invocations can only happen from the context of a @Composable function
e: file:///workspace/android/app/src/main/java/com/hydra/panel/ui/screens/DevicesScreen.kt:123:1 Expecting a top level declaration
e: file:///workspace/android/app/src/main/java/com/hydra/panel/ui/screens/DevicesScreen.kt:102:56 Unresolved reference: d
e: file:///workspace/android/app/src/main/java/com/hydra/panel/ui/screens/DevicesScreen.kt:105:37 None of the following functions can be called with the arguments supplied: 
public fun Text(text: AnnotatedString, modifier: Modifier = ..., color: Color = ..., fontSize: TextUnit = ..., fontStyle: FontStyle? = ..., fontWeight: FontWeight? = ..., fontFamily: FontFamily? = ..., letterSpacing: TextUnit = ..., textDecoration: TextDecoration? = ..., textAlign: TextAlign? = ..., lineHeight: TextUnit = ..., overflow: TextOverflow = ..., softWrap: Boolean = ..., maxLines: Int = ..., minLines: Int = ..., inlineContent: Map<String, InlineTextContent> = ..., onTextLayout: (TextLayoutResult) -> Unit = ..., style: TextStyle = ...): Unit defined in androidx.compose.material3
public fun Text(text: String, modifier: Modifier = ..., color: Color = ..., fontSize: TextUnit = ..., fontStyle: FontStyle? = ..., fontWeight: FontWeight? = ..., fontFamily: FontFamily? = ..., letterSpacing: TextUnit = ..., textDecoration: TextDecoration? = ..., textAlign: TextAlign? = ..., lineHeight: TextUnit = ..., overflow: TextOverflow = ..., softWrap: Boolean = ..., maxLines: Int = ..., minLines: Int = ..., onTextLayout: ((TextLayoutResult) -> Unit)? = ..., style: TextStyle = ...): Unit defined in androidx.compose.material3
e: file:///workspace/android/app/src/main/java/com/hydra/panel/ui/screens/DevicesScreen.kt:105:42 Unresolved reference: d
e: file:///workspace/android/app/src/main/java/com/hydra/panel/ui/screens/DevicesScreen.kt:105:65 Unresolved reference: d
e: file:///workspace/android/app/src/main/java/com/hydra/panel/ui/screens/DevicesScreen.kt:107:44 Unresolved reference: d
e: file:///workspace/android/app/src/main/java/com/hydra/panel/ui/screens/DevicesScreen.kt:107:73 Unresolved reference: d
e: file:///workspace/android/app/src/main/java/com/hydra/panel/ui/screens/DevicesScreen.kt:107:98 Unresolved reference: d
e: file:///workspace/android/app/src/main/java/com/hydra/panel/ui/screens/DevicesScreen.kt:107:147 Unresolved reference: d
e: file:///workspace/android/app/src/main/java/com/hydra/panel/ui/screens/DevicesScreen.kt:112:68 Unresolved reference: d
e: file:///workspace/android/app/src/main/java/com/hydra/panel/ui/screens/DevicesScreen.kt:112:77 Unresolved reference: d
e: file:///workspace/android/app/src/main/java/com/hydra/panel/ui/screens/DevicesScreen.kt:118:21 Unresolved reference: item
e: file:///workspace/android/app/src/main/java/com/hydra/panel/ui/screens/DevicesScreen.kt:118:28 @Composable invocations can only happen from the context of a @Composable function
e: file:///workspace/android/app/src/main/java/com/hydra/panel/ui/screens/KeysScreen.kt:119:5 Expecting a top level declaration
e: file:///workspace/android/app/src/main/java/com/hydra/panel/ui/screens/KeysScreen.kt:121:5 Expecting a top level declaration
e: file:///workspace/android/app/src/main/java/com/hydra/panel/ui/screens/KeysScreen.kt:121:8 Expecting a top level declaration
e: file:///workspace/android/app/src/main/java/com/hydra/panel/ui/screens/KeysScreen.kt:121:9 Expecting a top level declaration
e: file:///workspace/android/app/src/main/java/com/hydra/panel/ui/screens/KeysScreen.kt:121:17 Expecting a top level declaration
e: file:///workspace/android/app/src/main/java/com/hydra/panel/ui/screens/KeysScreen.kt:121:20 Expecting a top level declaration
e: file:///workspace/android/app/src/main/java/com/hydra/panel/ui/screens/KeysScreen.kt:121:25 Expecting a top level declaration
e: file:///workspace/android/app/src/main/java/com/hydra/panel/ui/screens/KeysScreen.kt:121:28 Expecting a top level declaration
e: file:///workspace/android/app/src/main/java/com/hydra/panel/ui/screens/KeysScreen.kt:121:37 Expecting a top level declaration
e: file:///workspace/android/app/src/main/java/com/hydra/panel/ui/screens/KeysScreen.kt:121:40 Expecting a top level declaration
e: file:///workspace/android/app/src/main/java/com/hydra/panel/ui/screens/KeysScreen.kt:121:44 Expecting a top level declaration
e: file:///workspace/android/app/src/main/java/com/hydra/panel/ui/screens/KeysScreen.kt:121:46 Expecting a top level declaration
e: file:///workspace/android/app/src/main/java/com/hydra/panel/ui/screens/KeysScreen.kt:133:1 Expecting a top level declaration
e: file:///workspace/android/app/src/main/java/com/hydra/panel/ui/screens/KeysScreen.kt:63:17 Unresolved reference. None of the following candidates is applicable because of receiver type mismatch: 
public inline fun <T> LazyListScope.items(items: Array<TypeVariable(T)>, noinline key: ((item: TypeVariable(T)) -> Any)? = ..., noinline contentType: (item: TypeVariable(T)) -> Any? = ..., crossinline itemContent: LazyItemScope.(item: TypeVariable(T)) -> Unit): Unit defined in androidx.compose.foundation.lazy
public inline fun <T> LazyListScope.items(items: List<TypeVariable(T)>, noinline key: ((item: TypeVariable(T)) -> Any)? = ..., noinline contentType: (item: TypeVariable(T)) -> Any? = ..., crossinline itemContent: LazyItemScope.(item: TypeVariable(T)) -> Unit): Unit defined in androidx.compose.foundation.lazy
e: file:///workspace/android/app/src/main/java/com/hydra/panel/ui/screens/KeysScreen.kt:63:44 Cannot infer a type for this parameter. Please specify it explicitly.
e: file:///workspace/android/app/src/main/java/com/hydra/panel/ui/screens/KeysScreen.kt:64:21 @Composable invocations can only happen from the context of a @Composable function
e: file:///workspace/android/app/src/main/java/com/hydra/panel/ui/screens/KeysScreen.kt:84:21 'inline fun <T> LazyListScope.items(items: List<AccessKey>, noinline key: ((item: AccessKey) -> Any)? = ..., noinline contentType: (item: AccessKey) -> Any? = ..., crossinline itemContent: LazyItemScope.(item: AccessKey) -> Unit): Unit' can't be called in this context by implicit receiver. Use the explicit one if necessary
e: file:///workspace/android/app/src/main/java/com/hydra/panel/ui/screens/KeysScreen.kt:121:46 Functions which invoke @Composable functions must be marked with the @Composable annotation
e: file:///workspace/android/app/src/main/java/com/hydra/panel/ui/screens/KeysScreen.kt:121:46 Conflicting overloads: public fun `<no name provided>`(): Unit defined in com.hydra.panel.ui.screens in file ClientsScreen.kt, public fun `<no name provided>`(): Unit defined in com.hydra.panel.ui.screens in file ClientsScreen.kt, public fun `<no name provided>`(): Unit defined in com.hydra.panel.ui.screens in file ClientsScreen.kt, public fun `<no name provided>`(): Unit defined in com.hydra.panel.ui.screens in file ClientsScreen.kt, public fun `<no name provided>`(): Unit defined in com.hydra.panel.ui.screens in file ClientsScreen.kt, public fun `<no name provided>`(): Unit defined in com.hydra.panel.ui.screens in file KeysScreen.kt, public fun `<no name provided>`(): Unit defined in com.hydra.panel.ui.screens in file ServerDetailScreen.kt, public fun `<no name provided>`(): Unit defined in com.hydra.panel.ui.screens in file ServersScreen.kt, public fun `<no name provided>`(): Unit defined in com.hydra.panel.ui.screens in file ServersScreen.kt, public fun `<no name provided>`(): Unit defined in com.hydra.panel.ui.screens in file ServersScreen.kt
e: file:///workspace/android/app/src/main/java/com/hydra/panel/ui/screens/KeysScreen.kt:121:46 Function declaration must have a name
e: file:///workspace/android/app/src/main/java/com/hydra/panel/ui/screens/KeysScreen.kt:122:9 @Composable invocations can only happen from the context of a @Composable function
e: file:///workspace/android/app/src/main/java/com/hydra/panel/ui/screens/KeysScreen.kt:123:34 Unresolved reference: confKey
e: file:///workspace/android/app/src/main/java/com/hydra/panel/ui/screens/KeysScreen.kt:124:44 Unresolved reference: confKey
e: file:///workspace/android/app/src/main/java/com/hydra/panel/ui/screens/KeysScreen.kt:127:30 Unresolved reference: confText
e: file:///workspace/android/app/src/main/java/com/hydra/panel/ui/screens/KeysScreen.kt:130:54 Unresolved reference: confKey
e: file:///workspace/android/app/src/main/java/com/hydra/panel/ui/screens/LoginScreen.kt:96:74 @Composable invocations can only happen from the context of a @Composable function
e: file:///workspace/android/app/src/main/java/com/hydra/panel/ui/screens/ServerDetailScreen.kt:173:5 Expecting a top level declaration
e: file:///workspace/android/app/src/main/java/com/hydra/panel/ui/screens/ServerDetailScreen.kt:173:8 Expecting a top level declaration
e: file:///workspace/android/app/src/main/java/com/hydra/panel/ui/screens/ServerDetailScreen.kt:173:9 Expecting a top level declaration
e: file:///workspace/android/app/src/main/java/com/hydra/panel/ui/screens/ServerDetailScreen.kt:173:22 Expecting a top level declaration
e: file:///workspace/android/app/src/main/java/com/hydra/panel/ui/screens/ServerDetailScreen.kt:173:24 Expecting a top level declaration
e: file:///workspace/android/app/src/main/java/com/hydra/panel/ui/screens/ServerDetailScreen.kt:177:1 Expecting a top level declaration
e: file:///workspace/android/app/src/main/java/com/hydra/panel/ui/screens/ServerDetailScreen.kt:107:43 Unresolved reference: pr
e: file:///workspace/android/app/src/main/java/com/hydra/panel/ui/screens/ServerDetailScreen.kt:110:42 Unresolved reference: pr
e: file:///workspace/android/app/src/main/java/com/hydra/panel/ui/screens/ServerDetailScreen.kt:111:50 Unresolved reference: pr
e: file:///workspace/android/app/src/main/java/com/hydra/panel/ui/screens/ServerDetailScreen.kt:111:76 Unresolved reference: pr
e: file:///workspace/android/app/src/main/java/com/hydra/panel/ui/screens/ServerDetailScreen.kt:114:103 Unresolved reference: pr
e: file:///workspace/android/app/src/main/java/com/hydra/panel/ui/screens/ServerDetailScreen.kt:122:21 Unresolved reference: item
e: file:///workspace/android/app/src/main/java/com/hydra/panel/ui/screens/ServerDetailScreen.kt:122:28 @Composable invocations can only happen from the context of a @Composable function
e: file:///workspace/android/app/src/main/java/com/hydra/panel/ui/screens/ServerDetailScreen.kt:135:21 Unresolved reference: item
e: file:///workspace/android/app/src/main/java/com/hydra/panel/ui/screens/ServerDetailScreen.kt:135:28 @Composable invocations can only happen from the context of a @Composable function
e: file:///workspace/android/app/src/main/java/com/hydra/panel/ui/screens/ServerDetailScreen.kt:136:21 Unresolved reference: item
e: file:///workspace/android/app/src/main/java/com/hydra/panel/ui/screens/ServerDetailScreen.kt:137:25 @Composable invocations can only happen from the context of a @Composable function
e: file:///workspace/android/app/src/main/java/com/hydra/panel/ui/screens/ServerDetailScreen.kt:137:77 @Composable invocations can only happen from the context of a @Composable function
e: file:///workspace/android/app/src/main/java/com/hydra/panel/ui/screens/ServerDetailScreen.kt:147:17 Unresolved reference: item
e: file:///workspace/android/app/src/main/java/com/hydra/panel/ui/screens/ServerDetailScreen.kt:147:24 @Composable invocations can only happen from the context of a @Composable function
e: file:///workspace/android/app/src/main/java/com/hydra/panel/ui/screens/ServerDetailScreen.kt:148:17 Unresolved reference: item
e: file:///workspace/android/app/src/main/java/com/hydra/panel/ui/screens/ServerDetailScreen.kt:149:21 @Composable invocations can only happen from the context of a @Composable function
e: file:///workspace/android/app/src/main/java/com/hydra/panel/ui/screens/ServerDetailScreen.kt:173:24 Functions which invoke @Composable functions must be marked with the @Composable annotation
e: file:///workspace/android/app/src/main/java/com/hydra/panel/ui/screens/ServerDetailScreen.kt:173:24 Conflicting overloads: public fun `<no name provided>`(): Unit defined in com.hydra.panel.ui.screens in file ClientsScreen.kt, public fun `<no name provided>`(): Unit defined in com.hydra.panel.ui.screens in file ClientsScreen.kt, public fun `<no name provided>`(): Unit defined in com.hydra.panel.ui.screens in file ClientsScreen.kt, public fun `<no name provided>`(): Unit defined in com.hydra.panel.ui.screens in file ClientsScreen.kt, public fun `<no name provided>`(): Unit defined in com.hydra.panel.ui.screens in file ClientsScreen.kt, public fun `<no name provided>`(): Unit defined in com.hydra.panel.ui.screens in file KeysScreen.kt, public fun `<no name provided>`(): Unit defined in com.hydra.panel.ui.screens in file ServerDetailScreen.kt, public fun `<no name provided>`(): Unit defined in com.hydra.panel.ui.screens in file ServersScreen.kt, public fun `<no name provided>`(): Unit defined in com.hydra.panel.ui.screens in file ServersScreen.kt, public fun `<no name provided>`(): Unit defined in com.hydra.panel.ui.screens in file ServersScreen.kt
e: file:///workspace/android/app/src/main/java/com/hydra/panel/ui/screens/ServerDetailScreen.kt:173:24 Function declaration must have a name
e: file:///workspace/android/app/src/main/java/com/hydra/panel/ui/screens/ServerDetailScreen.kt:174:9 @Composable invocations can only happen from the context of a @Composable function
e: file:///workspace/android/app/src/main/java/com/hydra/panel/ui/screens/ServerDetailScreen.kt:174:39 Unresolved reference: serverId
e: file:///workspace/android/app/src/main/java/com/hydra/panel/ui/screens/ServerDetailScreen.kt:175:27 Unresolved reference: runner
e: file:///workspace/android/app/src/main/java/com/hydra/panel/ui/screens/ServerDetailScreen.kt:175:40 Unresolved reference: repo
e: file:///workspace/android/app/src/main/java/com/hydra/panel/ui/screens/ServerDetailScreen.kt:175:52 Unresolved reference: serverId
e: file:///workspace/android/app/src/main/java/com/hydra/panel/ui/screens/ServerDetailScreen.kt:175:81 Unresolved reference: confirmReboot
e: file:///workspace/android/app/src/main/java/com/hydra/panel/ui/screens/ServersScreen.kt:104:5 Expecting a top level declaration
e: file:///workspace/android/app/src/main/java/com/hydra/panel/ui/screens/ServersScreen.kt:106:5 Expecting a top level declaration
e: file:///workspace/android/app/src/main/java/com/hydra/panel/ui/screens/ServersScreen.kt:106:8 Expecting a top level declaration
e: file:///workspace/android/app/src/main/java/com/hydra/panel/ui/screens/ServersScreen.kt:106:9 Expecting a top level declaration
e: file:///workspace/android/app/src/main/java/com/hydra/panel/ui/screens/ServersScreen.kt:106:16 Expecting a top level declaration
e: file:///workspace/android/app/src/main/java/com/hydra/panel/ui/screens/ServersScreen.kt:106:18 Expecting a top level declaration
e: file:///workspace/android/app/src/main/java/com/hydra/panel/ui/screens/ServersScreen.kt:106:33 Expecting a top level declaration
e: file:///workspace/android/app/src/main/java/com/hydra/panel/ui/screens/ServersScreen.kt:106:34 Expecting a top level declaration
e: file:///workspace/android/app/src/main/java/com/hydra/panel/ui/screens/ServersScreen.kt:106:44 Expecting a top level declaration
e: file:///workspace/android/app/src/main/java/com/hydra/panel/ui/screens/ServersScreen.kt:106:46 Expecting a top level declaration
e: file:///workspace/android/app/src/main/java/com/hydra/panel/ui/screens/ServersScreen.kt:106:65 Expecting a top level declaration
e: file:///workspace/android/app/src/main/java/com/hydra/panel/ui/screens/ServersScreen.kt:106:67 Expecting a top level declaration
e: file:///workspace/android/app/src/main/java/com/hydra/panel/ui/screens/ServersScreen.kt:106:76 Expecting a top level declaration
e: file:///workspace/android/app/src/main/java/com/hydra/panel/ui/screens/ServersScreen.kt:106:78 Expecting a top level declaration
e: file:///workspace/android/app/src/main/java/com/hydra/panel/ui/screens/ServersScreen.kt:106:82 Unexpected tokens (use ';' to separate expressions on the same line)
e: file:///workspace/android/app/src/main/java/com/hydra/panel/ui/screens/ServersScreen.kt:109:6 Expecting a top level declaration
e: file:///workspace/android/app/src/main/java/com/hydra/panel/ui/screens/ServersScreen.kt:111:5 Expecting a top level declaration
e: file:///workspace/android/app/src/main/java/com/hydra/panel/ui/screens/ServersScreen.kt:111:18 Expecting a top level declaration
e: file:///workspace/android/app/src/main/java/com/hydra/panel/ui/screens/ServersScreen.kt:111:20 Expecting a top level declaration
e: file:///workspace/android/app/src/main/java/com/hydra/panel/ui/screens/ServersScreen.kt:111:24 Expecting a top level declaration
e: file:///workspace/android/app/src/main/java/com/hydra/panel/ui/screens/ServersScreen.kt:111:29 Unexpected tokens (use ';' to separate expressions on the same line)
e: file:///workspace/android/app/src/main/java/com/hydra/panel/ui/screens/ServersScreen.kt:116:1 Expecting a top level declaration
e: file:///workspace/android/app/src/main/java/com/hydra/panel/ui/screens/ServersScreen.kt:70:17 Unresolved reference: item
e: file:///workspace/android/app/src/main/java/com/hydra/panel/ui/screens/ServersScreen.kt:70:24 @Composable invocations can only happen from the context of a @Composable function
e: file:///workspace/android/app/src/main/java/com/hydra/panel/ui/screens/ServersScreen.kt:72:21 Unresolved reference: item
e: file:///workspace/android/app/src/main/java/com/hydra/panel/ui/screens/ServersScreen.kt:72:28 @Composable invocations can only happen from the context of a @Composable function
e: file:///workspace/android/app/src/main/java/com/hydra/panel/ui/screens/ServersScreen.kt:72:126 @Composable invocations can only happen from the context of a @Composable function
e: file:///workspace/android/app/src/main/java/com/hydra/panel/ui/screens/ServersScreen.kt:74:17 Unresolved reference. None of the following candidates is applicable because of receiver type mismatch: 
public inline fun <T> LazyListScope.items(items: Array<TypeVariable(T)>, noinline key: ((item: TypeVariable(T)) -> Any)? = ..., noinline contentType: (item: TypeVariable(T)) -> Any? = ..., crossinline itemContent: LazyItemScope.(item: TypeVariable(T)) -> Unit): Unit defined in androidx.compose.foundation.lazy
public inline fun <T> LazyListScope.items(items: List<TypeVariable(T)>, noinline key: ((item: TypeVariable(T)) -> Any)? = ..., noinline contentType: (item: TypeVariable(T)) -> Any? = ..., crossinline itemContent: LazyItemScope.(item: TypeVariable(T)) -> Unit): Unit defined in androidx.compose.foundation.lazy
e: file:///workspace/android/app/src/main/java/com/hydra/panel/ui/screens/ServersScreen.kt:74:34 Cannot infer a type for this parameter. Please specify it explicitly.
e: file:///workspace/android/app/src/main/java/com/hydra/panel/ui/screens/ServersScreen.kt:75:25 @Composable invocations can only happen from the context of a @Composable function
e: file:///workspace/android/app/src/main/java/com/hydra/panel/ui/screens/ServersScreen.kt:75:55 Unresolved reference: s
e: file:///workspace/android/app/src/main/java/com/hydra/panel/ui/screens/ServersScreen.kt:78:47 Unresolved reference: s
e: file:///workspace/android/app/src/main/java/com/hydra/panel/ui/screens/ServersScreen.kt:81:46 Unresolved reference: s
e: file:///workspace/android/app/src/main/java/com/hydra/panel/ui/screens/ServersScreen.kt:82:49 Unresolved reference: s
e: file:///workspace/android/app/src/main/java/com/hydra/panel/ui/screens/ServersScreen.kt:82:57 Unresolved reference: s
e: file:///workspace/android/app/src/main/java/com/hydra/panel/ui/screens/ServersScreen.kt:82:78 Unresolved reference: s
e: file:///workspace/android/app/src/main/java/com/hydra/panel/ui/screens/ServersScreen.kt:85:80 Unresolved reference: s
e: file:///workspace/android/app/src/main/java/com/hydra/panel/ui/screens/ServersScreen.kt:87:43 Unresolved reference: s
e: file:///workspace/android/app/src/main/java/com/hydra/panel/ui/screens/ServersScreen.kt:106:46 Conflicting overloads: public fun `<no name provided>`(): Unit defined in com.hydra.panel.ui.screens in file ClientsScreen.kt, public fun `<no name provided>`(): Unit defined in com.hydra.panel.ui.screens in file ClientsScreen.kt, public fun `<no name provided>`(): Unit defined in com.hydra.panel.ui.screens in file ClientsScreen.kt, public fun `<no name provided>`(): Unit defined in com.hydra.panel.ui.screens in file ClientsScreen.kt, public fun `<no name provided>`(): Unit defined in com.hydra.panel.ui.screens in file ClientsScreen.kt, public fun `<no name provided>`(): Unit defined in com.hydra.panel.ui.screens in file KeysScreen.kt, public fun `<no name provided>`(): Unit defined in com.hydra.panel.ui.screens in file ServerDetailScreen.kt, public fun `<no name provided>`(): Unit defined in com.hydra.panel.ui.screens in file ServersScreen.kt, public fun `<no name provided>`(): Unit defined in com.hydra.panel.ui.screens in file ServersScreen.kt, public fun `<no name provided>`(): Unit defined in com.hydra.panel.ui.screens in file ServersScreen.kt
e: file:///workspace/android/app/src/main/java/com/hydra/panel/ui/screens/ServersScreen.kt:106:46 Function declaration must have a name
e: file:///workspace/android/app/src/main/java/com/hydra/panel/ui/screens/ServersScreen.kt:106:48 Unresolved reference: showAdd
e: file:///workspace/android/app/src/main/java/com/hydra/panel/ui/screens/ServersScreen.kt:106:78 Conflicting overloads: public fun `<no name provided>`(): Unit defined in com.hydra.panel.ui.screens in file ClientsScreen.kt, public fun `<no name provided>`(): Unit defined in com.hydra.panel.ui.screens in file ClientsScreen.kt, public fun `<no name provided>`(): Unit defined in com.hydra.panel.ui.screens in file ClientsScreen.kt, public fun `<no name provided>`(): Unit defined in com.hydra.panel.ui.screens in file ClientsScreen.kt, public fun `<no name provided>`(): Unit defined in com.hydra.panel.ui.screens in file ClientsScreen.kt, public fun `<no name provided>`(): Unit defined in com.hydra.panel.ui.screens in file KeysScreen.kt, public fun `<no name provided>`(): Unit defined in com.hydra.panel.ui.screens in file ServerDetailScreen.kt, public fun `<no name provided>`(): Unit defined in com.hydra.panel.ui.screens in file ServersScreen.kt, public fun `<no name provided>`(): Unit defined in com.hydra.panel.ui.screens in file ServersScreen.kt, public fun `<no name provided>`(): Unit defined in com.hydra.panel.ui.screens in file ServersScreen.kt
e: file:///workspace/android/app/src/main/java/com/hydra/panel/ui/screens/ServersScreen.kt:106:78 Function declaration must have a name
e: file:///workspace/android/app/src/main/java/com/hydra/panel/ui/screens/ServersScreen.kt:106:80 Unresolved reference: id
e: file:///workspace/android/app/src/main/java/com/hydra/panel/ui/screens/ServersScreen.kt:107:9 Unresolved reference: showAdd
e: file:///workspace/android/app/src/main/java/com/hydra/panel/ui/screens/ServersScreen.kt:108:9 Unresolved reference: runner
e: file:///workspace/android/app/src/main/java/com/hydra/panel/ui/screens/ServersScreen.kt:108:22 Unresolved reference: repo
e: file:///workspace/android/app/src/main/java/com/hydra/panel/ui/screens/ServersScreen.kt:108:40 Unresolved reference: id
e: file:///workspace/android/app/src/main/java/com/hydra/panel/ui/screens/ServersScreen.kt:108:44 Unresolved reference: ip
e: file:///workspace/android/app/src/main/java/com/hydra/panel/ui/screens/ServersScreen.kt:108:48 Unresolved reference: loc
e: file:///workspace/android/app/src/main/java/com/hydra/panel/ui/screens/ServersScreen.kt:108:53 Unresolved reference: city
e: file:///workspace/android/app/src/main/java/com/hydra/panel/ui/screens/ServersScreen.kt:108:59 Unresolved reference: bw
e: file:///workspace/android/app/src/main/java/com/hydra/panel/ui/screens/ServersScreen.kt:108:63 Unresolved reference: port
e: file:///workspace/android/app/src/main/java/com/hydra/panel/ui/screens/ServersScreen.kt:108:69 Unresolved reference: pass
e: file:///workspace/android/app/src/main/java/com/hydra/panel/ui/screens/ServersScreen.kt:108:82 Unresolved reference: refresh
e: file:///workspace/android/app/src/main/java/com/hydra/panel/ui/screens/ServersScreen.kt:108:82 Variable expected
e: file:///workspace/android/app/src/main/java/com/hydra/panel/ui/screens/ServersScreen.kt:111:24 Functions which invoke @Composable functions must be marked with the @Composable annotation
e: file:///workspace/android/app/src/main/java/com/hydra/panel/ui/screens/ServersScreen.kt:111:24 Conflicting overloads: public fun `<no name provided>`(): Unit defined in com.hydra.panel.ui.screens in file ClientsScreen.kt, public fun `<no name provided>`(): Unit defined in com.hydra.panel.ui.screens in file ClientsScreen.kt, public fun `<no name provided>`(): Unit defined in com.hydra.panel.ui.screens in file ClientsScreen.kt, public fun `<no name provided>`(): Unit defined in com.hydra.panel.ui.screens in file ClientsScreen.kt, public fun `<no name provided>`(): Unit defined in com.hydra.panel.ui.screens in file ClientsScreen.kt, public fun `<no name provided>`(): Unit defined in com.hydra.panel.ui.screens in file KeysScreen.kt, public fun `<no name provided>`(): Unit defined in com.hydra.panel.ui.screens in file ServerDetailScreen.kt, public fun `<no name provided>`(): Unit defined in com.hydra.panel.ui.screens in file ServersScreen.kt, public fun `<no name provided>`(): Unit defined in com.hydra.panel.ui.screens in file ServersScreen.kt, public fun `<no name provided>`(): Unit defined in com.hydra.panel.ui.screens in file ServersScreen.kt
e: file:///workspace/android/app/src/main/java/com/hydra/panel/ui/screens/ServersScreen.kt:111:24 Function declaration must have a name
e: file:///workspace/android/app/src/main/java/com/hydra/panel/ui/screens/ServersScreen.kt:111:26 Unresolved reference: id
e: file:///workspace/android/app/src/main/java/com/hydra/panel/ui/screens/ServersScreen.kt:112:9 @Composable invocations can only happen from the context of a @Composable function
e: file:///workspace/android/app/src/main/java/com/hydra/panel/ui/screens/ServersScreen.kt:112:40 Unresolved reference: id
e: file:///workspace/android/app/src/main/java/com/hydra/panel/ui/screens/ServersScreen.kt:113:27 Unresolved reference: runner
e: file:///workspace/android/app/src/main/java/com/hydra/panel/ui/screens/ServersScreen.kt:113:40 Unresolved reference: repo
e: file:///workspace/android/app/src/main/java/com/hydra/panel/ui/screens/ServersScreen.kt:113:58 Unresolved reference: id
e: file:///workspace/android/app/src/main/java/com/hydra/panel/ui/screens/ServersScreen.kt:113:69 Unresolved reference: refresh
e: file:///workspace/android/app/src/main/java/com/hydra/panel/ui/screens/ServersScreen.kt:113:69 Variable expected
e: file:///workspace/android/app/src/main/java/com/hydra/panel/ui/screens/ServersScreen.kt:114:27 Unresolved reference: pendingDelete
e: file:///workspace/android/app/src/main/java/com/hydra/panel/ui/screens/ServersScreen.kt:134:17 None of the following functions can be called with the arguments supplied: 
public fun OutlinedTextField(value: TextFieldValue, onValueChange: (TextFieldValue) -> Unit, modifier: Modifier = ..., enabled: Boolean = ..., readOnly: Boolean = ..., textStyle: TextStyle = ..., label: (() -> Unit)? = ..., placeholder: (() -> Unit)? = ..., leadingIcon: (() -> Unit)? = ..., trailingIcon: (() -> Unit)? = ..., prefix: (() -> Unit)? = ..., suffix: (() -> Unit)? = ..., supportingText: (() -> Unit)? = ..., isError: Boolean = ..., visualTransformation: VisualTransformation = ..., keyboardOptions: KeyboardOptions = ..., keyboardActions: KeyboardActions = ..., singleLine: Boolean = ..., maxLines: Int = ..., minLines: Int = ..., interactionSource: MutableInteractionSource = ..., shape: Shape = ..., colors: TextFieldColors = ...): Unit defined in androidx.compose.material3
public fun OutlinedTextField(value: String, onValueChange: (String) -> Unit, modifier: Modifier = ..., enabled: Boolean = ..., readOnly: Boolean = ..., textStyle: TextStyle = ..., label: (() -> Unit)? = ..., placeholder: (() -> Unit)? = ..., leadingIcon: (() -> Unit)? = ..., trailingIcon: (() -> Unit)? = ..., prefix: (() -> Unit)? = ..., suffix: (() -> Unit)? = ..., supportingText: (() -> Unit)? = ..., isError: Boolean = ..., visualTransformation: VisualTransformation = ..., keyboardOptions: KeyboardOptions = ..., keyboardActions: KeyboardActions = ..., singleLine: Boolean = ..., maxLines: Int = ..., minLines: Int = ..., interactionSource: MutableInteractionSource = ..., shape: Shape = ..., colors: TextFieldColors = ...): Unit defined in androidx.compose.material3
e: file:///workspace/android/app/src/main/java/com/hydra/panel/ui/screens/ServersScreen.kt:134:46 Unresolved reference: it
e: file:///workspace/android/app/src/main/java/com/hydra/panel/ui/screens/ServersScreen.kt:134:62 @Composable invocations can only happen from the context of a @Composable function
e: file:///workspace/android/app/src/main/java/com/hydra/panel/ui/screens/ServersScreen.kt:140:48 None of the following functions can be called with the arguments supplied: 
public fun OutlinedTextField(value: TextFieldValue, onValueChange: (TextFieldValue) -> Unit, modifier: Modifier = ..., enabled: Boolean = ..., readOnly: Boolean = ..., textStyle: TextStyle = ..., label: (() -> Unit)? = ..., placeholder: (() -> Unit)? = ..., leadingIcon: (() -> Unit)? = ..., trailingIcon: (() -> Unit)? = ..., prefix: (() -> Unit)? = ..., suffix: (() -> Unit)? = ..., supportingText: (() -> Unit)? = ..., isError: Boolean = ..., visualTransformation: VisualTransformation = ..., keyboardOptions: KeyboardOptions = ..., keyboardActions: KeyboardActions = ..., singleLine: Boolean = ..., maxLines: Int = ..., minLines: Int = ..., interactionSource: MutableInteractionSource = ..., shape: Shape = ..., colors: TextFieldColors = ...): Unit defined in androidx.compose.material3
public fun OutlinedTextField(value: String, onValueChange: (String) -> Unit, modifier: Modifier = ..., enabled: Boolean = ..., readOnly: Boolean = ..., textStyle: TextStyle = ..., label: (() -> Unit)? = ..., placeholder: (() -> Unit)? = ..., leadingIcon: (() -> Unit)? = ..., trailingIcon: (() -> Unit)? = ..., prefix: (() -> Unit)? = ..., suffix: (() -> Unit)? = ..., supportingText: (() -> Unit)? = ..., isError: Boolean = ..., visualTransformation: VisualTransformation = ..., keyboardOptions: KeyboardOptions = ..., keyboardActions: KeyboardActions = ..., singleLine: Boolean = ..., maxLines: Int = ..., minLines: Int = ..., interactionSource: MutableInteractionSource = ..., shape: Shape = ..., colors: TextFieldColors = ...): Unit defined in androidx.compose.material3
e: file:///workspace/android/app/src/main/java/com/hydra/panel/ui/screens/ServersScreen.kt:140:77 Unresolved reference: it
e: file:///workspace/android/app/src/main/java/com/hydra/panel/ui/screens/ServersScreen.kt:140:115 @Composable invocations can only happen from the context of a @Composable function
e: file:///workspace/android/app/src/main/java/com/hydra/panel/ui/screens/ServersScreen.kt:141:48 None of the following functions can be called with the arguments supplied: 
public fun OutlinedTextField(value: TextFieldValue, onValueChange: (TextFieldValue) -> Unit, modifier: Modifier = ..., enabled: Boolean = ..., readOnly: Boolean = ..., textStyle: TextStyle = ..., label: (() -> Unit)? = ..., placeholder: (() -> Unit)? = ..., leadingIcon: (() -> Unit)? = ..., trailingIcon: (() -> Unit)? = ..., prefix: (() -> Unit)? = ..., suffix: (() -> Unit)? = ..., supportingText: (() -> Unit)? = ..., isError: Boolean = ..., visualTransformation: VisualTransformation = ..., keyboardOptions: KeyboardOptions = ..., keyboardActions: KeyboardActions = ..., singleLine: Boolean = ..., maxLines: Int = ..., minLines: Int = ..., interactionSource: MutableInteractionSource = ..., shape: Shape = ..., colors: TextFieldColors = ...): Unit defined in androidx.compose.material3
public fun OutlinedTextField(value: String, onValueChange: (String) -> Unit, modifier: Modifier = ..., enabled: Boolean = ..., readOnly: Boolean = ..., textStyle: TextStyle = ..., label: (() -> Unit)? = ..., placeholder: (() -> Unit)? = ..., leadingIcon: (() -> Unit)? = ..., trailingIcon: (() -> Unit)? = ..., prefix: (() -> Unit)? = ..., suffix: (() -> Unit)? = ..., supportingText: (() -> Unit)? = ..., isError: Boolean = ..., visualTransformation: VisualTransformation = ..., keyboardOptions: KeyboardOptions = ..., keyboardActions: KeyboardActions = ..., singleLine: Boolean = ..., maxLines: Int = ..., minLines: Int = ..., interactionSource: MutableInteractionSource = ..., shape: Shape = ..., colors: TextFieldColors = ...): Unit defined in androidx.compose.material3
e: file:///workspace/android/app/src/main/java/com/hydra/panel/ui/screens/ServersScreen.kt:141:81 Unresolved reference: it
e: file:///workspace/android/app/src/main/java/com/hydra/panel/ui/screens/ServersScreen.kt:141:119 @Composable invocations can only happen from the context of a @Composable function
e: file:///workspace/android/app/src/main/java/com/hydra/panel/ui/screens/ServersScreen.kt:143:17 None of the following functions can be called with the arguments supplied: 
public fun OutlinedTextField(value: TextFieldValue, onValueChange: (TextFieldValue) -> Unit, modifier: Modifier = ..., enabled: Boolean = ..., readOnly: Boolean = ..., textStyle: TextStyle = ..., label: (() -> Unit)? = ..., placeholder: (() -> Unit)? = ..., leadingIcon: (() -> Unit)? = ..., trailingIcon: (() -> Unit)? = ..., prefix: (() -> Unit)? = ..., suffix: (() -> Unit)? = ..., supportingText: (() -> Unit)? = ..., isError: Boolean = ..., visualTransformation: VisualTransformation = ..., keyboardOptions: KeyboardOptions = ..., keyboardActions: KeyboardActions = ..., singleLine: Boolean = ..., maxLines: Int = ..., minLines: Int = ..., interactionSource: MutableInteractionSource = ..., shape: Shape = ..., colors: TextFieldColors = ...): Unit defined in androidx.compose.material3
public fun OutlinedTextField(value: String, onValueChange: (String) -> Unit, modifier: Modifier = ..., enabled: Boolean = ..., readOnly: Boolean = ..., textStyle: TextStyle = ..., label: (() -> Unit)? = ..., placeholder: (() -> Unit)? = ..., leadingIcon: (() -> Unit)? = ..., trailingIcon: (() -> Unit)? = ..., prefix: (() -> Unit)? = ..., suffix: (() -> Unit)? = ..., supportingText: (() -> Unit)? = ..., isError: Boolean = ..., visualTransformation: VisualTransformation = ..., keyboardOptions: KeyboardOptions = ..., keyboardActions: KeyboardActions = ..., singleLine: Boolean = ..., maxLines: Int = ..., minLines: Int = ..., interactionSource: MutableInteractionSource = ..., shape: Shape = ..., colors: TextFieldColors = ...): Unit defined in androidx.compose.material3
e: file:///workspace/android/app/src/main/java/com/hydra/panel/ui/screens/ServersScreen.kt:143:50 Unresolved reference: it
e: file:///workspace/android/app/src/main/java/com/hydra/panel/ui/screens/ServersScreen.kt:143:66 @Composable invocations can only happen from the context of a @Composable function
e: file:///workspace/android/app/src/main/java/com/hydra/panel/ui/screens/SettingsScreen.kt:76:13 None of the following functions can be called with the arguments supplied: 
public fun Text(text: AnnotatedString, modifier: Modifier = ..., color: Color = ..., fontSize: TextUnit = ..., fontStyle: FontStyle? = ..., fontWeight: FontWeight? = ..., fontFamily: FontFamily? = ..., letterSpacing: TextUnit = ..., textDecoration: TextDecoration? = ..., textAlign: TextAlign? = ..., lineHeight: TextUnit = ..., overflow: TextOverflow = ..., softWrap: Boolean = ..., maxLines: Int = ..., minLines: Int = ..., inlineContent: Map<String, InlineTextContent> = ..., onTextLayout: (TextLayoutResult) -> Unit = ..., style: TextStyle = ...): Unit defined in androidx.compose.material3
public fun Text(text: String, modifier: Modifier = ..., color: Color = ..., fontSize: TextUnit = ..., fontStyle: FontStyle? = ..., fontWeight: FontWeight? = ..., fontFamily: FontFamily? = ..., letterSpacing: TextUnit = ..., textDecoration: TextDecoration? = ..., textAlign: TextAlign? = ..., lineHeight: TextUnit = ..., overflow: TextOverflow = ..., softWrap: Boolean = ..., maxLines: Int = ..., minLines: Int = ..., onTextLayout: ((TextLayoutResult) -> Unit)? = ..., style: TextStyle = ...): Unit defined in androidx.compose.material3
e: file:///workspace/android/app/src/main/java/com/hydra/panel/ui/screens/SettingsScreen.kt:251:13 None of the following functions can be called with the arguments supplied: 
public fun Text(text: AnnotatedString, modifier: Modifier = ..., color: Color = ..., fontSize: TextUnit = ..., fontStyle: FontStyle? = ..., fontWeight: FontWeight? = ..., fontFamily: FontFamily? = ..., letterSpacing: TextUnit = ..., textDecoration: TextDecoration? = ..., textAlign: TextAlign? = ..., lineHeight: TextUnit = ..., overflow: TextOverflow = ..., softWrap: Boolean = ..., maxLines: Int = ..., minLines: Int = ..., inlineContent: Map<String, InlineTextContent> = ..., onTextLayout: (TextLayoutResult) -> Unit = ..., style: TextStyle = ...): Unit defined in androidx.compose.material3
public fun Text(text: String, modifier: Modifier = ..., color: Color = ..., fontSize: TextUnit = ..., fontStyle: FontStyle? = ..., fontWeight: FontWeight? = ..., fontFamily: FontFamily? = ..., letterSpacing: TextUnit = ..., textDecoration: TextDecoration? = ..., textAlign: TextAlign? = ..., lineHeight: TextUnit = ..., overflow: TextOverflow = ..., softWrap: Boolean = ..., maxLines: Int = ..., minLines: Int = ..., onTextLayout: ((TextLayoutResult) -> Unit)? = ..., style: TextStyle = ...): Unit defined in androidx.compose.material3
e: file:///workspace/android/app/src/main/java/com/hydra/panel/ui/screens/SettingsScreen.kt:259:17 @Composable invocations can only happen from the context of a @Composable function

FAILURE: Build failed with an exception.

* What went wrong:
Execution failed for task ':app:compileDebugKotlin'.
> A failure occurred while executing org.jetbrains.kotlin.compilerRunner.GradleCompilerRunnerWithWorkers$GradleKotlinCompilerWorkAction
   > Compilation error. See log for more details

* Try:
> Run with --stacktrace option to get the stack trace.
> Run with --info or --debug option to get more log output.
> Run with --scan to get full insights.
> Get more help at https://help.gradle.org.

BUILD FAILED in 23s
