e: file:///workspace/android/app/src/main/java/com/hydra/panel/ui/screens/ClientsScreen.kt:69:25 Unexpected tokens (use ';' to separate expressions on the same line)
e: file:///workspace/android/app/src/main/java/com/hydra/panel/ui/screens/ClientsScreen.kt:194:21 Unexpected tokens (use ';' to separate expressions on the same line)
e: file:///workspace/android/app/src/main/java/com/hydra/panel/ui/screens/ClientsScreen.kt:69:35 Unresolved reference: it
e: file:///workspace/android/app/src/main/java/com/hydra/panel/ui/screens/ClientsScreen.kt:69:43 Unresolved reference. None of the following candidates is applicable because of receiver type mismatch: 
public inline fun <T> Iterable<TypeVariable(T)>.forEach(action: (TypeVariable(T)) -> Unit): Unit defined in kotlin.collections
public inline fun <K, V> Map<out TypeVariable(K), TypeVariable(V)>.forEach(action: (Map.Entry<TypeVariable(K), TypeVariable(V)>) -> Unit): Unit defined in kotlin.collections
e: file:///workspace/android/app/src/main/java/com/hydra/panel/ui/screens/ClientsScreen.kt:69:53 Cannot infer a type for this parameter. Please specify it explicitly.
e: file:///workspace/android/app/src/main/java/com/hydra/panel/ui/screens/ClientsScreen.kt:70:21 @Composable invocations can only happen from the context of a @Composable function
e: file:///workspace/android/app/src/main/java/com/hydra/panel/ui/screens/ClientsScreen.kt:194:31 Unresolved reference: it
e: file:///workspace/android/app/src/main/java/com/hydra/panel/ui/screens/ClientsScreen.kt:194:42 Unresolved reference. None of the following candidates is applicable because of receiver type mismatch: 
public inline fun <T> Iterable<TypeVariable(T)>.forEach(action: (TypeVariable(T)) -> Unit): Unit defined in kotlin.collections
public inline fun <K, V> Map<out TypeVariable(K), TypeVariable(V)>.forEach(action: (Map.Entry<TypeVariable(K), TypeVariable(V)>) -> Unit): Unit defined in kotlin.collections
e: file:///workspace/android/app/src/main/java/com/hydra/panel/ui/screens/ClientsScreen.kt:194:52 Cannot infer a type for this parameter. Please specify it explicitly.
e: file:///workspace/android/app/src/main/java/com/hydra/panel/ui/screens/ClientsScreen.kt:195:21 @Composable invocations can only happen from the context of a @Composable function
e: file:///workspace/android/app/src/main/java/com/hydra/panel/ui/screens/ClientsScreen.kt:210:21 @Composable invocations can only happen from the context of a @Composable function
e: file:///workspace/android/app/src/main/java/com/hydra/panel/ui/screens/ClientsScreen.kt:330:17 None of the following functions can be called with the arguments supplied: 
public fun OutlinedTextField(value: TextFieldValue, onValueChange: (TextFieldValue) -> Unit, modifier: Modifier = ..., enabled: Boolean = ..., readOnly: Boolean = ..., textStyle: TextStyle = ..., label: (() -> Unit)? = ..., placeholder: (() -> Unit)? = ..., leadingIcon: (() -> Unit)? = ..., trailingIcon: (() -> Unit)? = ..., prefix: (() -> Unit)? = ..., suffix: (() -> Unit)? = ..., supportingText: (() -> Unit)? = ..., isError: Boolean = ..., visualTransformation: VisualTransformation = ..., keyboardOptions: KeyboardOptions = ..., keyboardActions: KeyboardActions = ..., singleLine: Boolean = ..., maxLines: Int = ..., minLines: Int = ..., interactionSource: MutableInteractionSource = ..., shape: Shape = ..., colors: TextFieldColors = ...): Unit defined in androidx.compose.material3
public fun OutlinedTextField(value: String, onValueChange: (String) -> Unit, modifier: Modifier = ..., enabled: Boolean = ..., readOnly: Boolean = ..., textStyle: TextStyle = ..., label: (() -> Unit)? = ..., placeholder: (() -> Unit)? = ..., leadingIcon: (() -> Unit)? = ..., trailingIcon: (() -> Unit)? = ..., prefix: (() -> Unit)? = ..., suffix: (() -> Unit)? = ..., supportingText: (() -> Unit)? = ..., isError: Boolean = ..., visualTransformation: VisualTransformation = ..., keyboardOptions: KeyboardOptions = ..., keyboardActions: KeyboardActions = ..., singleLine: Boolean = ..., maxLines: Int = ..., minLines: Int = ..., interactionSource: MutableInteractionSource = ..., shape: Shape = ..., colors: TextFieldColors = ...): Unit defined in androidx.compose.material3
e: file:///workspace/android/app/src/main/java/com/hydra/panel/ui/screens/ClientsScreen.kt:330:46 Unresolved reference: it
e: file:///workspace/android/app/src/main/java/com/hydra/panel/ui/screens/ClientsScreen.kt:330:84 @Composable invocations can only happen from the context of a @Composable function
e: file:///workspace/android/app/src/main/java/com/hydra/panel/ui/screens/ClientsScreen.kt:333:17 None of the following functions can be called with the arguments supplied: 
public fun OutlinedTextField(value: TextFieldValue, onValueChange: (TextFieldValue) -> Unit, modifier: Modifier = ..., enabled: Boolean = ..., readOnly: Boolean = ..., textStyle: TextStyle = ..., label: (() -> Unit)? = ..., placeholder: (() -> Unit)? = ..., leadingIcon: (() -> Unit)? = ..., trailingIcon: (() -> Unit)? = ..., prefix: (() -> Unit)? = ..., suffix: (() -> Unit)? = ..., supportingText: (() -> Unit)? = ..., isError: Boolean = ..., visualTransformation: VisualTransformation = ..., keyboardOptions: KeyboardOptions = ..., keyboardActions: KeyboardActions = ..., singleLine: Boolean = ..., maxLines: Int = ..., minLines: Int = ..., interactionSource: MutableInteractionSource = ..., shape: Shape = ..., colors: TextFieldColors = ...): Unit defined in androidx.compose.material3
public fun OutlinedTextField(value: String, onValueChange: (String) -> Unit, modifier: Modifier = ..., enabled: Boolean = ..., readOnly: Boolean = ..., textStyle: TextStyle = ..., label: (() -> Unit)? = ..., placeholder: (() -> Unit)? = ..., leadingIcon: (() -> Unit)? = ..., trailingIcon: (() -> Unit)? = ..., prefix: (() -> Unit)? = ..., suffix: (() -> Unit)? = ..., supportingText: (() -> Unit)? = ..., isError: Boolean = ..., visualTransformation: VisualTransformation = ..., keyboardOptions: KeyboardOptions = ..., keyboardActions: KeyboardActions = ..., singleLine: Boolean = ..., maxLines: Int = ..., minLines: Int = ..., interactionSource: MutableInteractionSource = ..., shape: Shape = ..., colors: TextFieldColors = ...): Unit defined in androidx.compose.material3
e: file:///workspace/android/app/src/main/java/com/hydra/panel/ui/screens/ClientsScreen.kt:333:52 Unresolved reference: it
e: file:///workspace/android/app/src/main/java/com/hydra/panel/ui/screens/ClientsScreen.kt:333:68 @Composable invocations can only happen from the context of a @Composable function
e: file:///workspace/android/app/src/main/java/com/hydra/panel/ui/screens/ClientsScreen.kt:350:17 None of the following functions can be called with the arguments supplied: 
public fun OutlinedTextField(value: TextFieldValue, onValueChange: (TextFieldValue) -> Unit, modifier: Modifier = ..., enabled: Boolean = ..., readOnly: Boolean = ..., textStyle: TextStyle = ..., label: (() -> Unit)? = ..., placeholder: (() -> Unit)? = ..., leadingIcon: (() -> Unit)? = ..., trailingIcon: (() -> Unit)? = ..., prefix: (() -> Unit)? = ..., suffix: (() -> Unit)? = ..., supportingText: (() -> Unit)? = ..., isError: Boolean = ..., visualTransformation: VisualTransformation = ..., keyboardOptions: KeyboardOptions = ..., keyboardActions: KeyboardActions = ..., singleLine: Boolean = ..., maxLines: Int = ..., minLines: Int = ..., interactionSource: MutableInteractionSource = ..., shape: Shape = ..., colors: TextFieldColors = ...): Unit defined in androidx.compose.material3
public fun OutlinedTextField(value: String, onValueChange: (String) -> Unit, modifier: Modifier = ..., enabled: Boolean = ..., readOnly: Boolean = ..., textStyle: TextStyle = ..., label: (() -> Unit)? = ..., placeholder: (() -> Unit)? = ..., leadingIcon: (() -> Unit)? = ..., trailingIcon: (() -> Unit)? = ..., prefix: (() -> Unit)? = ..., suffix: (() -> Unit)? = ..., supportingText: (() -> Unit)? = ..., isError: Boolean = ..., visualTransformation: VisualTransformation = ..., keyboardOptions: KeyboardOptions = ..., keyboardActions: KeyboardActions = ..., singleLine: Boolean = ..., maxLines: Int = ..., minLines: Int = ..., interactionSource: MutableInteractionSource = ..., shape: Shape = ..., colors: TextFieldColors = ...): Unit defined in androidx.compose.material3
e: file:///workspace/android/app/src/main/java/com/hydra/panel/ui/screens/ClientsScreen.kt:350:50 Unresolved reference: it
e: file:///workspace/android/app/src/main/java/com/hydra/panel/ui/screens/ClientsScreen.kt:350:88 @Composable invocations can only happen from the context of a @Composable function
e: file:///workspace/android/app/src/main/java/com/hydra/panel/ui/screens/ClientsScreen.kt:352:17 None of the following functions can be called with the arguments supplied: 
public fun OutlinedTextField(value: TextFieldValue, onValueChange: (TextFieldValue) -> Unit, modifier: Modifier = ..., enabled: Boolean = ..., readOnly: Boolean = ..., textStyle: TextStyle = ..., label: (() -> Unit)? = ..., placeholder: (() -> Unit)? = ..., leadingIcon: (() -> Unit)? = ..., trailingIcon: (() -> Unit)? = ..., prefix: (() -> Unit)? = ..., suffix: (() -> Unit)? = ..., supportingText: (() -> Unit)? = ..., isError: Boolean = ..., visualTransformation: VisualTransformation = ..., keyboardOptions: KeyboardOptions = ..., keyboardActions: KeyboardActions = ..., singleLine: Boolean = ..., maxLines: Int = ..., minLines: Int = ..., interactionSource: MutableInteractionSource = ..., shape: Shape = ..., colors: TextFieldColors = ...): Unit defined in androidx.compose.material3
public fun OutlinedTextField(value: String, onValueChange: (String) -> Unit, modifier: Modifier = ..., enabled: Boolean = ..., readOnly: Boolean = ..., textStyle: TextStyle = ..., label: (() -> Unit)? = ..., placeholder: (() -> Unit)? = ..., leadingIcon: (() -> Unit)? = ..., trailingIcon: (() -> Unit)? = ..., prefix: (() -> Unit)? = ..., suffix: (() -> Unit)? = ..., supportingText: (() -> Unit)? = ..., isError: Boolean = ..., visualTransformation: VisualTransformation = ..., keyboardOptions: KeyboardOptions = ..., keyboardActions: KeyboardActions = ..., singleLine: Boolean = ..., maxLines: Int = ..., minLines: Int = ..., interactionSource: MutableInteractionSource = ..., shape: Shape = ..., colors: TextFieldColors = ...): Unit defined in androidx.compose.material3
e: file:///workspace/android/app/src/main/java/com/hydra/panel/ui/screens/ClientsScreen.kt:352:56 Unresolved reference: it
e: file:///workspace/android/app/src/main/java/com/hydra/panel/ui/screens/ClientsScreen.kt:352:94 @Composable invocations can only happen from the context of a @Composable function
e: file:///workspace/android/app/src/main/java/com/hydra/panel/ui/screens/DashboardScreen.kt:91:25 @Composable invocations can only happen from the context of a @Composable function
e: file:///workspace/android/app/src/main/java/com/hydra/panel/ui/screens/DevicesScreen.kt:99:21 @Composable invocations can only happen from the context of a @Composable function
e: file:///workspace/android/app/src/main/java/com/hydra/panel/ui/screens/KeysScreen.kt:84:21 @Composable invocations can only happen from the context of a @Composable function
e: file:///workspace/android/app/src/main/java/com/hydra/panel/ui/screens/LoginScreen.kt:96:74 @Composable invocations can only happen from the context of a @Composable function
e: file:///workspace/android/app/src/main/java/com/hydra/panel/ui/screens/LoginScreen.kt:101:41 'if' must have both main and 'else' branches if used as an expression
e: file:///workspace/android/app/src/main/java/com/hydra/panel/ui/screens/LogsConfigsScreens.kt:169:70 Unresolved reference: KeyboardType
e: file:///workspace/android/app/src/main/java/com/hydra/panel/ui/screens/ReportsScreen.kt:60:40 @Composable invocations can only happen from the context of a @Composable function
e: file:///workspace/android/app/src/main/java/com/hydra/panel/ui/screens/ServerDetailScreen.kt:84:122 The integer literal does not conform to the expected type Nothing
e: file:///workspace/android/app/src/main/java/com/hydra/panel/ui/screens/ServerDetailScreen.kt:104:25 @Composable invocations can only happen from the context of a @Composable function
e: file:///workspace/android/app/src/main/java/com/hydra/panel/ui/screens/ServerDetailScreen.kt:123:25 @Composable invocations can only happen from the context of a @Composable function
e: file:///workspace/android/app/src/main/java/com/hydra/panel/ui/screens/ServersScreen.kt:70:24 Unexpected tokens (use ';' to separate expressions on the same line)
e: file:///workspace/android/app/src/main/java/com/hydra/panel/ui/screens/ServersScreen.kt:61:25 @Composable invocations can only happen from the context of a @Composable function
e: file:///workspace/android/app/src/main/java/com/hydra/panel/ui/screens/ServersScreen.kt:61:77 @Composable invocations can only happen from the context of a @Composable function
e: file:///workspace/android/app/src/main/java/com/hydra/panel/ui/screens/ServersScreen.kt:61:119 @Composable invocations can only happen from the context of a @Composable function
e: file:///workspace/android/app/src/main/java/com/hydra/panel/ui/screens/ServersScreen.kt:70:34 Unresolved reference: it
e: file:///workspace/android/app/src/main/java/com/hydra/panel/ui/screens/ServersScreen.kt:70:42 Unresolved reference. None of the following candidates is applicable because of receiver type mismatch: 
public inline fun <T> Iterable<TypeVariable(T)>.forEach(action: (TypeVariable(T)) -> Unit): Unit defined in kotlin.collections
public inline fun <K, V> Map<out TypeVariable(K), TypeVariable(V)>.forEach(action: (Map.Entry<TypeVariable(K), TypeVariable(V)>) -> Unit): Unit defined in kotlin.collections
e: file:///workspace/android/app/src/main/java/com/hydra/panel/ui/screens/ServersScreen.kt:70:52 Cannot infer a type for this parameter. Please specify it explicitly.
e: file:///workspace/android/app/src/main/java/com/hydra/panel/ui/screens/ServersScreen.kt:71:21 @Composable invocations can only happen from the context of a @Composable function
e: file:///workspace/android/app/src/main/java/com/hydra/panel/ui/screens/ServersScreen.kt:130:17 None of the following functions can be called with the arguments supplied: 
public fun OutlinedTextField(value: TextFieldValue, onValueChange: (TextFieldValue) -> Unit, modifier: Modifier = ..., enabled: Boolean = ..., readOnly: Boolean = ..., textStyle: TextStyle = ..., label: (() -> Unit)? = ..., placeholder: (() -> Unit)? = ..., leadingIcon: (() -> Unit)? = ..., trailingIcon: (() -> Unit)? = ..., prefix: (() -> Unit)? = ..., suffix: (() -> Unit)? = ..., supportingText: (() -> Unit)? = ..., isError: Boolean = ..., visualTransformation: VisualTransformation = ..., keyboardOptions: KeyboardOptions = ..., keyboardActions: KeyboardActions = ..., singleLine: Boolean = ..., maxLines: Int = ..., minLines: Int = ..., interactionSource: MutableInteractionSource = ..., shape: Shape = ..., colors: TextFieldColors = ...): Unit defined in androidx.compose.material3
public fun OutlinedTextField(value: String, onValueChange: (String) -> Unit, modifier: Modifier = ..., enabled: Boolean = ..., readOnly: Boolean = ..., textStyle: TextStyle = ..., label: (() -> Unit)? = ..., placeholder: (() -> Unit)? = ..., leadingIcon: (() -> Unit)? = ..., trailingIcon: (() -> Unit)? = ..., prefix: (() -> Unit)? = ..., suffix: (() -> Unit)? = ..., supportingText: (() -> Unit)? = ..., isError: Boolean = ..., visualTransformation: VisualTransformation = ..., keyboardOptions: KeyboardOptions = ..., keyboardActions: KeyboardActions = ..., singleLine: Boolean = ..., maxLines: Int = ..., minLines: Int = ..., interactionSource: MutableInteractionSource = ..., shape: Shape = ..., colors: TextFieldColors = ...): Unit defined in androidx.compose.material3
e: file:///workspace/android/app/src/main/java/com/hydra/panel/ui/screens/ServersScreen.kt:130:46 Unresolved reference: it
e: file:///workspace/android/app/src/main/java/com/hydra/panel/ui/screens/ServersScreen.kt:130:62 @Composable invocations can only happen from the context of a @Composable function
e: file:///workspace/android/app/src/main/java/com/hydra/panel/ui/screens/ServersScreen.kt:136:48 None of the following functions can be called with the arguments supplied: 
public fun OutlinedTextField(value: TextFieldValue, onValueChange: (TextFieldValue) -> Unit, modifier: Modifier = ..., enabled: Boolean = ..., readOnly: Boolean = ..., textStyle: TextStyle = ..., label: (() -> Unit)? = ..., placeholder: (() -> Unit)? = ..., leadingIcon: (() -> Unit)? = ..., trailingIcon: (() -> Unit)? = ..., prefix: (() -> Unit)? = ..., suffix: (() -> Unit)? = ..., supportingText: (() -> Unit)? = ..., isError: Boolean = ..., visualTransformation: VisualTransformation = ..., keyboardOptions: KeyboardOptions = ..., keyboardActions: KeyboardActions = ..., singleLine: Boolean = ..., maxLines: Int = ..., minLines: Int = ..., interactionSource: MutableInteractionSource = ..., shape: Shape = ..., colors: TextFieldColors = ...): Unit defined in androidx.compose.material3
public fun OutlinedTextField(value: String, onValueChange: (String) -> Unit, modifier: Modifier = ..., enabled: Boolean = ..., readOnly: Boolean = ..., textStyle: TextStyle = ..., label: (() -> Unit)? = ..., placeholder: (() -> Unit)? = ..., leadingIcon: (() -> Unit)? = ..., trailingIcon: (() -> Unit)? = ..., prefix: (() -> Unit)? = ..., suffix: (() -> Unit)? = ..., supportingText: (() -> Unit)? = ..., isError: Boolean = ..., visualTransformation: VisualTransformation = ..., keyboardOptions: KeyboardOptions = ..., keyboardActions: KeyboardActions = ..., singleLine: Boolean = ..., maxLines: Int = ..., minLines: Int = ..., interactionSource: MutableInteractionSource = ..., shape: Shape = ..., colors: TextFieldColors = ...): Unit defined in androidx.compose.material3
e: file:///workspace/android/app/src/main/java/com/hydra/panel/ui/screens/ServersScreen.kt:136:77 Unresolved reference: it
e: file:///workspace/android/app/src/main/java/com/hydra/panel/ui/screens/ServersScreen.kt:136:115 @Composable invocations can only happen from the context of a @Composable function
e: file:///workspace/android/app/src/main/java/com/hydra/panel/ui/screens/ServersScreen.kt:137:48 None of the following functions can be called with the arguments supplied: 
public fun OutlinedTextField(value: TextFieldValue, onValueChange: (TextFieldValue) -> Unit, modifier: Modifier = ..., enabled: Boolean = ..., readOnly: Boolean = ..., textStyle: TextStyle = ..., label: (() -> Unit)? = ..., placeholder: (() -> Unit)? = ..., leadingIcon: (() -> Unit)? = ..., trailingIcon: (() -> Unit)? = ..., prefix: (() -> Unit)? = ..., suffix: (() -> Unit)? = ..., supportingText: (() -> Unit)? = ..., isError: Boolean = ..., visualTransformation: VisualTransformation = ..., keyboardOptions: KeyboardOptions = ..., keyboardActions: KeyboardActions = ..., singleLine: Boolean = ..., maxLines: Int = ..., minLines: Int = ..., interactionSource: MutableInteractionSource = ..., shape: Shape = ..., colors: TextFieldColors = ...): Unit defined in androidx.compose.material3
public fun OutlinedTextField(value: String, onValueChange: (String) -> Unit, modifier: Modifier = ..., enabled: Boolean = ..., readOnly: Boolean = ..., textStyle: TextStyle = ..., label: (() -> Unit)? = ..., placeholder: (() -> Unit)? = ..., leadingIcon: (() -> Unit)? = ..., trailingIcon: (() -> Unit)? = ..., prefix: (() -> Unit)? = ..., suffix: (() -> Unit)? = ..., supportingText: (() -> Unit)? = ..., isError: Boolean = ..., visualTransformation: VisualTransformation = ..., keyboardOptions: KeyboardOptions = ..., keyboardActions: KeyboardActions = ..., singleLine: Boolean = ..., maxLines: Int = ..., minLines: Int = ..., interactionSource: MutableInteractionSource = ..., shape: Shape = ..., colors: TextFieldColors = ...): Unit defined in androidx.compose.material3
e: file:///workspace/android/app/src/main/java/com/hydra/panel/ui/screens/ServersScreen.kt:137:81 Unresolved reference: it
e: file:///workspace/android/app/src/main/java/com/hydra/panel/ui/screens/ServersScreen.kt:137:119 @Composable invocations can only happen from the context of a @Composable function
e: file:///workspace/android/app/src/main/java/com/hydra/panel/ui/screens/ServersScreen.kt:139:17 None of the following functions can be called with the arguments supplied: 
public fun OutlinedTextField(value: TextFieldValue, onValueChange: (TextFieldValue) -> Unit, modifier: Modifier = ..., enabled: Boolean = ..., readOnly: Boolean = ..., textStyle: TextStyle = ..., label: (() -> Unit)? = ..., placeholder: (() -> Unit)? = ..., leadingIcon: (() -> Unit)? = ..., trailingIcon: (() -> Unit)? = ..., prefix: (() -> Unit)? = ..., suffix: (() -> Unit)? = ..., supportingText: (() -> Unit)? = ..., isError: Boolean = ..., visualTransformation: VisualTransformation = ..., keyboardOptions: KeyboardOptions = ..., keyboardActions: KeyboardActions = ..., singleLine: Boolean = ..., maxLines: Int = ..., minLines: Int = ..., interactionSource: MutableInteractionSource = ..., shape: Shape = ..., colors: TextFieldColors = ...): Unit defined in androidx.compose.material3
public fun OutlinedTextField(value: String, onValueChange: (String) -> Unit, modifier: Modifier = ..., enabled: Boolean = ..., readOnly: Boolean = ..., textStyle: TextStyle = ..., label: (() -> Unit)? = ..., placeholder: (() -> Unit)? = ..., leadingIcon: (() -> Unit)? = ..., trailingIcon: (() -> Unit)? = ..., prefix: (() -> Unit)? = ..., suffix: (() -> Unit)? = ..., supportingText: (() -> Unit)? = ..., isError: Boolean = ..., visualTransformation: VisualTransformation = ..., keyboardOptions: KeyboardOptions = ..., keyboardActions: KeyboardActions = ..., singleLine: Boolean = ..., maxLines: Int = ..., minLines: Int = ..., interactionSource: MutableInteractionSource = ..., shape: Shape = ..., colors: TextFieldColors = ...): Unit defined in androidx.compose.material3
e: file:///workspace/android/app/src/main/java/com/hydra/panel/ui/screens/ServersScreen.kt:139:50 Unresolved reference: it
e: file:///workspace/android/app/src/main/java/com/hydra/panel/ui/screens/ServersScreen.kt:139:66 @Composable invocations can only happen from the context of a @Composable function
e: file:///workspace/android/app/src/main/java/com/hydra/panel/ui/screens/SettingsScreen.kt:74:13 None of the following functions can be called with the arguments supplied: 
public fun Text(text: AnnotatedString, modifier: Modifier = ..., color: Color = ..., fontSize: TextUnit = ..., fontStyle: FontStyle? = ..., fontWeight: FontWeight? = ..., fontFamily: FontFamily? = ..., letterSpacing: TextUnit = ..., textDecoration: TextDecoration? = ..., textAlign: TextAlign? = ..., lineHeight: TextUnit = ..., overflow: TextOverflow = ..., softWrap: Boolean = ..., maxLines: Int = ..., minLines: Int = ..., inlineContent: Map<String, InlineTextContent> = ..., onTextLayout: (TextLayoutResult) -> Unit = ..., style: TextStyle = ...): Unit defined in androidx.compose.material3
public fun Text(text: String, modifier: Modifier = ..., color: Color = ..., fontSize: TextUnit = ..., fontStyle: FontStyle? = ..., fontWeight: FontWeight? = ..., fontFamily: FontFamily? = ..., letterSpacing: TextUnit = ..., textDecoration: TextDecoration? = ..., textAlign: TextAlign? = ..., lineHeight: TextUnit = ..., overflow: TextOverflow = ..., softWrap: Boolean = ..., maxLines: Int = ..., minLines: Int = ..., onTextLayout: ((TextLayoutResult) -> Unit)? = ..., style: TextStyle = ...): Unit defined in androidx.compose.material3
e: file:///workspace/android/app/src/main/java/com/hydra/panel/ui/screens/SettingsScreen.kt:129:17 @Composable invocations can only happen from the context of a @Composable function
e: file:///workspace/android/app/src/main/java/com/hydra/panel/ui/screens/SettingsScreen.kt:250:13 None of the following functions can be called with the arguments supplied: 
public fun Text(text: AnnotatedString, modifier: Modifier = ..., color: Color = ..., fontSize: TextUnit = ..., fontStyle: FontStyle? = ..., fontWeight: FontWeight? = ..., fontFamily: FontFamily? = ..., letterSpacing: TextUnit = ..., textDecoration: TextDecoration? = ..., textAlign: TextAlign? = ..., lineHeight: TextUnit = ..., overflow: TextOverflow = ..., softWrap: Boolean = ..., maxLines: Int = ..., minLines: Int = ..., inlineContent: Map<String, InlineTextContent> = ..., onTextLayout: (TextLayoutResult) -> Unit = ..., style: TextStyle = ...): Unit defined in androidx.compose.material3
public fun Text(text: String, modifier: Modifier = ..., color: Color = ..., fontSize: TextUnit = ..., fontStyle: FontStyle? = ..., fontWeight: FontWeight? = ..., fontFamily: FontFamily? = ..., letterSpacing: TextUnit = ..., textDecoration: TextDecoration? = ..., textAlign: TextAlign? = ..., lineHeight: TextUnit = ..., overflow: TextOverflow = ..., softWrap: Boolean = ..., maxLines: Int = ..., minLines: Int = ..., onTextLayout: ((TextLayoutResult) -> Unit)? = ..., style: TextStyle = ...): Unit defined in androidx.compose.material3
e: file:///workspace/android/app/src/main/java/com/hydra/panel/ui/screens/SettingsScreen.kt:257:17 @Composable invocations can only happen from the context of a @Composable function

FAILURE: Build failed with an exception.

* What went wrong:
Execution failed for task ':app:compileDebugKotlin'.
> A failure occurred while executing org.jetbrains.kotlin.compilerRunner.GradleCompilerRunnerWithWorkers$GradleKotlinCompilerWorkAction
   > Compilation error. See log for more details

* Try:
> Run with --stacktrace option to get the stack trace.
> Run with --info or --debug option to get more log output.
> Run with --scan to get full insights.
> Get more help at https://help.gradle.org.

BUILD FAILED in 1m 26s
